Component: ARM Compiler 5.06 update 5 (build 528) Tool: armlink [4d35e2]

==============================================================================

Section Cross References

    main.o(i.ADC_IRQHandler) refers to main.o(.data) for .data
    main.o(i.ADC_IRQ_ConfigAndGetValue_10bit_Delay81us) refers to main.o(.emb_text) for __asm___6_main_c_bfce95c2__nrf_delay_us
    main.o(i.ADC_IRQ_ConfigAndGetValue_10bit_Delay81us) refers to main.o(.data) for .data
    main.o(i.ADC_IRQ_ConfigAndGetValue_8bit_Delay33us_not_use) refers to main.o(.emb_text) for __asm___6_main_c_bfce95c2__nrf_delay_us
    main.o(i.ADC_IRQ_ConfigAndGetValue_8bit_Delay33us_not_use) refers to main.o(.data) for .data
    main.o(i.DIP_SWITCH_check_state) refers to main.o(.data) for .data
    main.o(i.blink_led_save) refers to main.o(.constdata) for .constdata
    main.o(i.check_battery_to_off) refers to main.o(.data) for .data
    main.o(i.config_4067_single_ch) refers to main.o(i.nrf_gpio_pin_clear) for nrf_gpio_pin_clear
    main.o(i.config_4067_single_ch) refers to main.o(i.nrf_gpio_pin_set) for nrf_gpio_pin_set
    main.o(i.config_HW) refers to service_51822.o(i.config_bsp_nus) for config_bsp_nus
    main.o(i.config_HW) refers to main.o(i.config_input_gpio_3switches) for config_input_gpio_3switches
    main.o(i.config_HW) refers to main.o(i.config_timer1_mainloop) for config_timer1_mainloop
    main.o(i.config_HW) refers to main.o(i.config_venus_led_pins) for config_venus_led_pins
    main.o(i.config_HW) refers to main.o(i.config_venus_adc_block) for config_venus_adc_block
    main.o(i.config_HW) refers to main.o(i.config_venus_4067) for config_venus_4067
    main.o(i.config_HW) refers to main.o(i.config_output_gpio_2pins) for config_output_gpio_2pins
    main.o(i.config_HW) refers to main.o(i.DIP_SWITCH_check_state) for DIP_SWITCH_check_state
    main.o(i.config_HW) refers to service_51822.o(i.config_gap_param_and_init_nus) for config_gap_param_and_init_nus
    main.o(i.config_HW) refers to main.o(.data) for .data
    main.o(i.config_adc_each_port) refers to main.o(i.nrf_adc_input_select) for nrf_adc_input_select
    main.o(i.config_adc_each_port) refers to main.o(.constdata) for .constdata
    main.o(i.config_input_gpio_3switches) refers to main.o(i.nrf_gpio_cfg_input) for nrf_gpio_cfg_input
    main.o(i.config_output_gpio_2pins) refers to main.o(i.nrf_gpio_cfg_output) for nrf_gpio_cfg_output
    main.o(i.config_timer1_mainloop) refers to nrf_drv_timer.o(i.nrf_drv_timer_init) for nrf_drv_timer_init
    main.o(i.config_timer1_mainloop) refers to app_error.o(i.app_error_handler_bare) for app_error_handler_bare
    main.o(i.config_timer1_mainloop) refers to nrf_drv_timer.o(i.nrf_drv_timer_extended_compare) for nrf_drv_timer_extended_compare
    main.o(i.config_timer1_mainloop) refers to nrf_drv_timer.o(i.nrf_drv_timer_enable) for nrf_drv_timer_enable
    main.o(i.config_timer1_mainloop) refers to main.o(i.timer_mainloop_handler) for timer_mainloop_handler
    main.o(i.config_timer1_mainloop) refers to main.o(.constdata) for .constdata
    main.o(i.config_venus_4067) refers to main.o(i.nrf_gpio_cfg_output) for nrf_gpio_cfg_output
    main.o(i.config_venus_adc_block) refers to main.o(i.config_adc_each_port) for config_adc_each_port
    main.o(i.config_venus_led_pins) refers to main.o(i.nrf_gpio_cfg_output) for nrf_gpio_cfg_output
    main.o(i.main) refers to main.o(i.config_HW) for config_HW
    main.o(i.main) refers to main.o(i.nrf_gpio_cfg_output) for nrf_gpio_cfg_output
    main.o(i.measure_adc_battery_half) refers to main.o(i.nrf_adc_input_select) for nrf_adc_input_select
    main.o(i.measure_adc_battery_half) refers to main.o(i.ADC_IRQ_ConfigAndGetValue_10bit_Delay81us) for ADC_IRQ_ConfigAndGetValue_10bit_Delay81us
    main.o(i.measure_adc_battery_half) refers to uidiv.o(.text) for __aeabi_uidivmod
    main.o(i.measure_adc_battery_half) refers to main.o(.data) for .data
    main.o(i.measure_adc_seat_16ch) refers to main.o(i.nrf_adc_input_select) for nrf_adc_input_select
    main.o(i.measure_adc_seat_16ch) refers to main.o(i.config_4067_single_ch) for config_4067_single_ch
    main.o(i.measure_adc_seat_16ch) refers to main.o(i.ADC_IRQ_ConfigAndGetValue_10bit_Delay81us) for ADC_IRQ_ConfigAndGetValue_10bit_Delay81us
    main.o(i.measure_adc_seat_16ch) refers to main.o(i.reorder_adc_scanned_buffer_VENUS) for reorder_adc_scanned_buffer_VENUS
    main.o(i.measure_adc_seat_16ch) refers to uidiv.o(.text) for __aeabi_uidivmod
    main.o(i.measure_adc_seat_16ch) refers to main.o(.data) for .data
    main.o(i.measure_adc_seat_16ch) refers to main.o(.bss) for .bss
    main.o(i.nrf_gpio_cfg_input) refers to main.o(i.nrf_gpio_cfg) for nrf_gpio_cfg
    main.o(i.nrf_gpio_cfg_output) refers to main.o(i.nrf_gpio_cfg) for nrf_gpio_cfg
    main.o(i.on_BLE_receive) refers to main.o(i.nrf_gpio_pin_set) for nrf_gpio_pin_set
    main.o(i.on_BLE_receive) refers to main.o(i.nrf_gpio_pin_clear) for nrf_gpio_pin_clear
[...]
    Removing app_button.o(i.app_button_is_pushed), (44 bytes).
    Removing app_button.o(i.detection_delay_timeout_handler), (96 bytes).
    Removing app_button.o(i.gpiote_event_handler), (80 bytes).
    Removing app_button.o(.bss), (32 bytes).
    Removing app_button.o(.constdata), (8 bytes).
    Removing app_button.o(.data), (20 bytes).
    Removing app_error.o(.rev16_text), (4 bytes).
    Removing app_error.o(.revsh_text), (4 bytes).
    Removing app_error.o(i.app_error_handler), (28 bytes).
    Removing app_error.o(i.app_error_save_and_stop), (100 bytes).
    Removing app_error.o(.bss), (32 bytes).
    Removing app_error_weak.o(.rev16_text), (4 bytes).
    Removing app_error_weak.o(.revsh_text), (4 bytes).
    Removing app_fifo.o(.rev16_text), (4 bytes).
    Removing app_fifo.o(.revsh_text), (4 bytes).
    Removing app_fifo.o(i.app_fifo_flush), (8 bytes).
    Removing app_fifo.o(i.app_fifo_get), (22 bytes).
    Removing app_fifo.o(i.app_fifo_init), (36 bytes).
    Removing app_fifo.o(i.app_fifo_peek), (34 bytes).
    Removing app_fifo.o(i.app_fifo_put), (26 bytes).
    Removing app_fifo.o(i.app_fifo_read), (72 bytes).
    Removing app_fifo.o(i.app_fifo_write), (78 bytes).
    Removing app_fifo.o(i.fifo_get), (20 bytes).
    Removing app_fifo.o(i.fifo_put), (18 bytes).
    Removing app_timer.o(.rev16_text), (4 bytes).
    Removing app_timer.o(.revsh_text), (4 bytes).
    Removing app_timer.o(i.app_timer_cnt_diff_compute), (12 bytes).
    Removing app_timer.o(i.app_timer_cnt_get), (16 bytes).
    Removing app_timer.o(i.app_timer_stop_all), (68 bytes).
    Removing app_util_platform.o(.rev16_text), (4 bytes).
    Removing app_util_platform.o(.revsh_text), (4 bytes).
    Removing app_util_platform.o(i.app_util_critical_region_enter), (60 bytes).
    Removing app_util_platform.o(i.app_util_critical_region_exit), (44 bytes).
    Removing app_util_platform.o(i.app_util_disable_irq), (16 bytes).
    Removing app_util_platform.o(i.app_util_enable_irq), (20 bytes).
    Removing app_util_platform.o(.data), (4 bytes).
    Removing fstorage.o(.rev16_text), (4 bytes).
    Removing fstorage.o(.revsh_text), (4 bytes).
    Removing fstorage.o(i.check_config), (32 bytes).
    Removing fstorage.o(i.fs_erase), (120 bytes).
    Removing fstorage.o(i.fs_init), (132 bytes).
    Removing fstorage.o(i.fs_store), (128 bytes).
    Removing fstorage.o(i.fs_sys_event_handler), (104 bytes).
    Removing fstorage.o(i.on_operation_success), (84 bytes).
    Removing fstorage.o(i.queue_advance), (44 bytes).
    Removing fstorage.o(i.queue_get_next_free), (56 bytes).
    Removing fstorage.o(i.queue_process), (108 bytes).
    Removing fstorage.o(i.queue_start), (28 bytes).
    Removing fstorage.o(i.send_event), (66 bytes).
    Removing fstorage.o(.data), (2 bytes).
    Removing nrf_assert.o(.rev16_text), (4 bytes).
    Removing nrf_assert.o(.revsh_text), (4 bytes).
    Removing retarget.o(.rev16_text), (4 bytes).
    Removing retarget.o(.revsh_text), (4 bytes).
    Removing retarget.o(i.fgetc), (18 bytes).
    Removing retarget.o(i.fputc), (14 bytes).
    Removing retarget.o(.data), (4 bytes).
    Removing retarget.o(.data), (4 bytes).
    Removing segger_rtt.o(i.SEGGER_RTT_ConfigDownBuffer), (76 bytes).
    Removing segger_rtt.o(i.SEGGER_RTT_ConfigUpBuffer), (76 bytes).
    Removing segger_rtt.o(i.SEGGER_RTT_GetKey), (28 bytes).
    Removing segger_rtt.o(i.SEGGER_RTT_HasData), (20 bytes).
    Removing segger_rtt.o(i.SEGGER_RTT_HasKey), (36 bytes).
    Removing segger_rtt.o(i.SEGGER_RTT_Init), (20 bytes).
    Removing segger_rtt.o(i.SEGGER_RTT_Read), (8 bytes).
    Removing segger_rtt.o(i.SEGGER_RTT_ReadNoLock), (128 bytes).
    Removing segger_rtt.o(i.SEGGER_RTT_SetNameDownBuffer), (48 bytes).
    Removing segger_rtt.o(i.SEGGER_RTT_SetNameUpBuffer), (48 bytes).
    Removing segger_rtt.o(i.SEGGER_RTT_SetTerminal), (104 bytes).
    Removing segger_rtt.o(i.SEGGER_RTT_TerminalOut), (148 bytes).
    Removing segger_rtt.o(i.SEGGER_RTT_WaitKey), (12 bytes).
    Removing segger_rtt.o(i.SEGGER_RTT_Write), (36 bytes).
    Removing segger_rtt.o(i.SEGGER_RTT_WriteNoLock), (92 bytes).
    Removing segger_rtt.o(i.SEGGER_RTT_WriteSkipNoLock), (108 bytes).
    Removing segger_rtt.o(i.SEGGER_RTT_WriteString), (24 bytes).
    Removing segger_rtt.o(i._DoInit), (108 bytes).
    Removing segger_rtt.o(i._GetAvailWriteSpace), (22 bytes).
    Removing segger_rtt.o(i._PostTerminalSwitch), (32 bytes).
    Removing segger_rtt.o(i._WriteBlocking), (96 bytes).
    Removing segger_rtt.o(i._WriteNoCheck), (60 bytes).
    Removing segger_rtt.o(.bss), (1160 bytes).
    Removing segger_rtt.o(.data), (17 bytes).
    Removing softdevice_handler.o(.rev16_text), (4 bytes).
    Removing softdevice_handler.o(.revsh_text), (4 bytes).
    Removing softdevice_handler.o(i.softdevice_handler_isEnabled), (12 bytes).
    Removing softdevice_handler.o(i.softdevice_handler_sd_disable), (24 bytes).
    Removing softdevice_handler.o(i.softdevice_sys_evt_handler_set), (20 bytes).
    Removing bsp.o(.rev16_text), (4 bytes).
    Removing bsp.o(.revsh_text), (4 bytes).
    Removing bsp.o(i.alert_timer_handler), (24 bytes).
    Removing bsp.o(i.bsp_button_is_pressed), (6 bytes).
    Removing bsp.o(i.bsp_buttons_disable), (4 bytes).
    Removing bsp.o(i.bsp_buttons_enable), (4 bytes).
    Removing bsp.o(i.bsp_buttons_state_get), (8 bytes).
    Removing bsp.o(i.bsp_indication_text_set), (8 bytes).
    Removing bsp.o(i.bsp_init), (76 bytes).
    Removing bsp.o(i.leds_timer_handler), (24 bytes).
    Removing bsp_btn_ble.o(.rev16_text), (4 bytes).
    Removing bsp_btn_ble.o(.revsh_text), (4 bytes).
    Removing bsp_btn_ble.o(i.bsp_btn_ble_init), (84 bytes).
    Removing arm_startup_nrf51.o(HEAP), (2048 bytes).
    Removing system_nrf51.o(.rev16_text), (4 bytes).
    Removing system_nrf51.o(.revsh_text), (4 bytes).
    Removing system_nrf51.o(i.SystemCoreClockUpdate), (16 bytes).

272 unused section(s) (total 15301 bytes) removed from the image.

==============================================================================

Image Symbol Table

    Local Symbols

    Symbol Name                              Value     Ov Type        Size  Object(Section)

    ../clib/microlib/division.c              0x00000000   Number         0  uidiv.o ABSOLUTE
    ../clib/microlib/division.c              0x00000000   Number         0  idiv.o ABSOLUTE
    ../clib/microlib/init/entry.s            0x00000000   Number         0  entry11b.o ABSOLUTE
    ../clib/microlib/init/entry.s            0x00000000   Number         0  entry11a.o ABSOLUTE
    ../clib/microlib/init/entry.s            0x00000000   Number         0  entry10b.o ABSOLUTE
    ../clib/microlib/init/entry.s            0x00000000   Number         0  entry.o ABSOLUTE
    ../clib/microlib/init/entry.s            0x00000000   Number         0  entry2.o ABSOLUTE
    ../clib/microlib/init/entry.s            0x00000000   Number         0  entry9b.o ABSOLUTE
    ../clib/microlib/init/entry.s            0x00000000   Number         0  entry5.o ABSOLUTE
    ../clib/microlib/init/entry.s            0x00000000   Number         0  entry10a.o ABSOLUTE
    ../clib/microlib/init/entry.s            0x00000000   Number         0  entry9a.o ABSOLUTE
    ../clib/microlib/init/entry.s            0x00000000   Number         0  entry8b.o ABSOLUTE
    ../clib/microlib/init/entry.s            0x00000000   Number         0  entry8a.o ABSOLUTE
    ../clib/microlib/init/entry.s            0x00000000   Number         0  entry7b.o ABSOLUTE
    ../clib/microlib/init/entry.s            0x00000000   Number         0  entry7a.o ABSOLUTE
    ../clib/microlib/string/memcmp.c         0x00000000   Number         0  memcmp.o ABSOLUTE
    ../clib/microlib/string/memcpy.c         0x00000000   Number         0  memcpya.o ABSOLUTE
    ../clib/microlib/string/memcpy.c         0x00000000   Number         0  memcpyb.o ABSOLUTE
    ../clib/microlib/string/memset.c         0x00000000   Number         0  memseta.o ABSOLUTE
    ../clib/microlib/string/strcpy.c         0x00000000   Number         0  strcpy.o ABSOLUTE
    ../clib/microlib/string/strlen.c         0x00000000   Number         0  strlen.o ABSOLUTE
    ../clib/microlib/string/strncpy.c        0x00000000   Number         0  strncpy.o ABSOLUTE
    ..\..\..\..\..\..\components\ble\ble_advertising\ble_advertising.c 0x00000000   Number         0  ble_advertising.o ABSOLUTE
    ..\..\..\..\..\..\components\ble\ble_services\ble_nus\ble_nus.c 0x00000000   Number         0  ble_nus.o ABSOLUTE
    ..\..\..\..\..\..\components\ble\common\ble_advdata.c 0x00000000   Number         0  ble_advdata.o ABSOLUTE
    ..\..\..\..\..\..\components\ble\common\ble_conn_params.c 0x00000000   Number         0  ble_conn_params.o ABSOLUTE
    ..\..\..\..\..\..\components\ble\common\ble_srv_common.c 0x00000000   Number         0  ble_srv_common.o ABSOLUTE
    ..\..\..\..\..\..\components\drivers_nrf\common\nrf_drv_common.c 0x00000000   Number         0  nrf_drv_common.o ABSOLUTE
    ..\..\..\..\..\..\components\drivers_nrf\delay\nrf_delay.c 0x00000000   Number         0  nrf_delay.o ABSOLUTE
    ..\..\..\..\..\..\components\drivers_nrf\gpiote\nrf_drv_gpiote.c 0x00000000   Number         0  nrf_drv_gpiote.o ABSOLUTE
    ..\..\..\..\..\..\components\drivers_nrf\pstorage\pstorage.c 0x00000000   Number         0  pstorage.o ABSOLUTE
    ..\..\..\..\..\..\components\drivers_nrf\timer\nrf_drv_timer.c 0x00000000   Number         0  nrf_drv_timer.o ABSOLUTE
    ..\..\..\..\..\..\components\drivers_nrf\uart\nrf_drv_uart.c 0x00000000   Number         0  nrf_drv_uart.o ABSOLUTE
    ..\..\..\..\..\..\components\libraries\button\app_button.c 0x00000000   Number         0  app_button.o ABSOLUTE
    ..\..\..\..\..\..\components\libraries\fifo\app_fifo.c 0x00000000   Number         0  app_fifo.o ABSOLUTE
    ..\..\..\..\..\..\components\libraries\fstorage\fstorage.c 0x00000000   Number         0  fstorage.o ABSOLUTE
    ..\..\..\..\..\..\components\libraries\timer\app_timer.c 0x00000000   Number         0  app_timer.o ABSOLUTE
    ..\..\..\..\..\..\components\libraries\uart\app_uart_fifo.c 0x00000000   Number         0  app_uart_fifo.o ABSOLUTE
    ..\..\..\..\..\..\components\libraries\uart\retarget.c 0x00000000   Number         0  retarget.o ABSOLUTE
    ..\..\..\..\..\..\components\libraries\util\app_error.c 0x00000000   Number         0  app_error.o ABSOLUTE
    ..\..\..\..\..\..\components\libraries\util\app_error_weak.c 0x00000000   Number         0  app_error_weak.o ABSOLUTE
    ..\..\..\..\..\..\components\libraries\util\app_util_platform.c 0x00000000   Number         0  app_util_platform.o ABSOLUTE
    ..\..\..\..\..\..\components\libraries\util\nrf_assert.c 0x00000000   Number         0  nrf_assert.o ABSOLUTE
    ..\..\..\..\..\..\components\softdevice\common\softdevice_handler\softdevice_handler.c 0x00000000   Number         0  softdevice_handler.o ABSOLUTE
    ..\..\..\..\..\..\external\segger_rtt\RTT_Syscalls_KEIL.c 0x00000000   Number         0  rtt_syscalls_keil.o ABSOLUTE
    ..\..\..\..\..\..\external\segger_rtt\SEGGER_RTT.c 0x00000000   Number         0  segger_rtt.o ABSOLUTE
    ..\..\..\..\..\..\external\segger_rtt\SEGGER_RTT_printf.c 0x00000000   Number         0  segger_rtt_printf.o ABSOLUTE
    ..\..\..\..\..\bsp_170628\bsp.c          0x00000000   Number         0  bsp.o ABSOLUTE
    ..\..\..\..\..\bsp_170628\bsp_btn_ble.c  0x00000000   Number         0  bsp_btn_ble.o ABSOLUTE
    ..\..\..\main.c                          0x00000000   Number         0  main.o ABSOLUTE
    ..\..\..\service_51822.c                 0x00000000   Number         0  service_51822.o ABSOLUTE
    ..\\..\\..\\..\\..\\..\\components\\ble\\ble_advertising\\ble_advertising.c 0x00000000   Number         0  ble_advertising.o ABSOLUTE
    ..\\..\\..\\..\\..\\..\\components\\ble\\ble_services\\ble_nus\\ble_nus.c 0x00000000   Number         0  ble_nus.o ABSOLUTE
    ..\\..\\..\\..\\..\\..\\components\\ble\\common\\ble_advdata.c 0x00000000   Number         0  ble_advdata.o ABSOLUTE
    ..\\..\\..\\..\\..\\..\\components\\ble\\common\\ble_conn_params.c 0x00000000   Number         0  ble_conn_params.o ABSOLUTE
    ..\\..\\..\\..\\..\\..\\components\\ble\\common\\ble_srv_common.c 0x00000000   Number         0  ble_srv_common.o ABSOLUTE
    ..\\..\\..\\..\\..\\..\\components\\drivers_nrf\\common\\nrf_drv_common.c 0x00000000   Number         0  nrf_drv_common.o ABSOLUTE
    ..\\..\\..\\..\\..\\..\\components\\drivers_nrf\\delay\\nrf_delay.c 0x00000000   Number         0  nrf_delay.o ABSOLUTE
    ..\\..\\..\\..\\..\\..\\components\\drivers_nrf\\gpiote\\nrf_drv_gpiote.c 0x00000000   Number         0  nrf_drv_gpiote.o ABSOLUTE
    ..\\..\\..\\..\\..\\..\\components\\drivers_nrf\\pstorage\\pstorage.c 0x00000000   Number         0  pstorage.o ABSOLUTE
    ..\\..\\..\\..\\..\\..\\components\\drivers_nrf\\timer\\nrf_drv_timer.c 0x00000000   Number         0  nrf_drv_timer.o ABSOLUTE
    ..\\..\\..\\..\\..\\..\\components\\drivers_nrf\\uart\\nrf_drv_uart.c 0x00000000   Number         0  nrf_drv_uart.o ABSOLUTE
    ..\\..\\..\\..\\..\\..\\components\\libraries\\button\\app_button.c 0x00000000   Number         0  app_button.o ABSOLUTE
    ..\\..\\..\\..\\..\\..\\components\\libraries\\fifo\\app_fifo.c 0x00000000   Number         0  app_fifo.o ABSOLUTE
    ..\\..\\..\\..\\..\\..\\components\\libraries\\fstorage\\fstorage.c 0x00000000   Number         0  fstorage.o ABSOLUTE
    ..\\..\\..\\..\\..\\..\\components\\libraries\\timer\\app_timer.c 0x00000000   Number         0  app_timer.o ABSOLUTE
    ..\\..\\..\\..\\..\\..\\components\\libraries\\uart\\app_uart_fifo.c 0x00000000   Number         0  app_uart_fifo.o ABSOLUTE
    ..\\..\\..\\..\\..\\..\\components\\libraries\\uart\\retarget.c 0x00000000   Number         0  retarget.o ABSOLUTE
    ..\\..\\..\\..\\..\\..\\components\\libraries\\util\\app_error.c 0x00000000   Number         0  app_error.o ABSOLUTE
    ..\\..\\..\\..\\..\\..\\components\\libraries\\util\\app_error_weak.c 0x00000000   Number         0  app_error_weak.o ABSOLUTE
    ..\\..\\..\\..\\..\\..\\components\\libraries\\util\\app_util_platform.c 0x00000000   Number         0  app_util_platform.o ABSOLUTE
    ..\\..\\..\\..\\..\\..\\components\\libraries\\util\\nrf_assert.c 0x00000000   Number         0  nrf_assert.o ABSOLUTE
    ..\\..\\..\\..\\..\\..\\components\\softdevice\\common\\softdevice_handler\\softdevice_handler.c 0x00000000   Number         0  softdevice_handler.o ABSOLUTE
    ..\\..\\..\\..\\..\\bsp_170628\\bsp.c    0x00000000   Number         0  bsp.o ABSOLUTE
    ..\\..\\..\\..\\..\\bsp_170628\\bsp_btn_ble.c 0x00000000   Number         0  bsp_btn_ble.o ABSOLUTE
    ..\\..\\..\\main.c                       0x00000000   Number         0  main.o ABSOLUTE
    ..\\..\\..\\service_51822.c              0x00000000   Number         0  service_51822.o ABSOLUTE
    RTE\Device\nRF51822_xxAA\arm_startup_nrf51.s 0x00000000   Number         0  arm_startup_nrf51.o ABSOLUTE
    RTE\Device\nRF51822_xxAA\system_nrf51.c  0x00000000   Number         0  system_nrf51.o ABSOLUTE
    RTE\\Device\\nRF51822_xxAA\\system_nrf51.c 0x00000000   Number         0  system_nrf51.o ABSOLUTE
    dc.s                                     0x00000000   Number         0  dc.o ABSOLUTE
    handlers.s                               0x00000000   Number         0  handlers.o ABSOLUTE
    init.s                                   0x00000000   Number         0  init.o ABSOLUTE
    RESET                                    0x0001b000   Section      192  arm_startup_nrf51.o(RESET)
    .ARM.Collect$$$$00000000                 0x0001b0c0   Section        0  entry.o(.ARM.Collect$$$$00000000)
    .ARM.Collect$$$$00000001                 0x0001b0c0   Section        4  entry2.o(.ARM.Collect$$$$00000001)
    .ARM.Collect$$$$00000004                 0x0001b0c4   Section        4  entry5.o(.ARM.Collect$$$$00000004)
    .ARM.Collect$$$$00000008                 0x0001b0c8   Section        0  entry7b.o(.ARM.Collect$$$$00000008)
    .ARM.Collect$$$$0000000A                 0x0001b0c8   Section        0  entry8b.o(.ARM.Collect$$$$0000000A)
    .ARM.Collect$$$$0000000B                 0x0001b0c8   Section        8  entry9a.o(.ARM.Collect$$$$0000000B)
    .ARM.Collect$$$$0000000D                 0x0001b0d0   Section        0  entry10a.o(.ARM.Collect$$$$0000000D)
    .ARM.Collect$$$$0000000F                 0x0001b0d0   Section        0  entry11a.o(.ARM.Collect$$$$0000000F)
    .ARM.Collect$$$$00002712                 0x0001b0d0   Section        4  entry2.o(.ARM.Collect$$$$00002712)
    __lit__00000000                          0x0001b0d0   Data           4  entry2.o(.ARM.Collect$$$$00002712)
    .emb_text                                0x0001b0d4   Section       30  main.o(.emb_text)
    .emb_text                                0x0001b0f4   Section       30  nrf_delay.o(.emb_text)
    .emb_text                                0x0001b114   Section       30  app_timer.o(.emb_text)
    .text                                    0x0001b134   Section       56  arm_startup_nrf51.o(.text)
    .text                                    0x0001b16c   Section        0  uidiv.o(.text)
    .text                                    0x0001b198   Section        0  memcpya.o(.text)
    .text                                    0x0001b1bc   Section        0  memseta.o(.text)
    .text                                    0x0001b1e0   Section        0  strncpy.o(.text)
    .text                                    0x0001b1fa   Section        0  strlen.o(.text)
    .text                                    0x0001b208   Section        0  memcmp.o(.text)
    .text                                    0x0001b224   Section       36  init.o(.text)
    i.ADC_IRQHandler                         0x0001b248   Section        0  main.o(i.ADC_IRQHandler)
    i.ADC_IRQ_ConfigAndGetValue_10bit_Delay81us 0x0001b264   Section        0  main.o(i.ADC_IRQ_ConfigAndGetValue_10bit_Delay81us)
    i.DIP_SWITCH_check_state                 0x0001b28c   Section        0  main.o(i.DIP_SWITCH_check_state)
    i.GPIOTE_IRQHandler                      0x0001b2c8   Section        0  nrf_drv_gpiote.o(i.GPIOTE_IRQHandler)
    i.NVIC_SetPriority                       0x0001b41c   Section        0  app_timer.o(i.NVIC_SetPriority)
    NVIC_SetPriority                         0x0001b41d   Thumb Code    60  app_timer.o(i.NVIC_SetPriority)
    i.RTC1_IRQHandler                        0x0001b460   Section        0  app_timer.o(i.RTC1_IRQHandler)
    i.SWI0_IRQHandler                        0x0001b480   Section        0  app_timer.o(i.SWI0_IRQHandler)
    i.SWI2_IRQHandler                        0x0001b488   Section        0  softdevice_handler.o(i.SWI2_IRQHandler)
    i.SystemInit                             0x0001b4a8   Section        0  system_nrf51.o(i.SystemInit)
    i.TIMER0_IRQHandler                      0x0001b548   Section        0  nrf_drv_timer.o(i.TIMER0_IRQHandler)
    i.TIMER1_IRQHandler                      0x0001b560   Section        0  nrf_drv_timer.o(i.TIMER1_IRQHandler)
    i.UART0_IRQHandler                       0x0001b578   Section        0  nrf_drv_uart.o(i.UART0_IRQHandler)
    i.__ARM_common_switch8                   0x0001b580   Section        0  ble_srv_common.o(i.__ARM_common_switch8)
    i.__scatterload_copy                     0x0001b59a   Section       14  handlers.o(i.__scatterload_copy)
    i.__scatterload_null                     0x0001b5a8   Section        2  handlers.o(i.__scatterload_null)
    i.__scatterload_zeroinit                 0x0001b5aa   Section       14  handlers.o(i.__scatterload_zeroinit)
    i.adv_data_encode                        0x0001b5b8   Section        0  ble_advdata.o(i.adv_data_encode)
    i.advertising_buttons_configure          0x0001b7ce   Section        0  bsp_btn_ble.o(i.advertising_buttons_configure)
    advertising_buttons_configure            0x0001b7cf   Thumb Code    60  bsp_btn_ble.o(i.advertising_buttons_configure)
    i.advertising_init_forever               0x0001b80c   Section        0  service_51822.o(i.advertising_init_forever)
    advertising_init_forever                 0x0001b80d   Thumb Code    88  service_51822.o(i.advertising_init_forever)
    i.app_error_fault_handler                0x0001b86c   Section        0  app_error_weak.o(i.app_error_fault_handler)
    i.app_error_handler_bare                 0x0001b888   Section        0  app_error.o(i.app_error_handler_bare)
    i.app_timer_create                       0x0001b8a0   Section        0  app_timer.o(i.app_timer_create)
    i.app_timer_init                         0x0001b8cc   Section        0  app_timer.o(i.app_timer_init)
    i.app_timer_start                        0x0001b95c   Section        0  app_timer.o(i.app_timer_start)
    i.app_timer_stop                         0x0001b9d8   Section        0  app_timer.o(i.app_timer_stop)
    i.ble_advdata_set                        0x0001ba2c   Section        0  ble_advdata.o(i.ble_advdata_set)
    i.ble_advertising_init                   0x0001ba94   Section        0  ble_advertising.o(i.ble_advertising_init)
    i.ble_advertising_on_ble_evt             0x0001bbb8   Section        0  ble_advertising.o(i.ble_advertising_on_ble_evt)
    i.ble_advertising_peer_address_clear     0x0001bc34   Section        0  ble_advertising.o(i.ble_advertising_peer_address_clear)
    ble_advertising_peer_address_clear       0x0001bc35   Thumb Code    12  ble_advertising.o(i.ble_advertising_peer_address_clear)
    i.ble_advertising_start                  0x0001bc44   Section        0  ble_advertising.o(i.ble_advertising_start)
    i.ble_conn_params_init                   0x0001be30   Section        0  ble_conn_params.o(i.ble_conn_params_init)
    i.ble_conn_params_on_ble_evt             0x0001be84   Section        0  ble_conn_params.o(i.ble_conn_params_on_ble_evt)
    i.ble_device_addr_encode                 0x0001bf14   Section        0  ble_advdata.o(i.ble_device_addr_encode)
    ble_device_addr_encode                   0x0001bf15   Thumb Code    94  ble_advdata.o(i.ble_device_addr_encode)
    i.ble_evt_dispatch                       0x0001bf74   Section        0  service_51822.o(i.ble_evt_dispatch)
    ble_evt_dispatch                         0x0001bf75   Thumb Code    36  service_51822.o(i.ble_evt_dispatch)
    i.ble_nus_init                           0x0001bf9c   Section        0  ble_nus.o(i.ble_nus_init)
    i.ble_nus_on_ble_evt                     0x0001c004   Section        0  ble_nus.o(i.ble_nus_on_ble_evt)
    i.ble_nus_string_send                    0x0001c05c   Section        0  ble_nus.o(i.ble_nus_string_send)
    i.ble_stack_init                         0x0001c0b0   Section        0  service_51822.o(i.ble_stack_init)
    ble_stack_init                           0x0001c0b1   Thumb Code    94  service_51822.o(i.ble_stack_init)
    i.bsp_btn_ble_on_ble_evt                 0x0001c120   Section        0  bsp_btn_ble.o(i.bsp_btn_ble_on_ble_evt)
    i.bsp_btn_ble_sleep_mode_prepare         0x0001c198   Section        0  bsp_btn_ble.o(i.bsp_btn_ble_sleep_mode_prepare)
    i.bsp_event_to_button_action_assign      0x0001c1ac   Section        0  bsp.o(i.bsp_event_to_button_action_assign)
    i.bsp_indication_set                     0x0001c1b0   Section        0  bsp.o(i.bsp_indication_set)
    i.bsp_led_indication                     0x0001c1cc   Section        0  bsp.o(i.bsp_led_indication)
    bsp_led_indication                       0x0001c1cd   Thumb Code   458  bsp.o(i.bsp_led_indication)
    i.bsp_wakeup_buttons_set                 0x0001c3a4   Section        0  bsp.o(i.bsp_wakeup_buttons_set)
    i.channel_port_get                       0x0001c3a8   Section        0  nrf_drv_gpiote.o(i.channel_port_get)
    channel_port_get                         0x0001c3a9   Thumb Code    10  nrf_drv_gpiote.o(i.channel_port_get)
    i.compare_reg_update                     0x0001c3b8   Section        0  app_timer.o(i.compare_reg_update)
    compare_reg_update                       0x0001c3b9   Thumb Code   142  app_timer.o(i.compare_reg_update)
    i.config_4067_single_ch                  0x0001c460   Section        0  main.o(i.config_4067_single_ch)
    i.config_HW                              0x0001c4a8   Section        0  main.o(i.config_HW)
    i.config_adc_each_port                   0x0001c4dc   Section        0  main.o(i.config_adc_each_port)
    i.config_bsp_nus                         0x0001c584   Section        0  service_51822.o(i.config_bsp_nus)
    i.config_gap_param_and_init_nus          0x0001c5a0   Section        0  service_51822.o(i.config_gap_param_and_init_nus)
    i.config_input_gpio_3switches            0x0001c5f0   Section        0  main.o(i.config_input_gpio_3switches)
    i.config_output_gpio_2pins               0x0001c60c   Section        0  main.o(i.config_output_gpio_2pins)
    i.config_timer1_mainloop                 0x0001c61c   Section        0  main.o(i.config_timer1_mainloop)
    i.config_venus_4067                      0x0001c664   Section        0  main.o(i.config_venus_4067)
    i.config_venus_adc_block                 0x0001c680   Section        0  main.o(i.config_venus_adc_block)
    i.config_venus_led_pins                  0x0001c698   Section        0  main.o(i.config_venus_led_pins)
    i.conn_int_encode                        0x0001c6cc   Section        0  ble_advdata.o(i.conn_int_encode)
    conn_int_encode                          0x0001c6cd   Thumb Code   130  ble_advdata.o(i.conn_int_encode)
    i.conn_params_error_handler              0x0001c754   Section        0  service_51822.o(i.conn_params_error_handler)
    conn_params_error_handler                0x0001c755   Thumb Code     8  service_51822.o(i.conn_params_error_handler)
    i.conn_params_init                       0x0001c75c   Section        0  service_51822.o(i.conn_params_init)
    conn_params_init                         0x0001c75d   Thumb Code    64  service_51822.o(i.conn_params_init)
    i.conn_params_negotiation                0x0001c7a4   Section        0  ble_conn_params.o(i.conn_params_negotiation)
    conn_params_negotiation                  0x0001c7a5   Thumb Code    92  ble_conn_params.o(i.conn_params_negotiation)
    i.elapsed_ticks_acquire                  0x0001c80c   Section        0  app_timer.o(i.elapsed_ticks_acquire)
    elapsed_ticks_acquire                    0x0001c80d   Thumb Code    58  app_timer.o(i.elapsed_ticks_acquire)
    i.fs_queued_op_count_get                 0x0001c84c   Section        0  fstorage.o(i.fs_queued_op_count_get)
    i.gap_params_init                        0x0001c864   Section        0  service_51822.o(i.gap_params_init)
    gap_params_init                          0x0001c865   Thumb Code    68  service_51822.o(i.gap_params_init)
    i.intern_softdevice_events_execute       0x0001c8ac   Section        0  softdevice_handler.o(i.intern_softdevice_events_execute)
    i.irq_handler                            0x0001c924   Section        0  nrf_drv_timer.o(i.irq_handler)
    irq_handler                              0x0001c925   Thumb Code    64  nrf_drv_timer.o(i.irq_handler)
    i.is_conn_params_ok                      0x0001c964   Section        0  ble_conn_params.o(i.is_conn_params_ok)
    is_conn_params_ok                        0x0001c965   Thumb Code    24  ble_conn_params.o(i.is_conn_params_ok)
    i.is_manual_peripheral_setup_needed      0x0001c980   Section        0  system_nrf51.o(i.is_manual_peripheral_setup_needed)
    is_manual_peripheral_setup_needed        0x0001c981   Thumb Code    66  system_nrf51.o(i.is_manual_peripheral_setup_needed)
    i.le_role_encode                         0x0001c9c8   Section        0  ble_advdata.o(i.le_role_encode)
    le_role_encode                           0x0001c9c9   Thumb Code    84  ble_advdata.o(i.le_role_encode)
    i.list_deletions_handler                 0x0001ca1c   Section        0  app_timer.o(i.list_deletions_handler)
    list_deletions_handler                   0x0001ca1d   Thumb Code   180  app_timer.o(i.list_deletions_handler)
    i.list_insertions_handler                0x0001cad8   Section        0  app_timer.o(i.list_insertions_handler)
    list_insertions_handler                  0x0001cad9   Thumb Code   202  app_timer.o(i.list_insertions_handler)
    i.main                                   0x0001cbac   Section        0  main.o(i.main)
    i.manuf_specific_data_encode             0x0001cbb8   Section        0  ble_advdata.o(i.manuf_specific_data_encode)
    manuf_specific_data_encode               0x0001cbb9   Thumb Code   104  ble_advdata.o(i.manuf_specific_data_encode)
    i.measure_adc_battery_half               0x0001cc20   Section        0  main.o(i.measure_adc_battery_half)
    i.measure_adc_seat_16ch                  0x0001cc54   Section        0  main.o(i.measure_adc_seat_16ch)
    i.name_encode                            0x0001ccd4   Section        0  ble_advdata.o(i.name_encode)
    name_encode                              0x0001ccd5   Thumb Code   158  ble_advdata.o(i.name_encode)
    i.nrf_adc_input_select                   0x0001cd74   Section        0  main.o(i.nrf_adc_input_select)
    nrf_adc_input_select                     0x0001cd75   Thumb Code    28  main.o(i.nrf_adc_input_select)
    i.nrf_delay_ms                           0x0001cd94   Section        0  nrf_delay.o(i.nrf_delay_ms)
    i.nrf_drv_common_irq_enable              0x0001cdb0   Section        0  nrf_drv_common.o(i.nrf_drv_common_irq_enable)
    i.nrf_drv_timer_compare                  0x0001ce10   Section        0  nrf_drv_timer.o(i.nrf_drv_timer_compare)
    i.nrf_drv_timer_enable                   0x0001ce3c   Section        0  nrf_drv_timer.o(i.nrf_drv_timer_enable)
    i.nrf_drv_timer_extended_compare         0x0001ce58   Section        0  nrf_drv_timer.o(i.nrf_drv_timer_extended_compare)
    i.nrf_drv_timer_init                     0x0001ce88   Section        0  nrf_drv_timer.o(i.nrf_drv_timer_init)
    i.nrf_gpio_cfg                           0x0001cf34   Section        0  main.o(i.nrf_gpio_cfg)
    nrf_gpio_cfg                             0x0001cf35   Thumb Code    32  main.o(i.nrf_gpio_cfg)
    i.nrf_gpio_cfg_input                     0x0001cf58   Section        0  main.o(i.nrf_gpio_cfg_input)
    nrf_gpio_cfg_input                       0x0001cf59   Thumb Code    18  main.o(i.nrf_gpio_cfg_input)
    i.nrf_gpio_cfg_output                    0x0001cf6a   Section        0  main.o(i.nrf_gpio_cfg_output)
    nrf_gpio_cfg_output                      0x0001cf6b   Thumb Code    20  main.o(i.nrf_gpio_cfg_output)
    i.nrf_gpio_cfg_sense_set                 0x0001cf80   Section        0  nrf_drv_gpiote.o(i.nrf_gpio_cfg_sense_set)
    nrf_gpio_cfg_sense_set                   0x0001cf81   Thumb Code    26  nrf_drv_gpiote.o(i.nrf_gpio_cfg_sense_set)
    i.nrf_gpio_pin_clear                     0x0001cfa0   Section        0  main.o(i.nrf_gpio_pin_clear)
    nrf_gpio_pin_clear                       0x0001cfa1   Thumb Code    10  main.o(i.nrf_gpio_pin_clear)
    i.nrf_gpio_pin_set                       0x0001cfb0   Section        0  main.o(i.nrf_gpio_pin_set)
    nrf_gpio_pin_set                         0x0001cfb1   Thumb Code    10  main.o(i.nrf_gpio_pin_set)
    i.nrf_gpiote_event_is_set                0x0001cfc0   Section        0  nrf_drv_gpiote.o(i.nrf_gpiote_event_is_set)
    nrf_gpiote_event_is_set                  0x0001cfc1   Thumb Code    14  nrf_drv_gpiote.o(i.nrf_gpiote_event_is_set)
    i.nrf_uart_event_check                   0x0001cfd4   Section        0  nrf_drv_uart.o(i.nrf_uart_event_check)
    nrf_uart_event_check                     0x0001cfd5   Thumb Code    10  nrf_drv_uart.o(i.nrf_uart_event_check)
    i.nrf_uart_int_enable_check              0x0001cfde   Section        0  nrf_drv_uart.o(i.nrf_uart_int_enable_check)
    nrf_uart_int_enable_check                0x0001cfdf   Thumb Code    16  nrf_drv_uart.o(i.nrf_uart_int_enable_check)
    i.nus_data_handler                       0x0001cfee   Section        0  service_51822.o(i.nus_data_handler)
    nus_data_handler                         0x0001cfef   Thumb Code    12  service_51822.o(i.nus_data_handler)
    i.nus_send_data_20                       0x0001cffc   Section        0  service_51822.o(i.nus_send_data_20)
    i.on_BLE_receive                         0x0001d020   Section        0  main.o(i.on_BLE_receive)
    i.on_adv_evt                             0x0001d224   Section        0  service_51822.o(i.on_adv_evt)
    on_adv_evt                               0x0001d225   Thumb Code    32  service_51822.o(i.on_adv_evt)
    i.on_ble_evt                             0x0001d244   Section        0  service_51822.o(i.on_ble_evt)
    on_ble_evt                               0x0001d245   Thumb Code   114  service_51822.o(i.on_ble_evt)
    i.on_conn_params_evt                     0x0001d2bc   Section        0  service_51822.o(i.on_conn_params_evt)
    on_conn_params_evt                       0x0001d2bd   Thumb Code    26  service_51822.o(i.on_conn_params_evt)
    i.peer_address_exists                    0x0001d2dc   Section        0  ble_advertising.o(i.peer_address_exists)
    peer_address_exists                      0x0001d2dd   Thumb Code    22  ble_advertising.o(i.peer_address_exists)
    i.pstorage_access_status_get             0x0001d2f4   Section        0  pstorage.o(i.pstorage_access_status_get)
    i.reorder_adc_scanned_buffer_VENUS       0x0001d31c   Section        0  main.o(i.reorder_adc_scanned_buffer_VENUS)
    i.rtc1_stop                              0x0001d37c   Section        0  app_timer.o(i.rtc1_stop)
    rtc1_stop                                0x0001d37d   Thumb Code    50  app_timer.o(i.rtc1_stop)
    i.rx_byte                                0x0001d3c0   Section        0  nrf_drv_uart.o(i.rx_byte)
    rx_byte                                  0x0001d3c1   Thumb Code    42  nrf_drv_uart.o(i.rx_byte)
    i.rx_char_add                            0x0001d3f8   Section        0  ble_nus.o(i.rx_char_add)
    rx_char_add                              0x0001d3f9   Thumb Code   158  ble_nus.o(i.rx_char_add)
    i.rx_done_event                          0x0001d498   Section        0  nrf_drv_uart.o(i.rx_done_event)
    rx_done_event                            0x0001d499   Thumb Code    22  nrf_drv_uart.o(i.rx_done_event)
    i.scan_adc_all_and_send_via_BLE          0x0001d4b4   Section        0  main.o(i.scan_adc_all_and_send_via_BLE)
    i.sd_check_ram_start                     0x0001d4ec   Section        0  softdevice_handler.o(i.sd_check_ram_start)
    i.sd_nvic_EnableIRQ                      0x0001d4fc   Section        0  softdevice_handler.o(i.sd_nvic_EnableIRQ)
    sd_nvic_EnableIRQ                        0x0001d4fd   Thumb Code   116  softdevice_handler.o(i.sd_nvic_EnableIRQ)
    i.service_data_encode                    0x0001d588   Section        0  ble_advdata.o(i.service_data_encode)
    service_data_encode                      0x0001d589   Thumb Code   142  ble_advdata.o(i.service_data_encode)
    i.services_init                          0x0001d618   Section        0  service_51822.o(i.services_init)
    services_init                            0x0001d619   Thumb Code    24  service_51822.o(i.services_init)
    i.sleep_mode_enter                       0x0001d638   Section        0  service_51822.o(i.sleep_mode_enter)
    sleep_mode_enter                         0x0001d639   Thumb Code    40  service_51822.o(i.sleep_mode_enter)
    i.softdevice_ble_evt_handler_set         0x0001d660   Section        0  softdevice_handler.o(i.softdevice_ble_evt_handler_set)
    i.softdevice_enable                      0x0001d674   Section        0  softdevice_handler.o(i.softdevice_enable)
    i.softdevice_enable_get_default_config   0x0001d688   Section        0  softdevice_handler.o(i.softdevice_enable_get_default_config)
    i.softdevice_fault_handler               0x0001d6b0   Section        0  softdevice_handler.o(i.softdevice_fault_handler)
    i.softdevice_handler_init                0x0001d6b8   Section        0  softdevice_handler.o(i.softdevice_handler_init)
    i.timer1_loop_main                       0x0001d6ec   Section        0  main.o(i.timer1_loop_main)
    i.timer_list_handler                     0x0001d714   Section        0  app_timer.o(i.timer_list_handler)
    timer_list_handler                       0x0001d715   Thumb Code   128  app_timer.o(i.timer_list_handler)
    i.timer_list_handler_sched               0x0001d798   Section        0  app_timer.o(i.timer_list_handler_sched)
    timer_list_handler_sched                 0x0001d799   Thumb Code    10  app_timer.o(i.timer_list_handler_sched)
    i.timer_list_insert                      0x0001d7a8   Section        0  app_timer.o(i.timer_list_insert)
    timer_list_insert                        0x0001d7a9   Thumb Code    60  app_timer.o(i.timer_list_insert)
    i.timer_mainloop_handler                 0x0001d7e8   Section        0  main.o(i.timer_mainloop_handler)
    i.timer_timeouts_check                   0x0001d808   Section        0  app_timer.o(i.timer_timeouts_check)
    timer_timeouts_check                     0x0001d809   Thumb Code   118  app_timer.o(i.timer_timeouts_check)
    i.turn_led_off                           0x0001d888   Section        0  main.o(i.turn_led_off)
    i.tx_byte                                0x0001d8a8   Section        0  nrf_drv_uart.o(i.tx_byte)
    tx_byte                                  0x0001d8a9   Thumb Code    30  nrf_drv_uart.o(i.tx_byte)
    i.tx_char_add                            0x0001d8d4   Section        0  ble_nus.o(i.tx_char_add)
    tx_char_add                              0x0001d8d5   Thumb Code   128  ble_nus.o(i.tx_char_add)
    i.tx_done_event                          0x0001d954   Section        0  nrf_drv_uart.o(i.tx_done_event)
    tx_done_event                            0x0001d955   Thumb Code    26  nrf_drv_uart.o(i.tx_done_event)
    i.uart_irq_handler                       0x0001d974   Section        0  nrf_drv_uart.o(i.uart_irq_handler)
    uart_irq_handler                         0x0001d975   Thumb Code   278  nrf_drv_uart.o(i.uart_irq_handler)
    i.uint16_encode                          0x0001da9c   Section        0  ble_advdata.o(i.uint16_encode)
    uint16_encode                            0x0001da9d   Thumb Code    10  ble_advdata.o(i.uint16_encode)
    i.update_timeout_handler                 0x0001daa8   Section        0  ble_conn_params.o(i.update_timeout_handler)
    update_timeout_handler                   0x0001daa9   Thumb Code    86  ble_conn_params.o(i.update_timeout_handler)
    i.user_id_get                            0x0001db0c   Section        0  app_timer.o(i.user_id_get)
    user_id_get                              0x0001db0d   Thumb Code    76  app_timer.o(i.user_id_get)
    i.user_op_alloc                          0x0001db60   Section        0  app_timer.o(i.user_op_alloc)
    user_op_alloc                            0x0001db61   Thumb Code    38  app_timer.o(i.user_op_alloc)
    i.uuid_list_encode                       0x0001db86   Section        0  ble_advdata.o(i.uuid_list_encode)
    uuid_list_encode                         0x0001db87   Thumb Code    48  ble_advdata.o(i.uuid_list_encode)
    i.uuid_list_sized_encode                 0x0001dbb6   Section        0  ble_advdata.o(i.uuid_list_sized_encode)
    uuid_list_sized_encode                   0x0001dbb7   Thumb Code   174  ble_advdata.o(i.uuid_list_sized_encode)
    i.venus_packet_assemble                  0x0001dc64   Section        0  main.o(i.venus_packet_assemble)
    i.venus_packet_clear                     0x0001dcd0   Section        0  main.o(i.venus_packet_clear)
    i.venus_packet_send                      0x0001dce0   Section        0  main.o(i.venus_packet_send)
    i.whitelist_has_entries                  0x0001dcea   Section        0  ble_advertising.o(i.whitelist_has_entries)
    whitelist_has_entries                    0x0001dceb   Thumb Code    16  ble_advertising.o(i.whitelist_has_entries)
    i.work_gatt_uart                         0x0001dcfc   Section        0  main.o(i.work_gatt_uart)
    .constdata                               0x0001dd10   Section       20  main.o(.constdata)
    .constdata                               0x0001dd24   Section        4  service_51822.o(.constdata)
    .constdata                               0x0001dd28   Section        4  ble_conn_params.o(.constdata)
    m_conn_params_timer_id                   0x0001dd28   Data           4  ble_conn_params.o(.constdata)
    .constdata                               0x0001dd2c   Section       16  ble_nus.o(.constdata)
    .constdata                               0x0001dd3c   Section       16  nrf_drv_timer.o(.constdata)
    m_default_config                         0x0001dd3c   Data          16  nrf_drv_timer.o(.constdata)
    .constdata                               0x0001dd4c   Section        8  bsp.o(.constdata)
    m_leds_timer_id                          0x0001dd4c   Data           4  bsp.o(.constdata)
    m_alert_timer_id                         0x0001dd50   Data           4  bsp.o(.constdata)
    .data                                    0x20002080   Section       41  main.o(.data)
    handler_count                            0x20002094   Data           4  main.o(.data)
    valid_count                              0x20002098   Data           4  main.o(.data)
    .data                                    0x200020aa   Section        8  service_51822.o(.data)
    index                                    0x200020ab   Data           1  service_51822.o(.data)
    m_conn_handle                            0x200020ac   Data           2  service_51822.o(.data)
    m_adv_uuids                              0x200020ae   Data           4  service_51822.o(.data)
    .data                                    0x200020b4   Section       31  ble_advertising.o(.data)
    m_advertising_start_pending              0x200020b4   Data           1  ble_advertising.o(.data)
    m_whitelist_temporarily_disabled         0x200020b5   Data           1  ble_advertising.o(.data)
    m_whitelist_reply_expected               0x200020b6   Data           1  ble_advertising.o(.data)
    m_peer_addr_reply_expected               0x200020b7   Data           1  ble_advertising.o(.data)
    m_adv_evt                                0x200020b8   Data           1  ble_advertising.o(.data)
    m_adv_mode_current                       0x200020b9   Data           1  ble_advertising.o(.data)
    m_tx_power_level                         0x200020ba   Data           1  ble_advertising.o(.data)
    current_slave_link_conn_handle           0x200020bc   Data           2  ble_advertising.o(.data)
    m_evt_handler                            0x200020c0   Data           4  ble_advertising.o(.data)
    m_error_handler                          0x200020c4   Data           4  ble_advertising.o(.data)
    m_slave_conn_int                         0x200020c8   Data           4  ble_advertising.o(.data)
    m_peer_address                           0x200020cc   Data           7  ble_advertising.o(.data)
    .data                                    0x200020d4   Section       20  ble_conn_params.o(.data)
    m_change_param                           0x200020d4   Data           1  ble_conn_params.o(.data)
    m_update_count                           0x200020d5   Data           1  ble_conn_params.o(.data)
    m_conn_handle                            0x200020d6   Data           2  ble_conn_params.o(.data)
    m_preferred_conn_params                  0x200020d8   Data           8  ble_conn_params.o(.data)
    m_current_conn_params                    0x200020e0   Data           8  ble_conn_params.o(.data)
    .data                                    0x200020e8   Section       36  pstorage.o(.data)
    m_state                                  0x200020e8   Data           1  pstorage.o(.data)
    m_swap_sub_state                         0x200020e9   Data           1  pstorage.o(.data)
    m_next_app_instance                      0x200020ea   Data           2  pstorage.o(.data)
    m_flags                                  0x200020ec   Data           4  pstorage.o(.data)
    m_next_page_addr                         0x200020f0   Data           4  pstorage.o(.data)
    m_head_word_size                         0x200020f4   Data           4  pstorage.o(.data)
    m_tail_word_size                         0x200020f8   Data           4  pstorage.o(.data)
    m_current_page_id                        0x200020fc   Data           4  pstorage.o(.data)
    m_num_of_command_retries                 0x20002100   Data           4  pstorage.o(.data)
    m_num_of_bytes_written                   0x20002104   Data           4  pstorage.o(.data)
    m_app_data_size                          0x20002108   Data           4  pstorage.o(.data)
    .data                                    0x2000210c   Section       32  app_timer.o(.data)
    m_user_array_size                        0x2000210c   Data           1  app_timer.o(.data)
    m_ticks_elapsed_q_read_ind               0x2000210d   Data           1  app_timer.o(.data)
    m_ticks_elapsed_q_write_ind              0x2000210e   Data           1  app_timer.o(.data)
    m_rtc1_running                           0x2000210f   Data           1  app_timer.o(.data)
    m_rtc1_reset                             0x20002110   Data           1  app_timer.o(.data)
    mp_users                                 0x20002114   Data           4  app_timer.o(.data)
    mp_timer_id_head                         0x20002118   Data           4  app_timer.o(.data)
    m_ticks_latest                           0x2000211c   Data           4  app_timer.o(.data)
    m_evt_schedule_func                      0x20002120   Data           4  app_timer.o(.data)
    m_ticks_elapsed                          0x20002124   Data           8  app_timer.o(.data)
    .data                                    0x2000212c   Section       28  softdevice_handler.o(.data)
    m_softdevice_enabled                     0x2000212c   Data           1  softdevice_handler.o(.data)
    m_ble_evt_buffer_size                    0x2000212e   Data           2  softdevice_handler.o(.data)
    m_evt_schedule_func                      0x20002130   Data           4  softdevice_handler.o(.data)
    mp_ble_evt_buffer                        0x20002134   Data           4  softdevice_handler.o(.data)
    m_ble_evt_handler                        0x20002138   Data           4  softdevice_handler.o(.data)
    m_sys_evt_handler                        0x2000213c   Data           4  softdevice_handler.o(.data)
    .data                                    0x20002148   Section       16  bsp.o(.data)
    m_stable_state                           0x20002148   Data           1  bsp.o(.data)
    m_app_ticks_per_100ms                    0x2000214c   Data           4  bsp.o(.data)
    m_indication_type                        0x20002150   Data           4  bsp.o(.data)
    m_alert_mask                             0x20002154   Data           4  bsp.o(.data)
    .data                                    0x20002158   Section        8  bsp_btn_ble.o(.data)
    m_error_handler                          0x20002158   Data           4  bsp_btn_ble.o(.data)
    m_num_connections                        0x2000215c   Data           4  bsp_btn_ble.o(.data)
    .data                                    0x20002160   Section        4  system_nrf51.o(.data)
    __tagsym$$used                           0x20002160   Number         0  system_nrf51.o(.data)
    .bss                                     0x20002164   Section       84  main.o(.bss)
    .bss                                     0x200021b8   Section     1060  service_51822.o(.bss)
    BLE_EVT_BUFFER                           0x200021b8   Data          72  service_51822.o(.bss)
    data_array                               0x20002200   Data          20  service_51822.o(.bss)
    APP_TIMER_BUF                            0x20002214   Data         456  service_51822.o(.bss)
    APP_TIMER_BUF                            0x200023dc   Data         456  service_51822.o(.bss)
    m_nus                                    0x200025c0   Data          28  service_51822.o(.bss)
    .bss                                     0x200025dc   Section      259  ble_advertising.o(.bss)
    m_advdata                                0x200025dc   Data          56  ble_advertising.o(.bss)
    m_adv_modes_config                       0x20002614   Data          36  ble_advertising.o(.bss)
    m_whitelist                              0x20002638   Data          16  ble_advertising.o(.bss)
    mp_whitelist_addr                        0x20002648   Data          32  ble_advertising.o(.bss)
    mp_whitelist_irk                         0x20002668   Data          32  ble_advertising.o(.bss)
    m_manuf_specific_data                    0x20002688   Data          12  ble_advertising.o(.bss)
    m_manuf_data_array                       0x20002694   Data          31  ble_advertising.o(.bss)
    m_service_data                           0x200026b4   Data          12  ble_advertising.o(.bss)
    m_service_data_array                     0x200026c0   Data          31  ble_advertising.o(.bss)
    .bss                                     0x200026e0   Section       32  ble_conn_params.o(.bss)
    m_conn_params_timer_id_data              0x200026e0   Data          32  ble_conn_params.o(.bss)
    .bss                                     0x20002700   Section       28  ble_conn_params.o(.bss)
    m_conn_params_config                     0x20002700   Data          28  ble_conn_params.o(.bss)
    .bss                                     0x2000271c   Section       72  nrf_drv_gpiote.o(.bss)
    m_cb                                     0x2000271c   Data          72  nrf_drv_gpiote.o(.bss)
    .bss                                     0x20002764   Section       28  nrf_drv_uart.o(.bss)
    m_cb                                     0x20002764   Data          28  nrf_drv_uart.o(.bss)
    .bss                                     0x20002780   Section      216  pstorage.o(.bss)
    m_cmd_queue                              0x20002780   Data         204  pstorage.o(.bss)
    m_app_table                              0x2000284c   Data          12  pstorage.o(.bss)
    .bss                                     0x20002858   Section       24  nrf_drv_timer.o(.bss)
    m_cb                                     0x20002858   Data          24  nrf_drv_timer.o(.bss)
    .bss                                     0x20002870   Section       88  fstorage.o(.bss)
    m_queue                                  0x20002870   Data          88  fstorage.o(.bss)
    .bss                                     0x200028c8   Section       32  bsp.o(.bss)
    m_leds_timer_id_data                     0x200028c8   Data          32  bsp.o(.bss)
    .bss                                     0x200028e8   Section       32  bsp.o(.bss)
    m_alert_timer_id_data                    0x200028e8   Data          32  bsp.o(.bss)
    STACK                                    0x20002908   Section     2048  arm_startup_nrf51.o(STACK)

    Global Symbols

    Symbol Name                              Value     Ov Type        Size  Object(Section)

    BuildAttributes$$THM_ISAv3M$S$PE$A:L22$X:L11$S22$IEEE1$IW$USESV6$~STKCKD$USESV7$~SHL$OSPACE$EBA8$MICROLIB$REQ8$PRES8$EABIv2 0x00000000   Number         0  anon$$obj.o ABSOLUTE
    __ARM_use_no_argv                        0x00000000   Number         0  main.o ABSOLUTE
    __cpp_initialize__aeabi_                  - Undefined Weak Reference
    __cxa_finalize                            - Undefined Weak Reference
    __decompress                              - Undefined Weak Reference
    _clock_init                               - Undefined Weak Reference
    _microlib_exit                            - Undefined Weak Reference
    fs_data$$Base                             - Undefined Reference
    fs_data$$Limit                            - Undefined Reference
    __Vectors_Size                           0x000000c0   Number         0  arm_startup_nrf51.o ABSOLUTE
    __Vectors                                0x0001b000   Data           4  arm_startup_nrf51.o(RESET)
    __Vectors_End                            0x0001b0c0   Data           0  arm_startup_nrf51.o(RESET)
    __main                                   0x0001b0c1   Thumb Code     0  entry.o(.ARM.Collect$$$$00000000)
    _main_stk                                0x0001b0c1   Thumb Code     0  entry2.o(.ARM.Collect$$$$00000001)
    _main_scatterload                        0x0001b0c5   Thumb Code     0  entry5.o(.ARM.Collect$$$$00000004)
    __main_after_scatterload                 0x0001b0c9   Thumb Code     0  entry5.o(.ARM.Collect$$$$00000004)
    _main_clock                              0x0001b0c9   Thumb Code     0  entry7b.o(.ARM.Collect$$$$00000008)
    _main_cpp_init                           0x0001b0c9   Thumb Code     0  entry8b.o(.ARM.Collect$$$$0000000A)
    _main_init                               0x0001b0c9   Thumb Code     0  entry9a.o(.ARM.Collect$$$$0000000B)
    __rt_final_cpp                           0x0001b0d1   Thumb Code     0  entry10a.o(.ARM.Collect$$$$0000000D)
    __rt_final_exit                          0x0001b0d1   Thumb Code     0  entry11a.o(.ARM.Collect$$$$0000000F)
    __asm___6_main_c_bfce95c2__nrf_delay_us  0x0001b0d5   Thumb Code    30  main.o(.emb_text)
    __asm___11_nrf_delay_c_532987f3__nrf_delay_us 0x0001b0f5   Thumb Code    30  nrf_delay.o(.emb_text)
    __asm___11_app_timer_c_cd27f9c3__nrf_delay_us 0x0001b115   Thumb Code    30  app_timer.o(.emb_text)
    Reset_Handler                            0x0001b135   Thumb Code    26  arm_startup_nrf51.o(.text)
    NMI_Handler                              0x0001b14f   Thumb Code     2  arm_startup_nrf51.o(.text)
    HardFault_Handler                        0x0001b151   Thumb Code     2  arm_startup_nrf51.o(.text)
    SVC_Handler                              0x0001b153   Thumb Code     2  arm_startup_nrf51.o(.text)
    PendSV_Handler                           0x0001b155   Thumb Code     2  arm_startup_nrf51.o(.text)
    SysTick_Handler                          0x0001b157   Thumb Code     2  arm_startup_nrf51.o(.text)
    CCM_AAR_IRQHandler                       0x0001b159   Thumb Code     0  arm_startup_nrf51.o(.text)
    ECB_IRQHandler                           0x0001b159   Thumb Code     0  arm_startup_nrf51.o(.text)
    LPCOMP_IRQHandler                        0x0001b159   Thumb Code     0  arm_startup_nrf51.o(.text)
    POWER_CLOCK_IRQHandler                   0x0001b159   Thumb Code     0  arm_startup_nrf51.o(.text)
    QDEC_IRQHandler                          0x0001b159   Thumb Code     0  arm_startup_nrf51.o(.text)
    RADIO_IRQHandler                         0x0001b159   Thumb Code     0  arm_startup_nrf51.o(.text)
    RNG_IRQHandler                           0x0001b159   Thumb Code     0  arm_startup_nrf51.o(.text)
    RTC0_IRQHandler                          0x0001b159   Thumb Code     0  arm_startup_nrf51.o(.text)
    SPI0_TWI0_IRQHandler                     0x0001b159   Thumb Code     0  arm_startup_nrf51.o(.text)
    SPI1_TWI1_IRQHandler                     0x0001b159   Thumb Code     0  arm_startup_nrf51.o(.text)
    SWI1_IRQHandler                          0x0001b159   Thumb Code     0  arm_startup_nrf51.o(.text)
    SWI3_IRQHandler                          0x0001b159   Thumb Code     0  arm_startup_nrf51.o(.text)
    SWI4_IRQHandler                          0x0001b159   Thumb Code     0  arm_startup_nrf51.o(.text)
    SWI5_IRQHandler                          0x0001b159   Thumb Code     0  arm_startup_nrf51.o(.text)
    TEMP_IRQHandler                          0x0001b159   Thumb Code     0  arm_startup_nrf51.o(.text)
    TIMER2_IRQHandler                        0x0001b159   Thumb Code     0  arm_startup_nrf51.o(.text)
    WDT_IRQHandler                           0x0001b159   Thumb Code     0  arm_startup_nrf51.o(.text)
    __aeabi_uidiv                            0x0001b16d   Thumb Code     0  uidiv.o(.text)
    __aeabi_uidivmod                         0x0001b16d   Thumb Code    44  uidiv.o(.text)
    __aeabi_memcpy                           0x0001b199   Thumb Code    36  memcpya.o(.text)
    __aeabi_memcpy4                          0x0001b199   Thumb Code     0  memcpya.o(.text)
    __aeabi_memcpy8                          0x0001b199   Thumb Code     0  memcpya.o(.text)
    __aeabi_memset                           0x0001b1bd   Thumb Code    14  memseta.o(.text)
    __aeabi_memset4                          0x0001b1bd   Thumb Code     0  memseta.o(.text)
    __aeabi_memset8                          0x0001b1bd   Thumb Code     0  memseta.o(.text)
    __aeabi_memclr                           0x0001b1cb   Thumb Code     4  memseta.o(.text)
    __aeabi_memclr4                          0x0001b1cb   Thumb Code     0  memseta.o(.text)
    __aeabi_memclr8                          0x0001b1cb   Thumb Code     0  memseta.o(.text)
    _memset$wrapper                          0x0001b1cf   Thumb Code    18  memseta.o(.text)
    strncpy                                  0x0001b1e1   Thumb Code    26  strncpy.o(.text)
    strlen                                   0x0001b1fb   Thumb Code    14  strlen.o(.text)
    memcmp                                   0x0001b209   Thumb Code    26  memcmp.o(.text)
    __scatterload                            0x0001b225   Thumb Code    28  init.o(.text)
    __scatterload_rt2                        0x0001b225   Thumb Code     0  init.o(.text)
    ADC_IRQHandler                           0x0001b249   Thumb Code    16  main.o(i.ADC_IRQHandler)
    ADC_IRQ_ConfigAndGetValue_10bit_Delay81us 0x0001b265   Thumb Code    30  main.o(i.ADC_IRQ_ConfigAndGetValue_10bit_Delay81us)
    DIP_SWITCH_check_state                   0x0001b28d   Thumb Code    52  main.o(i.DIP_SWITCH_check_state)
    GPIOTE_IRQHandler                        0x0001b2c9   Thumb Code   312  nrf_drv_gpiote.o(i.GPIOTE_IRQHandler)
    RTC1_IRQHandler                          0x0001b461   Thumb Code    28  app_timer.o(i.RTC1_IRQHandler)
    SWI0_IRQHandler                          0x0001b481   Thumb Code     8  app_timer.o(i.SWI0_IRQHandler)
    SWI2_IRQHandler                          0x0001b489   Thumb Code    28  softdevice_handler.o(i.SWI2_IRQHandler)
    SystemInit                               0x0001b4a9   Thumb Code   130  system_nrf51.o(i.SystemInit)
    TIMER0_IRQHandler                        0x0001b549   Thumb Code    14  nrf_drv_timer.o(i.TIMER0_IRQHandler)
    TIMER1_IRQHandler                        0x0001b561   Thumb Code    14  nrf_drv_timer.o(i.TIMER1_IRQHandler)
    UART0_IRQHandler                         0x0001b579   Thumb Code     8  nrf_drv_uart.o(i.UART0_IRQHandler)
    __ARM_common_switch8                     0x0001b581   Thumb Code    26  ble_srv_common.o(i.__ARM_common_switch8)
    __scatterload_copy                       0x0001b59b   Thumb Code    14  handlers.o(i.__scatterload_copy)
    __scatterload_null                       0x0001b5a9   Thumb Code     2  handlers.o(i.__scatterload_null)
    __scatterload_zeroinit                   0x0001b5ab   Thumb Code    14  handlers.o(i.__scatterload_zeroinit)
    adv_data_encode                          0x0001b5b9   Thumb Code   534  ble_advdata.o(i.adv_data_encode)
    app_error_fault_handler                  0x0001b86d   Thumb Code    18  app_error_weak.o(i.app_error_fault_handler)
    app_error_handler_bare                   0x0001b889   Thumb Code    20  app_error.o(i.app_error_handler_bare)
    app_timer_create                         0x0001b8a1   Thumb Code    40  app_timer.o(i.app_timer_create)
    app_timer_init                           0x0001b8cd   Thumb Code   126  app_timer.o(i.app_timer_init)
    app_timer_start                          0x0001b95d   Thumb Code   114  app_timer.o(i.app_timer_start)
    app_timer_stop                           0x0001b9d9   Thumb Code    78  app_timer.o(i.app_timer_stop)
    ble_advdata_set                          0x0001ba2d   Thumb Code   104  ble_advdata.o(i.ble_advdata_set)
    ble_advertising_init                     0x0001ba95   Thumb Code   284  ble_advertising.o(i.ble_advertising_init)
    ble_advertising_on_ble_evt               0x0001bbb9   Thumb Code   118  ble_advertising.o(i.ble_advertising_on_ble_evt)
    ble_advertising_start                    0x0001bc45   Thumb Code   482  ble_advertising.o(i.ble_advertising_start)
    ble_conn_params_init                     0x0001be31   Thumb Code    68  ble_conn_params.o(i.ble_conn_params_init)
    ble_conn_params_on_ble_evt               0x0001be85   Thumb Code   132  ble_conn_params.o(i.ble_conn_params_on_ble_evt)
    ble_nus_init                             0x0001bf9d   Thumb Code    98  ble_nus.o(i.ble_nus_init)
    ble_nus_on_ble_evt                       0x0001c005   Thumb Code    88  ble_nus.o(i.ble_nus_on_ble_evt)
    ble_nus_string_send                      0x0001c05d   Thumb Code    78  ble_nus.o(i.ble_nus_string_send)
    bsp_btn_ble_on_ble_evt                   0x0001c121   Thumb Code   114  bsp_btn_ble.o(i.bsp_btn_ble_on_ble_evt)
    bsp_btn_ble_sleep_mode_prepare           0x0001c199   Thumb Code    20  bsp_btn_ble.o(i.bsp_btn_ble_sleep_mode_prepare)
    bsp_event_to_button_action_assign        0x0001c1ad   Thumb Code     4  bsp.o(i.bsp_event_to_button_action_assign)
    bsp_indication_set                       0x0001c1b1   Thumb Code    22  bsp.o(i.bsp_indication_set)
    bsp_wakeup_buttons_set                   0x0001c3a5   Thumb Code     4  bsp.o(i.bsp_wakeup_buttons_set)
    config_4067_single_ch                    0x0001c461   Thumb Code    70  main.o(i.config_4067_single_ch)
    config_HW                                0x0001c4a9   Thumb Code    46  main.o(i.config_HW)
    config_adc_each_port                     0x0001c4dd   Thumb Code   146  main.o(i.config_adc_each_port)
    config_bsp_nus                           0x0001c585   Thumb Code    24  service_51822.o(i.config_bsp_nus)
    config_gap_param_and_init_nus            0x0001c5a1   Thumb Code    56  service_51822.o(i.config_gap_param_and_init_nus)
    config_input_gpio_3switches              0x0001c5f1   Thumb Code    28  main.o(i.config_input_gpio_3switches)
    config_output_gpio_2pins                 0x0001c60d   Thumb Code    16  main.o(i.config_output_gpio_2pins)
    config_timer1_mainloop                   0x0001c61d   Thumb Code    58  main.o(i.config_timer1_mainloop)
    config_venus_4067                        0x0001c665   Thumb Code    28  main.o(i.config_venus_4067)
    config_venus_adc_block                   0x0001c681   Thumb Code    22  main.o(i.config_venus_adc_block)
    config_venus_led_pins                    0x0001c699   Thumb Code    48  main.o(i.config_venus_led_pins)
    fs_queued_op_count_get                   0x0001c84d   Thumb Code    18  fstorage.o(i.fs_queued_op_count_get)
    intern_softdevice_events_execute         0x0001c8ad   Thumb Code   116  softdevice_handler.o(i.intern_softdevice_events_execute)
    main                                     0x0001cbad   Thumb Code    12  main.o(i.main)
    measure_adc_battery_half                 0x0001cc21   Thumb Code    46  main.o(i.measure_adc_battery_half)
    measure_adc_seat_16ch                    0x0001cc55   Thumb Code   120  main.o(i.measure_adc_seat_16ch)
    nrf_delay_ms                             0x0001cd95   Thumb Code    24  nrf_delay.o(i.nrf_delay_ms)
    nrf_drv_common_irq_enable                0x0001cdb1   Thumb Code    78  nrf_drv_common.o(i.nrf_drv_common_irq_enable)
    nrf_drv_timer_compare                    0x0001ce11   Thumb Code    42  nrf_drv_timer.o(i.nrf_drv_timer_compare)
    nrf_drv_timer_enable                     0x0001ce3d   Thumb Code    22  nrf_drv_timer.o(i.nrf_drv_timer_enable)
    nrf_drv_timer_extended_compare           0x0001ce59   Thumb Code    46  nrf_drv_timer.o(i.nrf_drv_timer_extended_compare)
    nrf_drv_timer_init                       0x0001ce89   Thumb Code   162  nrf_drv_timer.o(i.nrf_drv_timer_init)
    nus_send_data_20                         0x0001cffd   Thumb Code    30  service_51822.o(i.nus_send_data_20)
    on_BLE_receive                           0x0001d021   Thumb Code   322  main.o(i.on_BLE_receive)
    pstorage_access_status_get               0x0001d2f5   Thumb Code    30  pstorage.o(i.pstorage_access_status_get)
    reorder_adc_scanned_buffer_VENUS         0x0001d31d   Thumb Code    90  main.o(i.reorder_adc_scanned_buffer_VENUS)
    scan_adc_all_and_send_via_BLE            0x0001d4b5   Thumb Code    52  main.o(i.scan_adc_all_and_send_via_BLE)
    sd_check_ram_start                       0x0001d4ed   Thumb Code    10  softdevice_handler.o(i.sd_check_ram_start)
    softdevice_ble_evt_handler_set           0x0001d661   Thumb Code    16  softdevice_handler.o(i.softdevice_ble_evt_handler_set)
    softdevice_enable                        0x0001d675   Thumb Code    14  softdevice_handler.o(i.softdevice_enable)
    softdevice_enable_get_default_config     0x0001d689   Thumb Code    40  softdevice_handler.o(i.softdevice_enable_get_default_config)
    softdevice_fault_handler                 0x0001d6b1   Thumb Code     8  softdevice_handler.o(i.softdevice_fault_handler)
    softdevice_handler_init                  0x0001d6b9   Thumb Code    42  softdevice_handler.o(i.softdevice_handler_init)
    timer1_loop_main                         0x0001d6ed   Thumb Code    36  main.o(i.timer1_loop_main)
    timer_mainloop_handler                   0x0001d7e9   Thumb Code    26  main.o(i.timer_mainloop_handler)
    turn_led_off                             0x0001d889   Thumb Code    24  main.o(i.turn_led_off)
    venus_packet_assemble                    0x0001dc65   Thumb Code   100  main.o(i.venus_packet_assemble)
    venus_packet_clear                       0x0001dcd1   Thumb Code    12  main.o(i.venus_packet_clear)
    venus_packet_send                        0x0001dce1   Thumb Code    10  main.o(i.venus_packet_send)
    work_gatt_uart                           0x0001dcfd   Thumb Code    14  main.o(i.work_gatt_uart)
    g_LED_HW_pin_map                         0x0001dd10   Data           4  main.o(.constdata)
    TIMER_INSTANCE_SCAN_ADC                  0x0001dd14   Data           8  main.o(.constdata)
    Region$$Table$$Base                      0x0001dd54   Number         0  anon$$obj.o(Region$$Table)
    Region$$Table$$Limit                     0x0001dd74   Number         0  anon$$obj.o(Region$$Table)
    Image$$RW_IRAM1$$Base                    0x20002080   Number         0  anon$$obj.o ABSOLUTE
    g_uc_battery_high                        0x20002080   Data           1  main.o(.data)
    g_uc_battery_low                         0x20002081   Data           1  main.o(.data)
    g_seat_adc_sum                           0x20002084   Data           4  main.o(.data)
    g_seat_adc_valid_count                   0x20002088   Data           4  main.o(.data)
    g_uiBATTERY_level_100                    0x2000208c   Data           4  main.o(.data)
    g_main_loop_count                        0x20002090   Data           4  main.o(.data)
    g_uiADC_IRQ_HW_read                      0x2000209c   Data           4  main.o(.data)
    g_DIPSWITCH_state                        0x200020a0   Data           4  main.o(.data)
    g_adv_data_packet                        0x200020a4   Data           5  main.o(.data)
    g_BLE_is_connected                       0x200020aa   Data           1  service_51822.o(.data)
    nrf_nvic_state                           0x20002140   Data           8  softdevice_handler.o(.data)
    SystemCoreClock                          0x20002160   Data           4  system_nrf51.o(.data)
    g_ucNUS_PacketBuffer                     0x20002164   Data          20  main.o(.bss)
    g_uiADC_value_seat                       0x20002178   Data          64  main.o(.bss)
    g_device_name                            0x200025a4   Data          26  service_51822.o(.bss)
    __initial_sp                             0x20003108   Data           0  arm_startup_nrf51.o(STACK)



==============================================================================

Memory Map of the image

  Image Entry point : 0x0001b0c1

  Load Region LR_IROM1 (Base: 0x0001b000, Size: 0x00002e58, Max: 0x00025000, ABSOLUTE)

    Execution Region ER_IROM1 (Exec base: 0x0001b000, Load base: 0x0001b000, Size: 0x00002d74, Max: 0x00025000, ABSOLUTE)

    Exec Addr    Load Addr    Size         Type   Attr      Idx    E Section Name        Object

    0x0001b000   0x0001b000   0x000000c0   Data   RO         2795    RESET               arm_startup_nrf51.o
    0x0001b0c0   0x0001b0c0   0x00000000   Code   RO         2837  * .ARM.Collect$$$$00000000  mc_p.l(entry.o)
    0x0001b0c0   0x0001b0c0   0x00000004   Code   RO         2858    .ARM.Collect$$$$00000001  mc_p.l(entry2.o)
    0x0001b0c4   0x0001b0c4   0x00000004   Code   RO         2861    .ARM.Collect$$$$00000004  mc_p.l(entry5.o)
    0x0001b0c8   0x0001b0c8   0x00000000   Code   RO         2863    .ARM.Collect$$$$00000008  mc_p.l(entry7b.o)
    0x0001b0c8   0x0001b0c8   0x00000000   Code   RO         2865    .ARM.Collect$$$$0000000A  mc_p.l(entry8b.o)
    0x0001b0c8   0x0001b0c8   0x00000008   Code   RO         2866    .ARM.Collect$$$$0000000B  mc_p.l(entry9a.o)
    0x0001b0d0   0x0001b0d0   0x00000000   Code   RO         2868    .ARM.Collect$$$$0000000D  mc_p.l(entry10a.o)
    0x0001b0d0   0x0001b0d0   0x00000000   Code   RO         2870    .ARM.Collect$$$$0000000F  mc_p.l(entry11a.o)
    0x0001b0d0   0x0001b0d0   0x00000004   Code   RO         2859    .ARM.Collect$$$$00002712  mc_p.l(entry2.o)
    0x0001b0d4   0x0001b0d4   0x0000001e   Code   RO            3    .emb_text           main.o
    0x0001b0f2   0x0001b0f2   0x00000002   PAD
    0x0001b0f4   0x0001b0f4   0x0000001e   Code   RO         1079    .emb_text           nrf_delay.o
    0x0001b112   0x0001b112   0x00000002   PAD
    0x0001b114   0x0001b114   0x0000001e   Code   RO         2078    .emb_text           app_timer.o
    0x0001b132   0x0001b132   0x00000002   PAD
    0x0001b134   0x0001b134   0x00000038   Code   RO         2796    .text               arm_startup_nrf51.o
    0x0001b16c   0x0001b16c   0x0000002c   Code   RO         2840    .text               mc_p.l(uidiv.o)
    0x0001b198   0x0001b198   0x00000024   Code   RO         2844    .text               mc_p.l(memcpya.o)
    0x0001b1bc   0x0001b1bc   0x00000024   Code   RO         2846    .text               mc_p.l(memseta.o)
    0x0001b1e0   0x0001b1e0   0x0000001a   Code   RO         2848    .text               mc_p.l(strncpy.o)
    0x0001b1fa   0x0001b1fa   0x0000000e   Code   RO         2850    .text               mc_p.l(strlen.o)
    0x0001b208   0x0001b208   0x0000001a   Code   RO         2852    .text               mc_p.l(memcmp.o)
    0x0001b222   0x0001b222   0x00000002   PAD
    0x0001b224   0x0001b224   0x00000024   Code   RO         2872    .text               mc_p.l(init.o)
    0x0001b248   0x0001b248   0x0000001c   Code   RO            4    i.ADC_IRQHandler    main.o
    0x0001b264   0x0001b264   0x00000028   Code   RO            5    i.ADC_IRQ_ConfigAndGetValue_10bit_Delay81us  main.o
    0x0001b28c   0x0001b28c   0x0000003c   Code   RO            7    i.DIP_SWITCH_check_state  main.o
    0x0001b2c8   0x0001b2c8   0x00000154   Code   RO         1140    i.GPIOTE_IRQHandler  nrf_drv_gpiote.o
    0x0001b41c   0x0001b41c   0x00000044   Code   RO         2079    i.NVIC_SetPriority  app_timer.o
    0x0001b460   0x0001b460   0x00000020   Code   RO         2080    i.RTC1_IRQHandler   app_timer.o
    0x0001b480   0x0001b480   0x00000008   Code   RO         2081    i.SWI0_IRQHandler   app_timer.o
    0x0001b488   0x0001b488   0x00000020   Code   RO         2555    i.SWI2_IRQHandler   softdevice_handler.o
    0x0001b4a8   0x0001b4a8   0x000000a0   Code   RO         2803    i.SystemInit        system_nrf51.o
    0x0001b548   0x0001b548   0x00000018   Code   RO         1766    i.TIMER0_IRQHandler  nrf_drv_timer.o
    0x0001b560   0x0001b560   0x00000018   Code   RO         1767    i.TIMER1_IRQHandler  nrf_drv_timer.o
    0x0001b578   0x0001b578   0x00000008   Code   RO         1353    i.UART0_IRQHandler  nrf_drv_uart.o
    0x0001b580   0x0001b580   0x0000001a   Code   RO          987    i.__ARM_common_switch8  ble_srv_common.o
    0x0001b59a   0x0001b59a   0x0000000e   Code   RO         2876    i.__scatterload_copy  mc_p.l(handlers.o)
    0x0001b5a8   0x0001b5a8   0x00000002   Code   RO         2877    i.__scatterload_null  mc_p.l(handlers.o)
    0x0001b5aa   0x0001b5aa   0x0000000e   Code   RO         2878    i.__scatterload_zeroinit  mc_p.l(handlers.o)
    0x0001b5b8   0x0001b5b8   0x00000216   Code   RO          613    i.adv_data_encode   ble_advdata.o
    0x0001b7ce   0x0001b7ce   0x0000003c   Code   RO         2753    i.advertising_buttons_configure  bsp_btn_ble.o
    0x0001b80a   0x0001b80a   0x00000002   PAD
    0x0001b80c   0x0001b80c   0x00000060   Code   RO          386    i.advertising_init_forever  service_51822.o
    0x0001b86c   0x0001b86c   0x0000001c   Code   RO         1989    i.app_error_fault_handler  app_error_weak.o
    0x0001b888   0x0001b888   0x00000018   Code   RO         1954    i.app_error_handler_bare  app_error.o
    0x0001b8a0   0x0001b8a0   0x0000002c   Code   RO         2084    i.app_timer_create  app_timer.o
    0x0001b8cc   0x0001b8cc   0x00000090   Code   RO         2085    i.app_timer_init    app_timer.o
    0x0001b95c   0x0001b95c   0x0000007c   Code   RO         2086    i.app_timer_start   app_timer.o
    0x0001b9d8   0x0001b9d8   0x00000054   Code   RO         2087    i.app_timer_stop    app_timer.o
    0x0001ba2c   0x0001ba2c   0x00000068   Code   RO          614    i.ble_advdata_set   ble_advdata.o
    0x0001ba94   0x0001ba94   0x00000124   Code   RO          727    i.ble_advertising_init  ble_advertising.o
    0x0001bbb8   0x0001bbb8   0x0000007c   Code   RO          728    i.ble_advertising_on_ble_evt  ble_advertising.o
    0x0001bc34   0x0001bc34   0x00000010   Code   RO          731    i.ble_advertising_peer_address_clear  ble_advertising.o
    0x0001bc44   0x0001bc44   0x000001ec   Code   RO          733    i.ble_advertising_start  ble_advertising.o
    0x0001be30   0x0001be30   0x00000054   Code   RO          827    i.ble_conn_params_init  ble_conn_params.o
    0x0001be84   0x0001be84   0x00000090   Code   RO          828    i.ble_conn_params_on_ble_evt  ble_conn_params.o
    0x0001bf14   0x0001bf14   0x0000005e   Code   RO          615    i.ble_device_addr_encode  ble_advdata.o
    0x0001bf72   0x0001bf72   0x00000002   PAD
    0x0001bf74   0x0001bf74   0x00000028   Code   RO          388    i.ble_evt_dispatch  service_51822.o
    0x0001bf9c   0x0001bf9c   0x00000068   Code   RO          903    i.ble_nus_init      ble_nus.o
    0x0001c004   0x0001c004   0x00000058   Code   RO          904    i.ble_nus_on_ble_evt  ble_nus.o
    0x0001c05c   0x0001c05c   0x00000054   Code   RO          905    i.ble_nus_string_send  ble_nus.o
    0x0001c0b0   0x0001c0b0   0x00000070   Code   RO          389    i.ble_stack_init    service_51822.o
    0x0001c120   0x0001c120   0x00000078   Code   RO         2755    i.bsp_btn_ble_on_ble_evt  bsp_btn_ble.o
    0x0001c198   0x0001c198   0x00000014   Code   RO         2756    i.bsp_btn_ble_sleep_mode_prepare  bsp_btn_ble.o
    0x0001c1ac   0x0001c1ac   0x00000004   Code   RO         2664    i.bsp_event_to_button_action_assign  bsp.o
    0x0001c1b0   0x0001c1b0   0x0000001c   Code   RO         2665    i.bsp_indication_set  bsp.o
    0x0001c1cc   0x0001c1cc   0x000001d8   Code   RO         2668    i.bsp_led_indication  bsp.o
    0x0001c3a4   0x0001c3a4   0x00000004   Code   RO         2669    i.bsp_wakeup_buttons_set  bsp.o
    0x0001c3a8   0x0001c3a8   0x00000010   Code   RO         1143    i.channel_port_get  nrf_drv_gpiote.o
    0x0001c3b8   0x0001c3b8   0x000000a8   Code   RO         2089    i.compare_reg_update  app_timer.o
    0x0001c460   0x0001c460   0x00000046   Code   RO           11    i.config_4067_single_ch  main.o
    0x0001c4a6   0x0001c4a6   0x00000002   PAD
    0x0001c4a8   0x0001c4a8   0x00000034   Code   RO           12    i.config_HW         main.o
    0x0001c4dc   0x0001c4dc   0x000000a8   Code   RO           13    i.config_adc_each_port  main.o
    0x0001c584   0x0001c584   0x0000001c   Code   RO          391    i.config_bsp_nus    service_51822.o
    0x0001c5a0   0x0001c5a0   0x00000050   Code   RO          393    i.config_gap_param_and_init_nus  service_51822.o
    0x0001c5f0   0x0001c5f0   0x0000001c   Code   RO           14    i.config_input_gpio_3switches  main.o
    0x0001c60c   0x0001c60c   0x00000010   Code   RO           15    i.config_output_gpio_2pins  main.o
    0x0001c61c   0x0001c61c   0x00000048   Code   RO           16    i.config_timer1_mainloop  main.o
    0x0001c664   0x0001c664   0x0000001c   Code   RO           17    i.config_venus_4067  main.o
    0x0001c680   0x0001c680   0x00000016   Code   RO           18    i.config_venus_adc_block  main.o
    0x0001c696   0x0001c696   0x00000002   PAD
    0x0001c698   0x0001c698   0x00000034   Code   RO           19    i.config_venus_led_pins  main.o
    0x0001c6cc   0x0001c6cc   0x00000088   Code   RO          616    i.conn_int_encode   ble_advdata.o
    0x0001c754   0x0001c754   0x00000008   Code   RO          394    i.conn_params_error_handler  service_51822.o
    0x0001c75c   0x0001c75c   0x00000048   Code   RO          395    i.conn_params_init  service_51822.o
    0x0001c7a4   0x0001c7a4   0x00000068   Code   RO          830    i.conn_params_negotiation  ble_conn_params.o
    0x0001c80c   0x0001c80c   0x00000040   Code   RO         2090    i.elapsed_ticks_acquire  app_timer.o
    0x0001c84c   0x0001c84c   0x00000018   Code   RO         2274    i.fs_queued_op_count_get  fstorage.o
    0x0001c864   0x0001c864   0x00000048   Code   RO          397    i.gap_params_init   service_51822.o
    0x0001c8ac   0x0001c8ac   0x00000078   Code   RO         2556    i.intern_softdevice_events_execute  softdevice_handler.o
    0x0001c924   0x0001c924   0x00000040   Code   RO         1768    i.irq_handler       nrf_drv_timer.o
    0x0001c964   0x0001c964   0x0000001c   Code   RO          831    i.is_conn_params_ok  ble_conn_params.o
    0x0001c980   0x0001c980   0x00000048   Code   RO         2804    i.is_manual_peripheral_setup_needed  system_nrf51.o
    0x0001c9c8   0x0001c9c8   0x00000054   Code   RO          617    i.le_role_encode    ble_advdata.o
    0x0001ca1c   0x0001ca1c   0x000000bc   Code   RO         2091    i.list_deletions_handler  app_timer.o
    0x0001cad8   0x0001cad8   0x000000d4   Code   RO         2092    i.list_insertions_handler  app_timer.o
    0x0001cbac   0x0001cbac   0x0000000c   Code   RO           21    i.main              main.o
    0x0001cbb8   0x0001cbb8   0x00000068   Code   RO          618    i.manuf_specific_data_encode  ble_advdata.o
    0x0001cc20   0x0001cc20   0x00000034   Code   RO           22    i.measure_adc_battery_half  main.o
    0x0001cc54   0x0001cc54   0x00000080   Code   RO           23    i.measure_adc_seat_16ch  main.o
    0x0001ccd4   0x0001ccd4   0x0000009e   Code   RO          619    i.name_encode       ble_advdata.o
    0x0001cd72   0x0001cd72   0x00000002   PAD
    0x0001cd74   0x0001cd74   0x00000020   Code   RO           24    i.nrf_adc_input_select  main.o
    0x0001cd94   0x0001cd94   0x0000001c   Code   RO         1080    i.nrf_delay_ms      nrf_delay.o
    0x0001cdb0   0x0001cdb0   0x00000060   Code   RO         1107    i.nrf_drv_common_irq_enable  nrf_drv_common.o
    0x0001ce10   0x0001ce10   0x0000002a   Code   RO         1771    i.nrf_drv_timer_compare  nrf_drv_timer.o
    0x0001ce3a   0x0001ce3a   0x00000002   PAD
    0x0001ce3c   0x0001ce3c   0x0000001c   Code   RO         1775    i.nrf_drv_timer_enable  nrf_drv_timer.o
    0x0001ce58   0x0001ce58   0x0000002e   Code   RO         1776    i.nrf_drv_timer_extended_compare  nrf_drv_timer.o
    0x0001ce86   0x0001ce86   0x00000002   PAD
    0x0001ce88   0x0001ce88   0x000000ac   Code   RO         1778    i.nrf_drv_timer_init  nrf_drv_timer.o
    0x0001cf34   0x0001cf34   0x00000024   Code   RO           25    i.nrf_gpio_cfg      main.o
    0x0001cf58   0x0001cf58   0x00000012   Code   RO           26    i.nrf_gpio_cfg_input  main.o
    0x0001cf6a   0x0001cf6a   0x00000014   Code   RO           27    i.nrf_gpio_cfg_output  main.o
    0x0001cf7e   0x0001cf7e   0x00000002   PAD
    0x0001cf80   0x0001cf80   0x00000020   Code   RO         1169    i.nrf_gpio_cfg_sense_set  nrf_drv_gpiote.o
    0x0001cfa0   0x0001cfa0   0x00000010   Code   RO           28    i.nrf_gpio_pin_clear  main.o
    0x0001cfb0   0x0001cfb0   0x00000010   Code   RO           29    i.nrf_gpio_pin_set  main.o
    0x0001cfc0   0x0001cfc0   0x00000014   Code   RO         1170    i.nrf_gpiote_event_is_set  nrf_drv_gpiote.o
    0x0001cfd4   0x0001cfd4   0x0000000a   Code   RO         1370    i.nrf_uart_event_check  nrf_drv_uart.o
    0x0001cfde   0x0001cfde   0x00000010   Code   RO         1371    i.nrf_uart_int_enable_check  nrf_drv_uart.o
    0x0001cfee   0x0001cfee   0x0000000c   Code   RO          398    i.nus_data_handler  service_51822.o
    0x0001cffa   0x0001cffa   0x00000002   PAD
    0x0001cffc   0x0001cffc   0x00000024   Code   RO          399    i.nus_send_data_20  service_51822.o
    0x0001d020   0x0001d020   0x00000204   Code   RO           30    i.on_BLE_receive    main.o
    0x0001d224   0x0001d224   0x00000020   Code   RO          400    i.on_adv_evt        service_51822.o
    0x0001d244   0x0001d244   0x00000078   Code   RO          401    i.on_ble_evt        service_51822.o
    0x0001d2bc   0x0001d2bc   0x00000020   Code   RO          402    i.on_conn_params_evt  service_51822.o
    0x0001d2dc   0x0001d2dc   0x00000016   Code   RO          735    i.peer_address_exists  ble_advertising.o
    0x0001d2f2   0x0001d2f2   0x00000002   PAD
    0x0001d2f4   0x0001d2f4   0x00000028   Code   RO         1539    i.pstorage_access_status_get  pstorage.o
    0x0001d31c   0x0001d31c   0x00000060   Code   RO           31    i.reorder_adc_scanned_buffer_VENUS  main.o
    0x0001d37c   0x0001d37c   0x00000044   Code   RO         2093    i.rtc1_stop         app_timer.o
    0x0001d3c0   0x0001d3c0   0x00000038   Code   RO         1372    i.rx_byte           nrf_drv_uart.o
    0x0001d3f8   0x0001d3f8   0x0000009e   Code   RO          906    i.rx_char_add       ble_nus.o
    0x0001d496   0x0001d496   0x00000002   PAD
    0x0001d498   0x0001d498   0x0000001c   Code   RO         1373    i.rx_done_event     nrf_drv_uart.o
    0x0001d4b4   0x0001d4b4   0x00000038   Code   RO           32    i.scan_adc_all_and_send_via_BLE  main.o
    0x0001d4ec   0x0001d4ec   0x00000010   Code   RO         2557    i.sd_check_ram_start  softdevice_handler.o
    0x0001d4fc   0x0001d4fc   0x0000008c   Code   RO         2558    i.sd_nvic_EnableIRQ  softdevice_handler.o
    0x0001d588   0x0001d588   0x0000008e   Code   RO          620    i.service_data_encode  ble_advdata.o
    0x0001d616   0x0001d616   0x00000002   PAD
    0x0001d618   0x0001d618   0x00000020   Code   RO          403    i.services_init     service_51822.o
    0x0001d638   0x0001d638   0x00000028   Code   RO          404    i.sleep_mode_enter  service_51822.o
    0x0001d660   0x0001d660   0x00000014   Code   RO         2559    i.softdevice_ble_evt_handler_set  softdevice_handler.o
    0x0001d674   0x0001d674   0x00000014   Code   RO         2560    i.softdevice_enable  softdevice_handler.o
    0x0001d688   0x0001d688   0x00000028   Code   RO         2561    i.softdevice_enable_get_default_config  softdevice_handler.o
    0x0001d6b0   0x0001d6b0   0x00000008   Code   RO         2562    i.softdevice_fault_handler  softdevice_handler.o
    0x0001d6b8   0x0001d6b8   0x00000034   Code   RO         2563    i.softdevice_handler_init  softdevice_handler.o
    0x0001d6ec   0x0001d6ec   0x00000028   Code   RO           34    i.timer1_loop_main  main.o
    0x0001d714   0x0001d714   0x00000084   Code   RO         2094    i.timer_list_handler  app_timer.o
    0x0001d798   0x0001d798   0x00000010   Code   RO         2095    i.timer_list_handler_sched  app_timer.o
    0x0001d7a8   0x0001d7a8   0x00000040   Code   RO         2096    i.timer_list_insert  app_timer.o
    0x0001d7e8   0x0001d7e8   0x00000020   Code   RO           35    i.timer_mainloop_handler  main.o
    0x0001d808   0x0001d808   0x00000080   Code   RO         2097    i.timer_timeouts_check  app_timer.o
    0x0001d888   0x0001d888   0x00000020   Code   RO           37    i.turn_led_off      main.o
    0x0001d8a8   0x0001d8a8   0x0000002c   Code   RO         1375    i.tx_byte           nrf_drv_uart.o
    0x0001d8d4   0x0001d8d4   0x00000080   Code   RO          907    i.tx_char_add       ble_nus.o
    0x0001d954   0x0001d954   0x00000020   Code   RO         1376    i.tx_done_event     nrf_drv_uart.o
    0x0001d974   0x0001d974   0x00000128   Code   RO         1377    i.uart_irq_handler  nrf_drv_uart.o
    0x0001da9c   0x0001da9c   0x0000000a   Code   RO          621    i.uint16_encode     ble_advdata.o
    0x0001daa6   0x0001daa6   0x00000002   PAD
    0x0001daa8   0x0001daa8   0x00000064   Code   RO          832    i.update_timeout_handler  ble_conn_params.o
    0x0001db0c   0x0001db0c   0x00000054   Code   RO         2098    i.user_id_get       app_timer.o
    0x0001db60   0x0001db60   0x00000026   Code   RO         2099    i.user_op_alloc     app_timer.o
    0x0001db86   0x0001db86   0x00000030   Code   RO          622    i.uuid_list_encode  ble_advdata.o
    0x0001dbb6   0x0001dbb6   0x000000ae   Code   RO          623    i.uuid_list_sized_encode  ble_advdata.o
    0x0001dc64   0x0001dc64   0x0000006c   Code   RO           39    i.venus_packet_assemble  main.o
    0x0001dcd0   0x0001dcd0   0x00000010   Code   RO           40    i.venus_packet_clear  main.o
    0x0001dce0   0x0001dce0   0x0000000a   Code   RO           41    i.venus_packet_send  main.o
    0x0001dcea   0x0001dcea   0x00000010   Code   RO          736    i.whitelist_has_entries  ble_advertising.o
    0x0001dcfa   0x0001dcfa   0x00000002   PAD
    0x0001dcfc   0x0001dcfc   0x00000014   Code   RO           43    i.work_gatt_uart    main.o
    0x0001dd10   0x0001dd10   0x00000014   Data   RO           45    .constdata          main.o
    0x0001dd24   0x0001dd24   0x00000004   Data   RO          408    .constdata          service_51822.o
    0x0001dd28   0x0001dd28   0x00000004   Data   RO          835    .constdata          ble_conn_params.o
    0x0001dd2c   0x0001dd2c   0x00000010   Data   RO          908    .constdata          ble_nus.o
    0x0001dd3c   0x0001dd3c   0x00000010   Data   RO         1783    .constdata          nrf_drv_timer.o
    0x0001dd4c   0x0001dd4c   0x00000008   Data   RO         2673    .constdata          bsp.o
    0x0001dd54   0x0001dd54   0x00000020   Data   RO         2874    Region$$Table       anon$$obj.o


    Execution Region RW_IRAM1 (Exec base: 0x20002080, Load base: 0x0001dd74, Size: 0x00001088, Max: 0x00001f80, ABSOLUTE)

    Exec Addr    Load Addr    Size         Type   Attr      Idx    E Section Name        Object

    0x20002080   0x0001dd74   0x00000029   Data   RW           46    .data               main.o
    0x200020a9   0x0001dd9d   0x00000001   PAD
    0x200020aa   0x0001dd9e   0x00000008   Data   RW          409    .data               service_51822.o
    0x200020b2   0x0001dda6   0x00000002   PAD
    0x200020b4   0x0001dda8   0x0000001f   Data   RW          738    .data               ble_advertising.o
    0x200020d3   0x0001ddc7   0x00000001   PAD
    0x200020d4   0x0001ddc8   0x00000014   Data   RW          836    .data               ble_conn_params.o
    0x200020e8   0x0001dddc   0x00000024   Data   RW         1564    .data               pstorage.o
    0x2000210c   0x0001de00   0x00000020   Data   RW         2100    .data               app_timer.o
    0x2000212c   0x0001de20   0x0000001c   Data   RW         2567    .data               softdevice_handler.o
    0x20002148   0x0001de3c   0x00000010   Data   RW         2674    .data               bsp.o
    0x20002158   0x0001de4c   0x00000008   Data   RW         2757    .data               bsp_btn_ble.o
    0x20002160   0x0001de54   0x00000004   Data   RW         2805    .data               system_nrf51.o
    0x20002164        -       0x00000054   Zero   RW           44    .bss                main.o
    0x200021b8        -       0x00000424   Zero   RW          406    .bss                service_51822.o
    0x200025dc        -       0x00000103   Zero   RW          737    .bss                ble_advertising.o
    0x200026df   0x0001de58   0x00000001   PAD
    0x200026e0        -       0x00000020   Zero   RW          833    .bss                ble_conn_params.o
    0x20002700        -       0x0000001c   Zero   RW          834    .bss                ble_conn_params.o
    0x2000271c        -       0x00000048   Zero   RW         1173    .bss                nrf_drv_gpiote.o
    0x20002764        -       0x0000001c   Zero   RW         1378    .bss                nrf_drv_uart.o
    0x20002780        -       0x000000d8   Zero   RW         1562    .bss                pstorage.o
    0x20002858        -       0x00000018   Zero   RW         1782    .bss                nrf_drv_timer.o
    0x20002870        -       0x00000058   Zero   RW         2283    .bss                fstorage.o
    0x200028c8        -       0x00000020   Zero   RW         2671    .bss                bsp.o
    0x200028e8        -       0x00000020   Zero   RW         2672    .bss                bsp.o
    0x20002908        -       0x00000800   Zero   RW         2793    STACK               arm_startup_nrf51.o


==============================================================================

Image component sizes


      Code (inc. data)   RO Data    RW Data    ZI Data      Debug   Object Name

        24          4          0          0          0       2233   app_error.o
        28         10          0          0          0       7102   app_error_weak.o
      1696        150          0         32          0      30703   app_timer.o
        56         18        192          0       2048        716   arm_startup_nrf51.o
      1588          6          0          0          0      54224   ble_advdata.o
       962         28          0         31        259      17288   ble_advertising.o
       460         58          4         20         60      15324   ble_conn_params.o
       562         12         16          0          0       6666   ble_nus.o
        26          0          0          0          0         72   ble_srv_common.o
       508         46          8         16         64       8390   bsp.o
       200          6          0          8          0       4494   bsp_btn_ble.o
        24          6          0          0         88       3792   fstorage.o
      1922        350         20         41         84      66684   main.o
        58          4          0          0          0       1795   nrf_delay.o
        96         18          0          0          0       8628   nrf_drv_common.o
       408         46          0          0         72      14218   nrf_drv_gpiote.o
       400         36         16          0         24      15275   nrf_drv_timer.o
       490         58          0          0         28      14337   nrf_drv_uart.o
        40         10          0         36        216      11165   pstorage.o
       812         96          4          8       1060      64597   service_51822.o
       448         58          0         28          0      23032   softdevice_handler.o
       232         36          0          4          0       2375   system_nrf51.o

    ----------------------------------------------------------------------
     11074       1056        292        228       4004     373110   Object Totals
         0          0         32          0          0          0   (incl. Generated)
        34          0          0          4          1          0   (incl. Padding)

    ----------------------------------------------------------------------

      Code (inc. data)   RO Data    RW Data    ZI Data      Debug   Library Member Name

         0          0          0          0          0          0   entry.o
         0          0          0          0          0          0   entry10a.o
         0          0          0          0          0          0   entry11a.o
         8          4          0          0          0          0   entry2.o
         4          0          0          0          0          0   entry5.o
         0          0          0          0          0          0   entry7b.o
         0          0          0          0          0          0   entry8b.o
         8          4          0          0          0          0   entry9a.o
        30          0          0          0          0          0   handlers.o
        36          8          0          0          0         68   init.o
        26          0          0          0          0         72   memcmp.o
        36          0          0          0          0         60   memcpya.o
        36          0          0          0          0        100   memseta.o
        14          0          0          0          0         60   strlen.o
        26          0          0          0          0         68   strncpy.o
        44          0          0          0          0         72   uidiv.o

    ----------------------------------------------------------------------
       270         16          0          0          0        500   Library Totals
         2          0          0          0          0          0   (incl. Padding)

    ----------------------------------------------------------------------

      Code (inc. data)   RO Data    RW Data    ZI Data      Debug   Library Name

       268         16          0          0          0        500   mc_p.l

    ----------------------------------------------------------------------
       270         16          0          0          0        500   Library Totals

    ----------------------------------------------------------------------

==============================================================================


      Code (inc. data)   RO Data    RW Data    ZI Data      Debug   

     11344       1072        292        228       4004     367666   Grand Totals
     11344       1072        292        228       4004     367666   ELF Image Totals
     11344       1072        292        228          0          0   ROM Totals

==============================================================================

    Total RO  Size (Code + RO Data)                11636 (  11.36kB)
    Total RW  Size (RW Data + ZI Data)              4232 (   4.13kB)
    Total ROM Size (Code + RO Data + RW Data)      11864 (  11.59kB)

==============================================================================

