Component: ARM Compiler 5.06 update 5 (build 528) Tool: armlink [4d35e2]

==============================================================================

Section Cross References

    main.o(i.check_battery_to_off) refers to venus_app.o(i.get_battery_level_100) for get_battery_level_100
    main.o(i.check_battery_to_off) refers to main.o(.data) for .data
    main.o(i.main) refers to main.o(i.main_config) for main_config
    main.o(i.main) refers to printf5.o(i.__0printf$5) for __2printf
    main.o(i.main) refers to venus_peri.o(i.app_led_turn_on) for app_led_turn_on
    main.o(i.main) refers to nrf_delay.o(i.nrf_delay_ms) for nrf_delay_ms
    main.o(i.main) refers to venus_peri.o(i.peri_main_start) for peri_main_start
    main.o(i.main) refers to venus_app.o(i.app_main_start) for app_main_start
    main.o(i.main) refers to venus_peri.o(i.get_dipsw_state) for get_dipsw_state
    main.o(i.main) refers to venus_ble.o(i.ble_adv_start) for ble_adv_start
    main.o(i.main) refers to app_error.o(i.app_error_handler_bare) for app_error_handler_bare
    main.o(i.main) refers to main.o(i.check_battery_to_off) for check_battery_to_off
    main.o(i.main) refers to venus_app.o(i.app_main_timer_work) for app_main_timer_work
    main.o(i.main_config) refers to app_timer.o(i.app_timer_init) for app_timer_init
    main.o(i.main_config) refers to app_error.o(i.app_error_handler_bare) for app_error_handler_bare
    main.o(i.main_config) refers to venus_peri.o(i.uart_init) for uart_init
    main.o(i.main_config) refers to venus_peri.o(i.gpio_init) for gpio_init
    main.o(i.main_config) refers to venus_ble.o(i.buttons_leds_init) for buttons_leds_init
    main.o(i.main_config) refers to venus_ble.o(i.ble_stack_init) for ble_stack_init
    main.o(i.main_config) refers to venus_ble.o(i.device_manager_init) for device_manager_init
    main.o(i.main_config) refers to venus_ble.o(i.gap_params_init) for gap_params_init
    main.o(i.main_config) refers to venus_ble.o(i.services_init) for services_init
    main.o(i.main_config) refers to venus_ble.o(i.advertising_permanently_init) for advertising_permanently_init
    main.o(i.main_config) refers to venus_ble.o(i.conn_params_init) for conn_params_init
    main.o(i.main_config) refers to main.o(.bss) for .bss
    venus_app.o(i.app_main_start) refers to venus_peri.o(i.config_HW) for config_HW
    venus_app.o(i.app_main_start) refers to venus_app.o(i.task_timer_config) for task_timer_config
    venus_app.o(i.app_main_start) refers to app_timer.o(i.app_timer_start) for app_timer_start
    venus_app.o(i.app_main_start) refers to app_error.o(i.app_error_handler_bare) for app_error_handler_bare
    venus_app.o(i.app_main_start) refers to venus_peri.o(i.get_dipsw_state) for get_dipsw_state
    venus_app.o(i.app_main_start) refers to venus_app.o(.constdata) for .constdata
    venus_app.o(i.app_main_timer_work) refers to venus_peri.o(i.get_dipsw_state) for get_dipsw_state
    venus_app.o(i.app_main_timer_work) refers to venus_app.o(i.work_adv_update) for work_adv_update
    venus_app.o(i.app_main_timer_work) refers to venus_ble.o(i.is_ble_service_connected) for is_ble_service_connected
    venus_app.o(i.app_main_timer_work) refers to venus_app.o(i.work_gatt_uart) for work_gatt_uart
    venus_app.o(i.app_main_timer_work) refers to venus_app.o(.data) for .data
    venus_app.o(i.get_battery_level_100) refers to venus_app.o(.data) for .data
    venus_app.o(i.measure_adc_battery_level) refers to venus_app.o(i.nrf_adc_input_select) for nrf_adc_input_select
    venus_app.o(i.measure_adc_battery_level) refers to venus_peri.o(i.ADC_IRQ_ConfigAndGetValue_10bit_Delay81us) for ADC_IRQ_ConfigAndGetValue_10bit_Delay81us
    venus_app.o(i.measure_adc_battery_level) refers to uidiv.o(.text) for __aeabi_uidivmod
    venus_app.o(i.measure_adc_battery_level) refers to venus_app.o(.data) for .data
    venus_app.o(i.measure_adc_seat_32ch) refers to memseta.o(.text) for __aeabi_memclr
    venus_app.o(i.measure_adc_seat_32ch) refers to venus_app.o(i.nrf_adc_input_select) for nrf_adc_input_select
    venus_app.o(i.measure_adc_seat_32ch) refers to venus_peri.o(i.config_4067_single_ch) for config_4067_single_ch
    venus_app.o(i.measure_adc_seat_32ch) refers to venus_peri.o(i.ADC_IRQ_ConfigAndGetValue_10bit_Delay81us) for ADC_IRQ_ConfigAndGetValue_10bit_Delay81us
    venus_app.o(i.measure_adc_seat_32ch) refers to uidiv.o(.text) for __aeabi_uidivmod
    venus_app.o(i.measure_adc_seat_32ch) refers to venus_app.o(.bss) for .bss
    venus_app.o(i.measure_adc_seat_32ch) refers to venus_peri.o(.data) for g_DIPSWITCH_state
    venus_app.o(i.measure_adc_seat_32ch) refers to venus_app.o(.data) for .data
    venus_app.o(i.on_nus_receive_parse) refers to venus_app.o(i.nrf_gpio_pin_set) for nrf_gpio_pin_set
    venus_app.o(i.on_nus_receive_parse) refers to venus_app.o(i.nrf_gpio_pin_clear) for nrf_gpio_pin_clear
    venus_app.o(i.on_nus_receive_parse) refers to memcmp.o(.text) for memcmp
[...]
    uart_event_handler                       0x000201c5   Thumb Code   166  app_uart_fifo.o(i.uart_event_handler)
    i.uart_init                              0x00020274   Section        0  venus_peri.o(i.uart_init)
    i.uart_irq_handler                       0x000202b4   Section        0  nrf_drv_uart.o(i.uart_irq_handler)
    uart_irq_handler                         0x000202b5   Thumb Code   278  nrf_drv_uart.o(i.uart_irq_handler)
    i.uint16_encode                          0x000203dc   Section        0  ble_advdata.o(i.uint16_encode)
    uint16_encode                            0x000203dd   Thumb Code    10  ble_advdata.o(i.uint16_encode)
    i.update_status_bit_reset                0x000203e8   Section        0  device_manager_peripheral.o(i.update_status_bit_reset)
    update_status_bit_reset                  0x000203e9   Thumb Code    14  device_manager_peripheral.o(i.update_status_bit_reset)
    i.update_timeout_handler                 0x000203fc   Section        0  ble_conn_params.o(i.update_timeout_handler)
    update_timeout_handler                   0x000203fd   Thumb Code    86  ble_conn_params.o(i.update_timeout_handler)
    i.user_id_get                            0x00020460   Section        0  app_timer.o(i.user_id_get)
    user_id_get                              0x00020461   Thumb Code    76  app_timer.o(i.user_id_get)
    i.user_op_alloc                          0x000204b4   Section        0  app_timer.o(i.user_op_alloc)
    user_op_alloc                            0x000204b5   Thumb Code    38  app_timer.o(i.user_op_alloc)
    i.uuid_list_encode                       0x000204da   Section        0  ble_advdata.o(i.uuid_list_encode)
    uuid_list_encode                         0x000204db   Thumb Code    48  ble_advdata.o(i.uuid_list_encode)
    i.uuid_list_sized_encode                 0x0002050a   Section        0  ble_advdata.o(i.uuid_list_sized_encode)
    uuid_list_sized_encode                   0x0002050b   Thumb Code   174  ble_advdata.o(i.uuid_list_sized_encode)
    i.venus_adv_manufact_data_update         0x000205b8   Section        0  venus_app.o(i.venus_adv_manufact_data_update)
    i.venus_nus_packet_assemble_send         0x000205f0   Section        0  venus_app.o(i.venus_nus_packet_assemble_send)
    i.venus_packet_send                      0x00020678   Section        0  venus_app.o(i.venus_packet_send)
    i.whitelist_has_entries                  0x00020682   Section        0  ble_advertising.o(i.whitelist_has_entries)
    whitelist_has_entries                    0x00020683   Thumb Code    16  ble_advertising.o(i.whitelist_has_entries)
    i.work_adv_update                        0x00020692   Section        0  venus_app.o(i.work_adv_update)
    i.work_gatt_uart                         0x000206a4   Section        0  venus_app.o(i.work_gatt_uart)
    .constdata                               0x000206ec   Section        8  venus_app.o(.constdata)
    m_timer_id_scan32ch                      0x000206ec   Data           4  venus_app.o(.constdata)
    m_timer_id_nus_blinky                    0x000206f0   Data           4  venus_app.o(.constdata)
    .constdata                               0x000206f4   Section        8  venus_ble.o(.constdata)
    m_timer_id_ble_pair_reset                0x000206f4   Data           4  venus_ble.o(.constdata)
    .constdata                               0x000206fc   Section       24  venus_peri.o(.constdata)
    .constdata                               0x00020714   Section       24  bsp.o(.constdata)
    m_leds_timer_id                          0x00020714   Data           4  bsp.o(.constdata)
    m_alert_timer_id                         0x00020718   Data           4  bsp.o(.constdata)
    m_button_timer_id                        0x0002071c   Data           4  bsp.o(.constdata)
    m_buttons_list                           0x00020720   Data           4  bsp.o(.constdata)
    app_buttons                              0x00020724   Data           8  bsp.o(.constdata)
    .constdata                               0x0002072c   Section        4  ble_conn_params.o(.constdata)
    m_conn_params_timer_id                   0x0002072c   Data           4  ble_conn_params.o(.constdata)
    .constdata                               0x00020730   Section       16  ble_nus.o(.constdata)
    .constdata                               0x00020740   Section       48  device_manager_peripheral.o(.constdata)
    .constdata                               0x00020770   Section       32  app_uart_fifo.o(.constdata)
    .constdata                               0x00020790   Section       32  nrf_drv_uart.o(.constdata)
    m_default_config                         0x00020790   Data          32  nrf_drv_uart.o(.constdata)
    .constdata                               0x000207b0   Section       40  pstorage.o(.constdata)
    swap_sub_state_sm_lut                    0x000207b0   Data          20  pstorage.o(.constdata)
    swap_sub_state_sm_lut                    0x000207c4   Data          20  pstorage.o(.constdata)
    .constdata                               0x000207d8   Section        8  app_button.o(.constdata)
    m_detection_delay_timer_id               0x000207d8   Data           4  app_button.o(.constdata)
    .conststring                             0x000207e0   Section       69  venus_ble.o(.conststring)
    .data                                    0x20002080   Section        4  main.o(.data)
    .data                                    0x20002084   Section       24  venus_app.o(.data)
    g_timer_counter_app_test                 0x20002094   Data           4  venus_app.o(.data)
    app_main_loop_count                      0x20002098   Data           4  venus_app.o(.data)
    .data                                    0x2000209c   Section       17  venus_ble.o(.data)
    m_app_handle                             0x2000209d   Data           1  venus_ble.o(.data)
    m_conn_handle                            0x2000209e   Data           2  venus_ble.o(.data)
    m_adv_uuids                              0x200020a0   Data           4  venus_ble.o(.data)
    m_bonded_peer_handle                     0x200020a4   Data           4  venus_ble.o(.data)
    .data                                    0x200020b0   Section       12  venus_peri.o(.data)
    index                                    0x200020b0   Data           1  venus_peri.o(.data)
    tx_buffer_len                            0x200020b1   Data           1  venus_peri.o(.data)
    tx_buffer_out                            0x200020b2   Data           1  venus_peri.o(.data)
    .data                                    0x200020bc   Section       24  bsp.o(.data)
    m_stable_state                           0x200020bc   Data           1  bsp.o(.data)
    current_long_push_pin_no                 0x200020bd   Data           1  bsp.o(.data)
    release_event_at_push                    0x200020be   Data           1  bsp.o(.data)
    m_events_list                            0x200020bf   Data           3  bsp.o(.data)
    m_app_ticks_per_100ms                    0x200020c4   Data           4  bsp.o(.data)
    m_indication_type                        0x200020c8   Data           4  bsp.o(.data)
    m_alert_mask                             0x200020cc   Data           4  bsp.o(.data)
    m_registered_callback                    0x200020d0   Data           4  bsp.o(.data)
    .data                                    0x200020d4   Section        8  bsp_btn_ble.o(.data)
    m_error_handler                          0x200020d4   Data           4  bsp_btn_ble.o(.data)
    m_num_connections                        0x200020d8   Data           4  bsp_btn_ble.o(.data)
    .data                                    0x200020dc   Section       31  ble_advertising.o(.data)
    m_advertising_start_pending              0x200020dc   Data           1  ble_advertising.o(.data)
    m_whitelist_temporarily_disabled         0x200020dd   Data           1  ble_advertising.o(.data)
    m_whitelist_reply_expected               0x200020de   Data           1  ble_advertising.o(.data)
    m_peer_addr_reply_expected               0x200020df   Data           1  ble_advertising.o(.data)
    m_adv_evt                                0x200020e0   Data           1  ble_advertising.o(.data)
    m_adv_mode_current                       0x200020e1   Data           1  ble_advertising.o(.data)
    m_tx_power_level                         0x200020e2   Data           1  ble_advertising.o(.data)
    current_slave_link_conn_handle           0x200020e4   Data           2  ble_advertising.o(.data)
    m_evt_handler                            0x200020e8   Data           4  ble_advertising.o(.data)
    m_error_handler                          0x200020ec   Data           4  ble_advertising.o(.data)
    m_slave_conn_int                         0x200020f0   Data           4  ble_advertising.o(.data)
    m_peer_address                           0x200020f4   Data           7  ble_advertising.o(.data)
    .data                                    0x200020fc   Section       20  ble_conn_params.o(.data)
    m_change_param                           0x200020fc   Data           1  ble_conn_params.o(.data)
    m_update_count                           0x200020fd   Data           1  ble_conn_params.o(.data)
    m_conn_handle                            0x200020fe   Data           2  ble_conn_params.o(.data)
    m_preferred_conn_params                  0x20002100   Data           8  ble_conn_params.o(.data)
    m_current_conn_params                    0x20002108   Data           8  ble_conn_params.o(.data)
    .data                                    0x20002110   Section       24  device_manager_peripheral.o(.data)
    m_module_initialized                     0x20002110   Data           1  device_manager_peripheral.o(.data)
    m_peer_addr_update                       0x20002114   Data           4  device_manager_peripheral.o(.data)
    m_irk_index_table                        0x20002118   Data           7  device_manager_peripheral.o(.data)
    m_storage_handle                         0x20002120   Data           8  device_manager_peripheral.o(.data)
    .data                                    0x20002128   Section        8  app_uart_fifo.o(.data)
    tx_buffer                                0x20002128   Data           1  app_uart_fifo.o(.data)
    rx_buffer                                0x20002129   Data           1  app_uart_fifo.o(.data)
    m_event_handler                          0x2000212c   Data           4  app_uart_fifo.o(.data)
    .data                                    0x20002130   Section       36  pstorage.o(.data)
    m_state                                  0x20002130   Data           1  pstorage.o(.data)
    m_swap_sub_state                         0x20002131   Data           1  pstorage.o(.data)
    m_next_app_instance                      0x20002132   Data           2  pstorage.o(.data)
    m_flags                                  0x20002134   Data           4  pstorage.o(.data)
    m_next_page_addr                         0x20002138   Data           4  pstorage.o(.data)
    m_head_word_size                         0x2000213c   Data           4  pstorage.o(.data)
    m_tail_word_size                         0x20002140   Data           4  pstorage.o(.data)
    m_current_page_id                        0x20002144   Data           4  pstorage.o(.data)
    m_num_of_command_retries                 0x20002148   Data           4  pstorage.o(.data)
    m_num_of_bytes_written                   0x2000214c   Data           4  pstorage.o(.data)
    m_app_data_size                          0x20002150   Data           4  pstorage.o(.data)
    .data                                    0x20002154   Section       20  app_button.o(.data)
    m_button_count                           0x20002154   Data           1  app_button.o(.data)
    mp_buttons                               0x20002158   Data           4  app_button.o(.data)
    m_detection_delay                        0x2000215c   Data           4  app_button.o(.data)
    m_pin_state                              0x20002160   Data           4  app_button.o(.data)
    m_pin_transition                         0x20002164   Data           4  app_button.o(.data)
    .data                                    0x20002168   Section       32  app_timer.o(.data)
    m_user_array_size                        0x20002168   Data           1  app_timer.o(.data)
    m_ticks_elapsed_q_read_ind               0x20002169   Data           1  app_timer.o(.data)
    m_ticks_elapsed_q_write_ind              0x2000216a   Data           1  app_timer.o(.data)
    m_rtc1_running                           0x2000216b   Data           1  app_timer.o(.data)
    m_rtc1_reset                             0x2000216c   Data           1  app_timer.o(.data)
    mp_users                                 0x20002170   Data           4  app_timer.o(.data)
    mp_timer_id_head                         0x20002174   Data           4  app_timer.o(.data)
    m_ticks_latest                           0x20002178   Data           4  app_timer.o(.data)
    m_evt_schedule_func                      0x2000217c   Data           4  app_timer.o(.data)
    m_ticks_elapsed                          0x20002180   Data           8  app_timer.o(.data)
    .data                                    0x20002188   Section        4  retarget.o(.data)
    .data                                    0x2000218c   Section       28  softdevice_handler.o(.data)
    m_softdevice_enabled                     0x2000218c   Data           1  softdevice_handler.o(.data)
    m_ble_evt_buffer_size                    0x2000218e   Data           2  softdevice_handler.o(.data)
    m_evt_schedule_func                      0x20002190   Data           4  softdevice_handler.o(.data)
    mp_ble_evt_buffer                        0x20002194   Data           4  softdevice_handler.o(.data)
    m_ble_evt_handler                        0x20002198   Data           4  softdevice_handler.o(.data)
    m_sys_evt_handler                        0x2000219c   Data           4  softdevice_handler.o(.data)
    .data                                    0x200021a8   Section        4  system_nrf51.o(.data)
    __tagsym$$used                           0x200021a8   Number         0  system_nrf51.o(.data)
    .bss                                     0x200021ac   Section      456  main.o(.bss)
    APP_TIMER_BUF                            0x200021ac   Data         456  main.o(.bss)
    .bss                                     0x20002374   Section       32  venus_app.o(.bss)
    m_timer_id_scan32ch_data                 0x20002374   Data          32  venus_app.o(.bss)
    .bss                                     0x20002394   Section       32  venus_app.o(.bss)
    m_timer_id_nus_blinky_data               0x20002394   Data          32  venus_app.o(.bss)
    .bss                                     0x200023b4   Section       52  venus_app.o(.bss)
    .bss                                     0x200023e8   Section       32  venus_ble.o(.bss)
    m_timer_id_ble_pair_reset_data           0x200023e8   Data          32  venus_ble.o(.bss)
    .bss                                     0x20002408   Section      128  venus_ble.o(.bss)
    BLE_EVT_BUFFER                           0x20002408   Data          72  venus_ble.o(.bss)
    .bss                                     0x20002488   Section      532  venus_peri.o(.bss)
    data_array                               0x20002488   Data          20  venus_peri.o(.bss)
    rx_buf                                   0x2000249c   Data         256  venus_peri.o(.bss)
    tx_buf                                   0x2000259c   Data         256  venus_peri.o(.bss)
    .bss                                     0x2000269c   Section       32  bsp.o(.bss)
    m_leds_timer_id_data                     0x2000269c   Data          32  bsp.o(.bss)
    .bss                                     0x200026bc   Section       32  bsp.o(.bss)
    m_alert_timer_id_data                    0x200026bc   Data          32  bsp.o(.bss)
    .bss                                     0x200026dc   Section       32  bsp.o(.bss)
    m_button_timer_id_data                   0x200026dc   Data          32  bsp.o(.bss)
    .bss                                     0x200026fc   Section      259  ble_advertising.o(.bss)
    m_advdata                                0x200026fc   Data          56  ble_advertising.o(.bss)
    m_adv_modes_config                       0x20002734   Data          36  ble_advertising.o(.bss)
    m_whitelist                              0x20002758   Data          16  ble_advertising.o(.bss)
    mp_whitelist_addr                        0x20002768   Data          32  ble_advertising.o(.bss)
    mp_whitelist_irk                         0x20002788   Data          32  ble_advertising.o(.bss)
    m_manuf_specific_data                    0x200027a8   Data          12  ble_advertising.o(.bss)
    m_manuf_data_array                       0x200027b4   Data          31  ble_advertising.o(.bss)
    m_service_data                           0x200027d4   Data          12  ble_advertising.o(.bss)
    m_service_data_array                     0x200027e0   Data          31  ble_advertising.o(.bss)
    .bss                                     0x20002800   Section       32  ble_conn_params.o(.bss)
    m_conn_params_timer_id_data              0x20002800   Data          32  ble_conn_params.o(.bss)
    .bss                                     0x20002820   Section       28  ble_conn_params.o(.bss)
    m_conn_params_config                     0x20002820   Data          28  ble_conn_params.o(.bss)
    .bss                                     0x2000283c   Section      295  device_manager_peripheral.o(.bss)
    m_peer_table                             0x2000283c   Data         196  device_manager_peripheral.o(.bss)
    m_bond_table                             0x20002900   Data          28  device_manager_peripheral.o(.bss)
    m_gatts_table                            0x2000291c   Data          24  device_manager_peripheral.o(.bss)
    m_connection_table                       0x20002934   Data          12  device_manager_peripheral.o(.bss)
    m_application_table                      0x20002940   Data          12  device_manager_peripheral.o(.bss)
    m_local_id_info                          0x2000294c   Data          23  device_manager_peripheral.o(.bss)
    .bss                                     0x20002964   Section       32  app_uart_fifo.o(.bss)
    m_rx_fifo                                0x20002964   Data          16  app_uart_fifo.o(.bss)
    m_tx_fifo                                0x20002974   Data          16  app_uart_fifo.o(.bss)
    .bss                                     0x20002984   Section       72  nrf_drv_gpiote.o(.bss)
    m_cb                                     0x20002984   Data          72  nrf_drv_gpiote.o(.bss)
    .bss                                     0x200029cc   Section       28  nrf_drv_uart.o(.bss)
    m_cb                                     0x200029cc   Data          28  nrf_drv_uart.o(.bss)
    .bss                                     0x200029e8   Section      216  pstorage.o(.bss)
    m_cmd_queue                              0x200029e8   Data         204  pstorage.o(.bss)
    m_app_table                              0x20002ab4   Data          12  pstorage.o(.bss)
    .bss                                     0x20002ac0   Section       32  app_button.o(.bss)
    m_detection_delay_timer_id_data          0x20002ac0   Data          32  app_button.o(.bss)
    .bss                                     0x20002ae0   Section       88  fstorage.o(.bss)
    m_queue                                  0x20002ae0   Data          88  fstorage.o(.bss)
    STACK                                    0x20002b38   Section     2048  arm_startup_nrf51.o(STACK)

    Global Symbols

    Symbol Name                              Value     Ov Type        Size  Object(Section)

    BuildAttributes$$THM_ISAv3M$S$PE$A:L22$X:L11$S22$IEEE1$IW$USESV6$~STKCKD$USESV7$~SHL$OSPACE$ROPI$EBA8$MICROLIB$REQ8$PRES8$EABIv2 0x00000000   Number         0  anon$$obj.o ABSOLUTE
    __ARM_use_no_argv                        0x00000000   Number         0  main.o ABSOLUTE
    _printf_a                                0x00000000   Number         0  stubs.o ABSOLUTE
    _printf_c                                0x00000000   Number         0  stubs.o ABSOLUTE
    _printf_charcount                        0x00000000   Number         0  stubs.o ABSOLUTE
    _printf_d                                0x00000000   Number         0  stubs.o ABSOLUTE
    _printf_e                                0x00000000   Number         0  stubs.o ABSOLUTE
    _printf_f                                0x00000000   Number         0  stubs.o ABSOLUTE
    _printf_flags                            0x00000000   Number         0  stubs.o ABSOLUTE
    _printf_fp_dec                           0x00000000   Number         0  stubs.o ABSOLUTE
    _printf_fp_hex                           0x00000000   Number         0  stubs.o ABSOLUTE
    _printf_g                                0x00000000   Number         0  stubs.o ABSOLUTE
    _printf_i                                0x00000000   Number         0  stubs.o ABSOLUTE
    _printf_int_dec                          0x00000000   Number         0  stubs.o ABSOLUTE
    _printf_l                                0x00000000   Number         0  stubs.o ABSOLUTE
    _printf_lc                               0x00000000   Number         0  stubs.o ABSOLUTE
    _printf_ll                               0x00000000   Number         0  stubs.o ABSOLUTE
    _printf_lld                              0x00000000   Number         0  stubs.o ABSOLUTE
    _printf_lli                              0x00000000   Number         0  stubs.o ABSOLUTE
    _printf_llo                              0x00000000   Number         0  stubs.o ABSOLUTE
    _printf_llu                              0x00000000   Number         0  stubs.o ABSOLUTE
    _printf_llx                              0x00000000   Number         0  stubs.o ABSOLUTE
    _printf_longlong_dec                     0x00000000   Number         0  stubs.o ABSOLUTE
    _printf_longlong_hex                     0x00000000   Number         0  stubs.o ABSOLUTE
    _printf_longlong_oct                     0x00000000   Number         0  stubs.o ABSOLUTE
    _printf_ls                               0x00000000   Number         0  stubs.o ABSOLUTE
    _printf_mbtowc                           0x00000000   Number         0  stubs.o ABSOLUTE
    _printf_n                                0x00000000   Number         0  stubs.o ABSOLUTE
    _printf_o                                0x00000000   Number         0  stubs.o ABSOLUTE
    _printf_p                                0x00000000   Number         0  stubs.o ABSOLUTE
    _printf_percent                          0x00000000   Number         0  stubs.o ABSOLUTE
    _printf_pre_padding                      0x00000000   Number         0  stubs.o ABSOLUTE
    _printf_return_value                     0x00000000   Number         0  stubs.o ABSOLUTE
    _printf_s                                0x00000000   Number         0  stubs.o ABSOLUTE
    _printf_sizespec                         0x00000000   Number         0  stubs.o ABSOLUTE
    _printf_str                              0x00000000   Number         0  stubs.o ABSOLUTE
    _printf_truncate_signed                  0x00000000   Number         0  stubs.o ABSOLUTE
    _printf_truncate_unsigned                0x00000000   Number         0  stubs.o ABSOLUTE
    _printf_u                                0x00000000   Number         0  stubs.o ABSOLUTE
    _printf_wc                               0x00000000   Number         0  stubs.o ABSOLUTE
    _printf_wctomb                           0x00000000   Number         0  stubs.o ABSOLUTE
    _printf_widthprec                        0x00000000   Number         0  stubs.o ABSOLUTE
    _printf_x                                0x00000000   Number         0  stubs.o ABSOLUTE
    __cpp_initialize__aeabi_                  - Undefined Weak Reference
    __cxa_finalize                            - Undefined Weak Reference
    _clock_init                               - Undefined Weak Reference
    _microlib_exit                            - Undefined Weak Reference
    fs_data$$Base                             - Undefined Reference
    fs_data$$Limit                            - Undefined Reference
    __Vectors_Size                           0x000000c0   Number         0  arm_startup_nrf51.o ABSOLUTE
    __Vectors                                0x0001b000   Data           4  arm_startup_nrf51.o(RESET)
    __Vectors_End                            0x0001b0c0   Data           0  arm_startup_nrf51.o(RESET)
    __main                                   0x0001b0c1   Thumb Code     0  entry.o(.ARM.Collect$$$$00000000)
    _main_stk                                0x0001b0c1   Thumb Code     0  entry2.o(.ARM.Collect$$$$00000001)
    _main_scatterload                        0x0001b0c5   Thumb Code     0  entry5.o(.ARM.Collect$$$$00000004)
    __main_after_scatterload                 0x0001b0c9   Thumb Code     0  entry5.o(.ARM.Collect$$$$00000004)
    _main_clock                              0x0001b0c9   Thumb Code     0  entry7b.o(.ARM.Collect$$$$00000008)
    _main_cpp_init                           0x0001b0c9   Thumb Code     0  entry8b.o(.ARM.Collect$$$$0000000A)
    _main_init                               0x0001b0c9   Thumb Code     0  entry9a.o(.ARM.Collect$$$$0000000B)
    __rt_final_cpp                           0x0001b0d1   Thumb Code     0  entry10a.o(.ARM.Collect$$$$0000000D)
    __rt_final_exit                          0x0001b0d1   Thumb Code     0  entry11a.o(.ARM.Collect$$$$0000000F)
    __asm___12_venus_peri_c_9c1595f2__nrf_delay_us 0x0001b0d5   Thumb Code    30  venus_peri.o(.emb_text)
    __asm___11_nrf_delay_c_532987f3__nrf_delay_us 0x0001b0f5   Thumb Code    30  nrf_delay.o(.emb_text)
    __asm___11_app_timer_c_cd27f9c3__nrf_delay_us 0x0001b115   Thumb Code    30  app_timer.o(.emb_text)
    Reset_Handler                            0x0001b135   Thumb Code    26  arm_startup_nrf51.o(.text)
    NMI_Handler                              0x0001b14f   Thumb Code     2  arm_startup_nrf51.o(.text)
    HardFault_Handler                        0x0001b151   Thumb Code     2  arm_startup_nrf51.o(.text)
    SVC_Handler                              0x0001b153   Thumb Code     2  arm_startup_nrf51.o(.text)
    PendSV_Handler                           0x0001b155   Thumb Code     2  arm_startup_nrf51.o(.text)
    SysTick_Handler                          0x0001b157   Thumb Code     2  arm_startup_nrf51.o(.text)
    CCM_AAR_IRQHandler                       0x0001b159   Thumb Code     0  arm_startup_nrf51.o(.text)
    ECB_IRQHandler                           0x0001b159   Thumb Code     0  arm_startup_nrf51.o(.text)
    LPCOMP_IRQHandler                        0x0001b159   Thumb Code     0  arm_startup_nrf51.o(.text)
    POWER_CLOCK_IRQHandler                   0x0001b159   Thumb Code     0  arm_startup_nrf51.o(.text)
    QDEC_IRQHandler                          0x0001b159   Thumb Code     0  arm_startup_nrf51.o(.text)
    RADIO_IRQHandler                         0x0001b159   Thumb Code     0  arm_startup_nrf51.o(.text)
    RNG_IRQHandler                           0x0001b159   Thumb Code     0  arm_startup_nrf51.o(.text)
    RTC0_IRQHandler                          0x0001b159   Thumb Code     0  arm_startup_nrf51.o(.text)
    SPI0_TWI0_IRQHandler                     0x0001b159   Thumb Code     0  arm_startup_nrf51.o(.text)
    SPI1_TWI1_IRQHandler                     0x0001b159   Thumb Code     0  arm_startup_nrf51.o(.text)
    SWI1_IRQHandler                          0x0001b159   Thumb Code     0  arm_startup_nrf51.o(.text)
    SWI3_IRQHandler                          0x0001b159   Thumb Code     0  arm_startup_nrf51.o(.text)
    SWI4_IRQHandler                          0x0001b159   Thumb Code     0  arm_startup_nrf51.o(.text)
    SWI5_IRQHandler                          0x0001b159   Thumb Code     0  arm_startup_nrf51.o(.text)
    TEMP_IRQHandler                          0x0001b159   Thumb Code     0  arm_startup_nrf51.o(.text)
    TIMER0_IRQHandler                        0x0001b159   Thumb Code     0  arm_startup_nrf51.o(.text)
    TIMER1_IRQHandler                        0x0001b159   Thumb Code     0  arm_startup_nrf51.o(.text)
    TIMER2_IRQHandler                        0x0001b159   Thumb Code     0  arm_startup_nrf51.o(.text)
    WDT_IRQHandler                           0x0001b159   Thumb Code     0  arm_startup_nrf51.o(.text)
    __aeabi_uidiv                            0x0001b16d   Thumb Code     0  uidiv.o(.text)
    __aeabi_uidivmod                         0x0001b16d   Thumb Code    44  uidiv.o(.text)
    __aeabi_idiv                             0x0001b199   Thumb Code     0  idiv.o(.text)
    __aeabi_idivmod                          0x0001b199   Thumb Code    40  idiv.o(.text)
    __aeabi_memcpy                           0x0001b1c1   Thumb Code    36  memcpya.o(.text)
    __aeabi_memcpy4                          0x0001b1c1   Thumb Code     0  memcpya.o(.text)
    __aeabi_memcpy8                          0x0001b1c1   Thumb Code     0  memcpya.o(.text)
    __aeabi_memset                           0x0001b1e5   Thumb Code    14  memseta.o(.text)
    __aeabi_memset4                          0x0001b1e5   Thumb Code     0  memseta.o(.text)
    __aeabi_memset8                          0x0001b1e5   Thumb Code     0  memseta.o(.text)
    __aeabi_memclr                           0x0001b1f3   Thumb Code     4  memseta.o(.text)
    __aeabi_memclr4                          0x0001b1f3   Thumb Code     0  memseta.o(.text)
    __aeabi_memclr8                          0x0001b1f3   Thumb Code     0  memseta.o(.text)
    _memset$wrapper                          0x0001b1f7   Thumb Code    18  memseta.o(.text)
    strncpy                                  0x0001b209   Thumb Code    26  strncpy.o(.text)
    memcmp                                   0x0001b223   Thumb Code    26  memcmp.o(.text)
    __aeabi_uldivmod                         0x0001b23d   Thumb Code    96  uldiv.o(.text)
    __scatterload                            0x0001b29d   Thumb Code    28  init.o(.text)
    __scatterload_rt2                        0x0001b29d   Thumb Code     0  init.o(.text)
    __aeabi_llsl                             0x0001b2c1   Thumb Code    32  llshl.o(.text)
    _ll_shift_l                              0x0001b2c1   Thumb Code     0  llshl.o(.text)
    __aeabi_llsr                             0x0001b2e1   Thumb Code    34  llushr.o(.text)
    _ll_ushift_r                             0x0001b2e1   Thumb Code     0  llushr.o(.text)
    __decompress                             0x0001b303   Thumb Code     0  __dczerorl.o(.text)
    __decompress0                            0x0001b303   Thumb Code    58  __dczerorl.o(.text)
    ADC_IRQHandler                           0x0001b33d   Thumb Code    16  venus_peri.o(i.ADC_IRQHandler)
    ADC_IRQ_ConfigAndGetValue_10bit_Delay81us 0x0001b359   Thumb Code    30  venus_peri.o(i.ADC_IRQ_ConfigAndGetValue_10bit_Delay81us)
    GPIOTE_IRQHandler                        0x0001b381   Thumb Code   312  nrf_drv_gpiote.o(i.GPIOTE_IRQHandler)
    RTC1_IRQHandler                          0x0001b519   Thumb Code    28  app_timer.o(i.RTC1_IRQHandler)
    SWI0_IRQHandler                          0x0001b539   Thumb Code     8  app_timer.o(i.SWI0_IRQHandler)
    SWI2_IRQHandler                          0x0001b541   Thumb Code    28  softdevice_handler.o(i.SWI2_IRQHandler)
    SystemInit                               0x0001b561   Thumb Code   130  system_nrf51.o(i.SystemInit)
    UART0_IRQHandler                         0x0001b601   Thumb Code     8  nrf_drv_uart.o(i.UART0_IRQHandler)
    __0printf$5                              0x0001b609   Thumb Code    24  printf5.o(i.__0printf$5)
    __1printf$5                              0x0001b609   Thumb Code     0  printf5.o(i.__0printf$5)
    __2printf                                0x0001b609   Thumb Code     0  printf5.o(i.__0printf$5)
    __ARM_common_switch8                     0x0001b629   Thumb Code    26  bsp.o(i.__ARM_common_switch8)
    __scatterload_copy                       0x0001b643   Thumb Code    14  handlers.o(i.__scatterload_copy)
    __scatterload_null                       0x0001b651   Thumb Code     2  handlers.o(i.__scatterload_null)
    __scatterload_zeroinit                   0x0001b653   Thumb Code    14  handlers.o(i.__scatterload_zeroinit)
    adv_data_encode                          0x0001b93d   Thumb Code   534  ble_advdata.o(i.adv_data_encode)
    advertisement_update_packet              0x0001bb55   Thumb Code   110  venus_ble.o(i.advertisement_update_packet)
    advertising_permanently_init             0x0001bc09   Thumb Code    88  venus_ble.o(i.advertising_permanently_init)
    app_button_enable                        0x0001bc81   Thumb Code    32  app_button.o(i.app_button_enable)
    app_button_init                          0x0001bca5   Thumb Code   100  app_button.o(i.app_button_init)
    app_error_fault_handler                  0x0001bd19   Thumb Code    18  app_error_weak.o(i.app_error_fault_handler)
    app_error_handler_bare                   0x0001bd35   Thumb Code    20  app_error.o(i.app_error_handler_bare)
    app_fifo_get                             0x0001bd59   Thumb Code    22  app_fifo.o(i.app_fifo_get)
    app_fifo_init                            0x0001bd6f   Thumb Code    36  app_fifo.o(i.app_fifo_init)
    app_fifo_put                             0x0001bd93   Thumb Code    26  app_fifo.o(i.app_fifo_put)
    app_led_toggle                           0x0001bdad   Thumb Code    10  venus_peri.o(i.app_led_toggle)
    app_led_turn_on                          0x0001bdb7   Thumb Code    22  venus_peri.o(i.app_led_turn_on)
    app_main_start                           0x0001bdcd   Thumb Code    62  venus_app.o(i.app_main_start)
    app_main_timer_work                      0x0001be15   Thumb Code    52  venus_app.o(i.app_main_timer_work)
    app_timer_create                         0x0001be99   Thumb Code    40  app_timer.o(i.app_timer_create)
    app_timer_init                           0x0001bec5   Thumb Code   126  app_timer.o(i.app_timer_init)
    app_timer_start                          0x0001bf55   Thumb Code   114  app_timer.o(i.app_timer_start)
    app_timer_stop                           0x0001bfd1   Thumb Code    78  app_timer.o(i.app_timer_stop)
    app_trace_dump                           0x0001c025   Thumb Code    12  app_trace.o(i.app_trace_dump)
    app_uart_init                            0x0001c031   Thumb Code   144  app_uart_fifo.o(i.app_uart_init)
    app_uart_put                             0x0001c0d1   Thumb Code    48  app_uart_fifo.o(i.app_uart_put)
    ble_adv_start                            0x0001c109   Thumb Code    64  venus_ble.o(i.ble_adv_start)
    ble_advdata_set                          0x0001c155   Thumb Code   104  ble_advdata.o(i.ble_advdata_set)
    ble_advertising_init                     0x0001c1bd   Thumb Code   284  ble_advertising.o(i.ble_advertising_init)
    ble_advertising_on_ble_evt               0x0001c2e1   Thumb Code   118  ble_advertising.o(i.ble_advertising_on_ble_evt)
    ble_advertising_on_sys_evt               0x0001c35d   Thumb Code    42  ble_advertising.o(i.ble_advertising_on_sys_evt)
    ble_advertising_restart_without_whitelist 0x0001c39d   Thumb Code    78  ble_advertising.o(i.ble_advertising_restart_without_whitelist)
    ble_advertising_start                    0x0001c3f5   Thumb Code   482  ble_advertising.o(i.ble_advertising_start)
    ble_conn_params_init                     0x0001c5e1   Thumb Code    68  ble_conn_params.o(i.ble_conn_params_init)
    ble_conn_params_on_ble_evt               0x0001c635   Thumb Code   132  ble_conn_params.o(i.ble_conn_params_on_ble_evt)
    ble_nus_init                             0x0001c755   Thumb Code    98  ble_nus.o(i.ble_nus_init)
    ble_nus_on_ble_evt                       0x0001c7bd   Thumb Code    88  ble_nus.o(i.ble_nus_on_ble_evt)
    ble_nus_string_send                      0x0001c815   Thumb Code    78  ble_nus.o(i.ble_nus_string_send)
    ble_stack_init                           0x0001c869   Thumb Code   108  venus_ble.o(i.ble_stack_init)
    bond_data_load                           0x0001c915   Thumb Code    58  device_manager_peripheral.o(i.bond_data_load)
    bsp_btn_ble_init                         0x0001c95d   Thumb Code    80  bsp_btn_ble.o(i.bsp_btn_ble_init)
    bsp_btn_ble_on_ble_evt                   0x0001c9b1   Thumb Code   114  bsp_btn_ble.o(i.bsp_btn_ble_on_ble_evt)
    bsp_btn_ble_sleep_mode_prepare           0x0001ca29   Thumb Code    20  bsp_btn_ble.o(i.bsp_btn_ble_sleep_mode_prepare)
    bsp_button_is_pressed                    0x0001cab5   Thumb Code    36  bsp.o(i.bsp_button_is_pressed)
    bsp_event_handler                        0x0001cae1   Thumb Code    50  venus_ble.o(i.bsp_event_handler)
    bsp_event_to_button_action_assign        0x0001cb19   Thumb Code    50  bsp.o(i.bsp_event_to_button_action_assign)
    bsp_indication_set                       0x0001cb51   Thumb Code    22  bsp.o(i.bsp_indication_set)
    bsp_init                                 0x0001cb6d   Thumb Code   130  bsp.o(i.bsp_init)
    bsp_wakeup_buttons_set                   0x0001cde9   Thumb Code    36  bsp.o(i.bsp_wakeup_buttons_set)
    buttons_leds_init                        0x0001ce21   Thumb Code    56  venus_ble.o(i.buttons_leds_init)
    check_battery_to_off                     0x0001ced5   Thumb Code    36  main.o(i.check_battery_to_off)
    config_4067_single_ch                    0x0001d1b1   Thumb Code    70  venus_peri.o(i.config_4067_single_ch)
    config_HW                                0x0001d1f7   Thumb Code    24  venus_peri.o(i.config_HW)
    config_adc_each_port                     0x0001d211   Thumb Code   146  venus_peri.o(i.config_adc_each_port)
    config_gap_param_and_init_advertise      0x0001d2b9   Thumb Code    48  venus_ble.o(i.config_gap_param_and_init_advertise)
    config_nrf_gpio_adc_3pins_sensor_bat     0x0001d2fd   Thumb Code    22  venus_peri.o(i.config_nrf_gpio_adc_3pins_sensor_bat)
    config_nrf_gpio_out_2pins_motor          0x0001d313   Thumb Code    16  venus_peri.o(i.config_nrf_gpio_out_2pins_motor)
    config_nrf_gpio_out_3pins_dipsw          0x0001d323   Thumb Code    28  venus_peri.o(i.config_nrf_gpio_out_3pins_dipsw)
    config_nrf_gpio_out_4pins_4067           0x0001d33f   Thumb Code    28  venus_peri.o(i.config_nrf_gpio_out_4pins_4067)
    conn_params_init                         0x0001d3ed   Thumb Code    64  venus_ble.o(i.conn_params_init)
    device_manager_init                      0x0001d779   Thumb Code    96  venus_ble.o(i.device_manager_init)
    dipsw_scan_state                         0x0001d7e1   Thumb Code    60  venus_peri.o(i.dipsw_scan_state)
    dm_ble_evt_handler                       0x0001d825   Thumb Code  1024  device_manager_peripheral.o(i.dm_ble_evt_handler)
    dm_handle_initialize                     0x0001dc25   Thumb Code    22  device_manager_peripheral.o(i.dm_handle_initialize)
    dm_init                                  0x0001dc41   Thumb Code   174  device_manager_peripheral.o(i.dm_init)
    dm_register                              0x0001de69   Thumb Code   104  device_manager_peripheral.o(i.dm_register)
    fputc                                    0x0001dff9   Thumb Code    14  retarget.o(i.fputc)
    fs_queued_op_count_get                   0x0001e009   Thumb Code    18  fstorage.o(i.fs_queued_op_count_get)
    gap_params_adv_init                      0x0001e021   Thumb Code    62  venus_ble.o(i.gap_params_adv_init)
    gap_params_init                          0x0001e06d   Thumb Code    62  venus_ble.o(i.gap_params_init)
    get_battery_level_100                    0x0001e285   Thumb Code     6  venus_app.o(i.get_battery_level_100)
    get_dipsw_state                          0x0001e291   Thumb Code    14  venus_peri.o(i.get_dipsw_state)
    gpio_init                                0x0001e2a5   Thumb Code    44  venus_peri.o(i.gpio_init)
    intern_softdevice_events_execute         0x0001e39d   Thumb Code   116  softdevice_handler.o(i.intern_softdevice_events_execute)
    is_ble_service_connected                 0x0001e415   Thumb Code     6  venus_ble.o(i.is_ble_service_connected)
    main                                     0x0001e6d1   Thumb Code    86  main.o(i.main)
    main_config                              0x0001e739   Thumb Code    66  main.o(i.main_config)
    measure_adc_battery_level                0x0001e801   Thumb Code    46  venus_app.o(i.measure_adc_battery_level)
    measure_adc_seat_32ch                    0x0001e835   Thumb Code   176  venus_app.o(i.measure_adc_seat_32ch)
    nrf_delay_ms                             0x0001e9dd   Thumb Code    24  nrf_delay.o(i.nrf_delay_ms)
    nrf_drv_common_irq_enable                0x0001e9f9   Thumb Code    78  nrf_drv_common.o(i.nrf_drv_common_irq_enable)
    nrf_drv_gpiote_in_event_enable           0x0001ea59   Thumb Code   138  nrf_drv_gpiote.o(i.nrf_drv_gpiote_in_event_enable)
    nrf_drv_gpiote_in_init                   0x0001eaf9   Thumb Code   146  nrf_drv_gpiote.o(i.nrf_drv_gpiote_in_init)
    nrf_drv_gpiote_in_is_set                 0x0001eb9d   Thumb Code    16  nrf_drv_gpiote.o(i.nrf_drv_gpiote_in_is_set)
    nrf_drv_gpiote_init                      0x0001ebb1   Thumb Code    76  nrf_drv_gpiote.o(i.nrf_drv_gpiote_init)
    nrf_drv_gpiote_is_init                   0x0001ec05   Thumb Code    12  nrf_drv_gpiote.o(i.nrf_drv_gpiote_is_init)
    nrf_drv_gpiote_out_clear                 0x0001ec15   Thumb Code    10  nrf_drv_gpiote.o(i.nrf_drv_gpiote_out_clear)
    nrf_drv_gpiote_out_high                  0x0001ec25   Thumb Code     8  nrf_drv_gpiote.o(i.nrf_drv_gpiote_out_high)
    nrf_drv_gpiote_out_init                  0x0001ec2d   Thumb Code   136  nrf_drv_gpiote.o(i.nrf_drv_gpiote_out_init)
    nrf_drv_gpiote_out_low                   0x0001ecc5   Thumb Code     8  nrf_drv_gpiote.o(i.nrf_drv_gpiote_out_low)
    nrf_drv_gpiote_out_set                   0x0001eccd   Thumb Code    10  nrf_drv_gpiote.o(i.nrf_drv_gpiote_out_set)
    nrf_drv_gpiote_out_toggle                0x0001ecdd   Thumb Code    20  nrf_drv_gpiote.o(i.nrf_drv_gpiote_out_toggle)
    nrf_drv_uart_init                        0x0001ecf5   Thumb Code   170  nrf_drv_uart.o(i.nrf_drv_uart_init)
    nrf_drv_uart_rx                          0x0001edbd   Thumb Code    66  nrf_drv_uart.o(i.nrf_drv_uart_rx)
    nrf_drv_uart_rx_enable                   0x0001ee09   Thumb Code    20  nrf_drv_uart.o(i.nrf_drv_uart_rx_enable)
    nrf_drv_uart_tx                          0x0001eebd   Thumb Code    32  nrf_drv_uart.o(i.nrf_drv_uart_tx)
    nrf_drv_uart_tx_in_progress              0x0001ef55   Thumb Code    12  nrf_drv_uart.o(i.nrf_drv_uart_tx_in_progress)
    nus_send_data_20                         0x0001f0b9   Thumb Code    30  venus_ble.o(i.nus_send_data_20)
    on_nus_receive_parse                     0x0001f221   Thumb Code   308  venus_app.o(i.on_nus_receive_parse)
    peri_main_start                          0x0001f465   Thumb Code     2  venus_peri.o(i.peri_main_start)
    pstorage_access_status_get               0x0001f499   Thumb Code    30  pstorage.o(i.pstorage_access_status_get)
    pstorage_block_identifier_get            0x0001f4c1   Thumb Code    74  pstorage.o(i.pstorage_block_identifier_get)
    pstorage_clear                           0x0001f515   Thumb Code   156  pstorage.o(i.pstorage_clear)
    pstorage_init                            0x0001f5e9   Thumb Code    68  pstorage.o(i.pstorage_init)
    pstorage_load                            0x0001f635   Thumb Code   158  pstorage.o(i.pstorage_load)
    pstorage_register                        0x0001f6dd   Thumb Code   180  pstorage.o(i.pstorage_register)
    pstorage_store                           0x0001f799   Thumb Code   134  pstorage.o(i.pstorage_store)
    pstorage_sys_event_handler               0x0001f829   Thumb Code    72  pstorage.o(i.pstorage_sys_event_handler)
    pstorage_update                          0x0001f875   Thumb Code   134  pstorage.o(i.pstorage_update)
    reorder_compensate_seat_32ch             0x0001f905   Thumb Code    18  venus_app.o(i.reorder_compensate_seat_32ch)
    reorder_seat_16ch_VENUS                  0x0001f91d   Thumb Code    86  venus_app.o(i.reorder_seat_16ch_VENUS)
    sd_check_ram_start                       0x0001fac9   Thumb Code    10  softdevice_handler.o(i.sd_check_ram_start)
    services_init                            0x0001fbf5   Thumb Code    24  venus_ble.o(i.services_init)
    softdevice_ble_evt_handler_set           0x0001fc9d   Thumb Code    16  softdevice_handler.o(i.softdevice_ble_evt_handler_set)
    softdevice_enable                        0x0001fcb1   Thumb Code    14  softdevice_handler.o(i.softdevice_enable)
    softdevice_enable_get_default_config     0x0001fcc5   Thumb Code    40  softdevice_handler.o(i.softdevice_enable_get_default_config)
    softdevice_fault_handler                 0x0001fced   Thumb Code     8  softdevice_handler.o(i.softdevice_fault_handler)
    softdevice_handler_init                  0x0001fcf5   Thumb Code    42  softdevice_handler.o(i.softdevice_handler_init)
    softdevice_sys_evt_handler_set           0x0001fd29   Thumb Code    16  softdevice_handler.o(i.softdevice_sys_evt_handler_set)
    task_timeout_handler_nus_blinky          0x0001ff49   Thumb Code     8  venus_app.o(i.task_timeout_handler_nus_blinky)
    task_timeout_handler_scan_32ch           0x0001ff55   Thumb Code     8  venus_app.o(i.task_timeout_handler_scan_32ch)
    task_timer_config                        0x0001ff61   Thumb Code    52  venus_app.o(i.task_timer_config)
    uart_event_handler                       0x000201c1   Thumb Code     2  venus_peri.o(i.uart_event_handler)
    uart_init                                0x00020275   Thumb Code    52  venus_peri.o(i.uart_init)
    venus_adv_manufact_data_update           0x000205b9   Thumb Code    48  venus_app.o(i.venus_adv_manufact_data_update)
    venus_nus_packet_assemble_send           0x000205f1   Thumb Code   118  venus_app.o(i.venus_nus_packet_assemble_send)
    venus_packet_send                        0x00020679   Thumb Code    10  venus_app.o(i.venus_packet_send)
    work_adv_update                          0x00020693   Thumb Code    16  venus_app.o(i.work_adv_update)
    work_gatt_uart                           0x000206a5   Thumb Code    64  venus_app.o(i.work_gatt_uart)
    m_service_context_store                  0x00020740   Data          16  device_manager_peripheral.o(.constdata)
    m_service_context_load                   0x00020750   Data          16  device_manager_peripheral.o(.constdata)
    m_service_context_apply                  0x00020760   Data          16  device_manager_peripheral.o(.constdata)
    Region$$Table$$Base                      0x00020828   Number         0  anon$$obj.o(Region$$Table)
    Region$$Table$$Limit                     0x00020848   Number         0  anon$$obj.o(Region$$Table)
    Image$$RW_IRAM1$$Base                    0x20002080   Number         0  anon$$obj.o ABSOLUTE
    g_battery_cutoff_count                   0x20002080   Data           4  main.o(.data)
    g_uc_battery_high                        0x20002084   Data           1  venus_app.o(.data)
    g_uc_battery_low                         0x20002085   Data           1  venus_app.o(.data)
    g_timer_flag_blinky_on                   0x20002086   Data           1  venus_app.o(.data)
    g_timer_flag_scan_32ch                   0x20002087   Data           1  venus_app.o(.data)
    g_uiBATTERY_level_100                    0x20002088   Data           4  venus_app.o(.data)
    g_adc_32ch_sum                           0x2000208c   Data           4  venus_app.o(.data)
    g_adc_32ch_valid_count                   0x20002090   Data           4  venus_app.o(.data)
    m_is_ble_service_connected               0x2000209c   Data           1  venus_ble.o(.data)
    g_adv_data_packet                        0x200020a8   Data           5  venus_ble.o(.data)
    g_uiADC_IRQ_HW_read                      0x200020b4   Data           4  venus_peri.o(.data)
    g_DIPSWITCH_state                        0x200020b8   Data           4  venus_peri.o(.data)
    __stdout                                 0x20002188   Data           4  retarget.o(.data)
    nrf_nvic_state                           0x200021a0   Data           8  softdevice_handler.o(.data)
    SystemCoreClock                          0x200021a8   Data           4  system_nrf51.o(.data)
    g_ucNUS_PacketBuffer                     0x200023b4   Data          20  venus_app.o(.bss)
    g_ucCellData32ch                         0x200023c8   Data          32  venus_app.o(.bss)
    g_device_name                            0x20002450   Data          26  venus_ble.o(.bss)
    m_nus                                    0x2000246c   Data          28  venus_ble.o(.bss)
    __initial_sp                             0x20003338   Data           0  arm_startup_nrf51.o(STACK)



==============================================================================

Memory Map of the image

  Image Entry point : 0x0001b0c1

  Load Region LR_IROM1 (Base: 0x0001b000, Size: 0x00005974, Max: 0x00025000, ABSOLUTE, COMPRESSED[0x0000585c])

    Execution Region ER_IROM1 (Exec base: 0x0001b000, Load base: 0x0001b000, Size: 0x00005848, Max: 0x00025000, ABSOLUTE)

    Exec Addr    Load Addr    Size         Type   Attr      Idx    E Section Name        Object

    0x0001b000   0x0001b000   0x000000c0   Data   RO         3188    RESET               arm_startup_nrf51.o
    0x0001b0c0   0x0001b0c0   0x00000000   Code   RO         3230  * .ARM.Collect$$$$00000000  mc_p.l(entry.o)
    0x0001b0c0   0x0001b0c0   0x00000004   Code   RO         3512    .ARM.Collect$$$$00000001  mc_p.l(entry2.o)
    0x0001b0c4   0x0001b0c4   0x00000004   Code   RO         3515    .ARM.Collect$$$$00000004  mc_p.l(entry5.o)
    0x0001b0c8   0x0001b0c8   0x00000000   Code   RO         3517    .ARM.Collect$$$$00000008  mc_p.l(entry7b.o)
    0x0001b0c8   0x0001b0c8   0x00000000   Code   RO         3519    .ARM.Collect$$$$0000000A  mc_p.l(entry8b.o)
    0x0001b0c8   0x0001b0c8   0x00000008   Code   RO         3520    .ARM.Collect$$$$0000000B  mc_p.l(entry9a.o)
    0x0001b0d0   0x0001b0d0   0x00000000   Code   RO         3522    .ARM.Collect$$$$0000000D  mc_p.l(entry10a.o)
    0x0001b0d0   0x0001b0d0   0x00000000   Code   RO         3524    .ARM.Collect$$$$0000000F  mc_p.l(entry11a.o)
    0x0001b0d0   0x0001b0d0   0x00000004   Code   RO         3513    .ARM.Collect$$$$00002712  mc_p.l(entry2.o)
    0x0001b0d4   0x0001b0d4   0x0000001e   Code   RO          621    .emb_text           venus_peri.o
    0x0001b0f2   0x0001b0f2   0x00000002   PAD
    0x0001b0f4   0x0001b0f4   0x0000001e   Code   RO         1686    .emb_text           nrf_delay.o
    0x0001b112   0x0001b112   0x00000002   PAD
    0x0001b114   0x0001b114   0x0000001e   Code   RO         2553    .emb_text           app_timer.o
    0x0001b132   0x0001b132   0x00000002   PAD
    0x0001b134   0x0001b134   0x00000038   Code   RO         3189    .text               arm_startup_nrf51.o
    0x0001b16c   0x0001b16c   0x0000002c   Code   RO         3233    .text               mc_p.l(uidiv.o)
    0x0001b198   0x0001b198   0x00000028   Code   RO         3235    .text               mc_p.l(idiv.o)
    0x0001b1c0   0x0001b1c0   0x00000024   Code   RO         3237    .text               mc_p.l(memcpya.o)
    0x0001b1e4   0x0001b1e4   0x00000024   Code   RO         3239    .text               mc_p.l(memseta.o)
    0x0001b208   0x0001b208   0x0000001a   Code   RO         3241    .text               mc_p.l(strncpy.o)
    0x0001b222   0x0001b222   0x0000001a   Code   RO         3245    .text               mc_p.l(memcmp.o)
    0x0001b23c   0x0001b23c   0x00000060   Code   RO         3526    .text               mc_p.l(uldiv.o)
    0x0001b29c   0x0001b29c   0x00000024   Code   RO         3539    .text               mc_p.l(init.o)
    0x0001b2c0   0x0001b2c0   0x00000020   Code   RO         3541    .text               mc_p.l(llshl.o)
    0x0001b2e0   0x0001b2e0   0x00000022   Code   RO         3543    .text               mc_p.l(llushr.o)
    0x0001b302   0x0001b302   0x0000003a   Code   RO         3559    .text               mc_p.l(__dczerorl.o)
    0x0001b33c   0x0001b33c   0x0000001c   Code   RO          622    i.ADC_IRQHandler    venus_peri.o
    0x0001b358   0x0001b358   0x00000028   Code   RO          623    i.ADC_IRQ_ConfigAndGetValue_10bit_Delay81us  venus_peri.o
    0x0001b380   0x0001b380   0x00000154   Code   RO         1747    i.GPIOTE_IRQHandler  nrf_drv_gpiote.o
    0x0001b4d4   0x0001b4d4   0x00000044   Code   RO         2554    i.NVIC_SetPriority  app_timer.o
    0x0001b518   0x0001b518   0x00000020   Code   RO         2555    i.RTC1_IRQHandler   app_timer.o
    0x0001b538   0x0001b538   0x00000008   Code   RO         2556    i.SWI0_IRQHandler   app_timer.o
    0x0001b540   0x0001b540   0x00000020   Code   RO         3084    i.SWI2_IRQHandler   softdevice_handler.o
    0x0001b560   0x0001b560   0x000000a0   Code   RO         3196    i.SystemInit        system_nrf51.o
    0x0001b600   0x0001b600   0x00000008   Code   RO         1960    i.UART0_IRQHandler  nrf_drv_uart.o
    0x0001b608   0x0001b608   0x00000020   Code   RO         3384    i.__0printf$5       mc_p.l(printf5.o)
    0x0001b628   0x0001b628   0x0000001a   Code   RO          893    i.__ARM_common_switch8  bsp.o
    0x0001b642   0x0001b642   0x0000000e   Code   RO         3553    i.__scatterload_copy  mc_p.l(handlers.o)
    0x0001b650   0x0001b650   0x00000002   Code   RO         3554    i.__scatterload_null  mc_p.l(handlers.o)
    0x0001b652   0x0001b652   0x0000000e   Code   RO         3555    i.__scatterload_zeroinit  mc_p.l(handlers.o)
    0x0001b660   0x0001b660   0x000002dc   Code   RO         3391    i._printf_core      mc_p.l(printf5.o)
    0x0001b93c   0x0001b93c   0x00000216   Code   RO          996    i.adv_data_encode   ble_advdata.o
    0x0001bb52   0x0001bb52   0x00000002   PAD
    0x0001bb54   0x0001bb54   0x00000078   Code   RO          400    i.advertisement_update_packet  venus_ble.o
    0x0001bbcc   0x0001bbcc   0x0000003c   Code   RO          933    i.advertising_buttons_configure  bsp_btn_ble.o
    0x0001bc08   0x0001bc08   0x00000060   Code   RO          402    i.advertising_permanently_init  venus_ble.o
    0x0001bc68   0x0001bc68   0x00000018   Code   RO          800    i.alert_timer_handler  bsp.o
    0x0001bc80   0x0001bc80   0x00000024   Code   RO         2374    i.app_button_enable  app_button.o
    0x0001bca4   0x0001bca4   0x00000074   Code   RO         2375    i.app_button_init   app_button.o
    0x0001bd18   0x0001bd18   0x0000001c   Code   RO         2467    i.app_error_fault_handler  app_error_weak.o
    0x0001bd34   0x0001bd34   0x00000018   Code   RO         2432    i.app_error_handler_bare  app_error.o
    0x0001bd4c   0x0001bd4c   0x0000000c   Code   RO         1335    i.app_evt_notify    device_manager_peripheral.o
    0x0001bd58   0x0001bd58   0x00000016   Code   RO         2488    i.app_fifo_get      app_fifo.o
    0x0001bd6e   0x0001bd6e   0x00000024   Code   RO         2489    i.app_fifo_init     app_fifo.o
    0x0001bd92   0x0001bd92   0x0000001a   Code   RO         2491    i.app_fifo_put      app_fifo.o
    0x0001bdac   0x0001bdac   0x0000000a   Code   RO          625    i.app_led_toggle    venus_peri.o
    0x0001bdb6   0x0001bdb6   0x00000016   Code   RO          626    i.app_led_turn_on   venus_peri.o
    0x0001bdcc   0x0001bdcc   0x00000048   Code   RO          232    i.app_main_start    venus_app.o
    0x0001be14   0x0001be14   0x00000038   Code   RO          233    i.app_main_timer_work  venus_app.o
    0x0001be4c   0x0001be4c   0x0000002c   Code   RO         2128    i.app_notify        pstorage.o
    0x0001be78   0x0001be78   0x00000020   Code   RO         2129    i.app_notify_error_state_transit  pstorage.o
    0x0001be98   0x0001be98   0x0000002c   Code   RO         2559    i.app_timer_create  app_timer.o
    0x0001bec4   0x0001bec4   0x00000090   Code   RO         2560    i.app_timer_init    app_timer.o
    0x0001bf54   0x0001bf54   0x0000007c   Code   RO         2561    i.app_timer_start   app_timer.o
    0x0001bfd0   0x0001bfd0   0x00000054   Code   RO         2562    i.app_timer_stop    app_timer.o
    0x0001c024   0x0001c024   0x0000000c   Code   RO         2911    i.app_trace_dump    app_trace.o
    0x0001c030   0x0001c030   0x000000a0   Code   RO         1608    i.app_uart_init     app_uart_fifo.o
    0x0001c0d0   0x0001c0d0   0x00000038   Code   RO         1609    i.app_uart_put      app_uart_fifo.o
    0x0001c108   0x0001c108   0x0000004c   Code   RO          404    i.ble_adv_start     venus_ble.o
    0x0001c154   0x0001c154   0x00000068   Code   RO          997    i.ble_advdata_set   ble_advdata.o
    0x0001c1bc   0x0001c1bc   0x00000124   Code   RO         1080    i.ble_advertising_init  ble_advertising.o
    0x0001c2e0   0x0001c2e0   0x0000007c   Code   RO         1081    i.ble_advertising_on_ble_evt  ble_advertising.o
    0x0001c35c   0x0001c35c   0x00000030   Code   RO         1082    i.ble_advertising_on_sys_evt  ble_advertising.o
    0x0001c38c   0x0001c38c   0x00000010   Code   RO         1084    i.ble_advertising_peer_address_clear  ble_advertising.o
    0x0001c39c   0x0001c39c   0x00000058   Code   RO         1085    i.ble_advertising_restart_without_whitelist  ble_advertising.o
    0x0001c3f4   0x0001c3f4   0x000001ec   Code   RO         1086    i.ble_advertising_start  ble_advertising.o
    0x0001c5e0   0x0001c5e0   0x00000054   Code   RO         1176    i.ble_conn_params_init  ble_conn_params.o
    0x0001c634   0x0001c634   0x00000090   Code   RO         1177    i.ble_conn_params_on_ble_evt  ble_conn_params.o
    0x0001c6c4   0x0001c6c4   0x0000005e   Code   RO          998    i.ble_device_addr_encode  ble_advdata.o
    0x0001c722   0x0001c722   0x00000002   PAD
    0x0001c724   0x0001c724   0x00000030   Code   RO          405    i.ble_evt_dispatch  venus_ble.o
    0x0001c754   0x0001c754   0x00000068   Code   RO         1246    i.ble_nus_init      ble_nus.o
    0x0001c7bc   0x0001c7bc   0x00000058   Code   RO         1247    i.ble_nus_on_ble_evt  ble_nus.o
    0x0001c814   0x0001c814   0x00000054   Code   RO         1248    i.ble_nus_string_send  ble_nus.o
    0x0001c868   0x0001c868   0x00000080   Code   RO          406    i.ble_stack_init    venus_ble.o
    0x0001c8e8   0x0001c8e8   0x0000002c   Code   RO          407    i.ble_timeout_handler_PairDone  venus_ble.o
    0x0001c914   0x0001c914   0x00000048   Code   RO         1336    i.bond_data_load    device_manager_peripheral.o
    0x0001c95c   0x0001c95c   0x00000054   Code   RO          934    i.bsp_btn_ble_init  bsp_btn_ble.o
    0x0001c9b0   0x0001c9b0   0x00000078   Code   RO          935    i.bsp_btn_ble_on_ble_evt  bsp_btn_ble.o
    0x0001ca28   0x0001ca28   0x00000014   Code   RO          936    i.bsp_btn_ble_sleep_mode_prepare  bsp_btn_ble.o
    0x0001ca3c   0x0001ca3c   0x00000078   Code   RO          801    i.bsp_button_event_handler  bsp.o
    0x0001cab4   0x0001cab4   0x0000002c   Code   RO          802    i.bsp_button_is_pressed  bsp.o
    0x0001cae0   0x0001cae0   0x00000038   Code   RO          408    i.bsp_event_handler  venus_ble.o
    0x0001cb18   0x0001cb18   0x00000038   Code   RO          806    i.bsp_event_to_button_action_assign  bsp.o
    0x0001cb50   0x0001cb50   0x0000001c   Code   RO          807    i.bsp_indication_set  bsp.o
    0x0001cb6c   0x0001cb6c   0x000000a0   Code   RO          809    i.bsp_init          bsp.o
    0x0001cc0c   0x0001cc0c   0x000001dc   Code   RO          810    i.bsp_led_indication  bsp.o
    0x0001cde8   0x0001cde8   0x0000002c   Code   RO          811    i.bsp_wakeup_buttons_set  bsp.o
    0x0001ce14   0x0001ce14   0x0000000c   Code   RO          812    i.button_timer_handler  bsp.o
    0x0001ce20   0x0001ce20   0x00000040   Code   RO          409    i.buttons_leds_init  venus_ble.o
    0x0001ce60   0x0001ce60   0x0000001c   Code   RO         1748    i.channel_free      nrf_drv_gpiote.o
    0x0001ce7c   0x0001ce7c   0x00000048   Code   RO         1749    i.channel_port_alloc  nrf_drv_gpiote.o
    0x0001cec4   0x0001cec4   0x00000010   Code   RO         1750    i.channel_port_get  nrf_drv_gpiote.o
    0x0001ced4   0x0001ced4   0x0000002c   Code   RO            4    i.check_battery_to_off  main.o
    0x0001cf00   0x0001cf00   0x00000104   Code   RO         2130    i.clear_operation_execute  pstorage.o
    0x0001d004   0x0001d004   0x00000024   Code   RO         2131    i.clear_post_processing_run  pstorage.o
    0x0001d028   0x0001d028   0x00000038   Code   RO         2132    i.cmd_process       pstorage.o
    0x0001d060   0x0001d060   0x00000020   Code   RO         2133    i.cmd_queue_element_init  pstorage.o
    0x0001d080   0x0001d080   0x0000004c   Code   RO         2134    i.cmd_queue_enqueue  pstorage.o
    0x0001d0cc   0x0001d0cc   0x0000003c   Code   RO         2135    i.command_end_procedure_run  pstorage.o
    0x0001d108   0x0001d108   0x000000a8   Code   RO         2564    i.compare_reg_update  app_timer.o
    0x0001d1b0   0x0001d1b0   0x00000046   Code   RO          627    i.config_4067_single_ch  venus_peri.o
    0x0001d1f6   0x0001d1f6   0x00000018   Code   RO          628    i.config_HW         venus_peri.o
    0x0001d20e   0x0001d20e   0x00000002   PAD
    0x0001d210   0x0001d210   0x000000a8   Code   RO          629    i.config_adc_each_port  venus_peri.o
    0x0001d2b8   0x0001d2b8   0x00000044   Code   RO          410    i.config_gap_param_and_init_advertise  venus_ble.o
    0x0001d2fc   0x0001d2fc   0x00000016   Code   RO          630    i.config_nrf_gpio_adc_3pins_sensor_bat  venus_peri.o
    0x0001d312   0x0001d312   0x00000010   Code   RO          631    i.config_nrf_gpio_out_2pins_motor  venus_peri.o
    0x0001d322   0x0001d322   0x0000001c   Code   RO          632    i.config_nrf_gpio_out_3pins_dipsw  venus_peri.o
    0x0001d33e   0x0001d33e   0x0000001c   Code   RO          633    i.config_nrf_gpio_out_4pins_4067  venus_peri.o
    0x0001d35a   0x0001d35a   0x00000002   PAD
    0x0001d35c   0x0001d35c   0x00000088   Code   RO          999    i.conn_int_encode   ble_advdata.o
    0x0001d3e4   0x0001d3e4   0x00000008   Code   RO          411    i.conn_params_error_handler  venus_ble.o
    0x0001d3ec   0x0001d3ec   0x00000048   Code   RO          412    i.conn_params_init  venus_ble.o
    0x0001d434   0x0001d434   0x00000068   Code   RO         1179    i.conn_params_negotiation  ble_conn_params.o
    0x0001d49c   0x0001d49c   0x00000030   Code   RO         1337    i.connection_instance_find  device_manager_peripheral.o
    0x0001d4cc   0x0001d4cc   0x00000024   Code   RO         1338    i.connection_instance_init  device_manager_peripheral.o
    0x0001d4f0   0x0001d4f0   0x00000054   Code   RO         2136    i.data_page_erase_state_run  pstorage.o
    0x0001d544   0x0001d544   0x00000028   Code   RO         2137    i.data_to_swap_write_state_run  pstorage.o
    0x0001d56c   0x0001d56c   0x00000060   Code   RO         2377    i.detection_delay_timeout_handler  app_button.o
    0x0001d5cc   0x0001d5cc   0x000000b0   Code   RO         1339    i.device_context_store  device_manager_peripheral.o
    0x0001d67c   0x0001d67c   0x00000054   Code   RO         1340    i.device_instance_allocate  device_manager_peripheral.o
    0x0001d6d0   0x0001d6d0   0x00000048   Code   RO         1341    i.device_instance_find  device_manager_peripheral.o
    0x0001d718   0x0001d718   0x0000002c   Code   RO         1342    i.device_instance_free  device_manager_peripheral.o
    0x0001d744   0x0001d744   0x00000034   Code   RO          413    i.device_manager_evt_handler  venus_ble.o
    0x0001d778   0x0001d778   0x00000068   Code   RO          414    i.device_manager_init  venus_ble.o
    0x0001d7e0   0x0001d7e0   0x00000044   Code   RO          634    i.dipsw_scan_state  venus_peri.o
    0x0001d824   0x0001d824   0x00000400   Code   RO         1347    i.dm_ble_evt_handler  device_manager_peripheral.o
    0x0001dc24   0x0001dc24   0x0000001c   Code   RO         1353    i.dm_handle_initialize  device_manager_peripheral.o
    0x0001dc40   0x0001dc40   0x000000c4   Code   RO         1354    i.dm_init           device_manager_peripheral.o
    0x0001dd04   0x0001dd04   0x00000164   Code   RO         1357    i.dm_pstorage_cb_handler  device_manager_peripheral.o
    0x0001de68   0x0001de68   0x00000074   Code   RO         1358    i.dm_register       device_manager_peripheral.o
    0x0001dedc   0x0001dedc   0x00000040   Code   RO         2565    i.elapsed_ticks_acquire  app_timer.o
    0x0001df1c   0x0001df1c   0x00000014   Code   RO         2494    i.fifo_get          app_fifo.o
    0x0001df30   0x0001df30   0x00000012   Code   RO         2495    i.fifo_put          app_fifo.o
    0x0001df42   0x0001df42   0x00000002   PAD
    0x0001df44   0x0001df44   0x00000020   Code   RO         2138    i.flash_api_err_code_process  pstorage.o
    0x0001df64   0x0001df64   0x00000080   Code   RO         2139    i.flash_operation_success_run  pstorage.o
    0x0001dfe4   0x0001dfe4   0x0000000a   Code   RO         2140    i.flash_page_erase  pstorage.o
    0x0001dfee   0x0001dfee   0x0000000a   Code   RO         2141    i.flash_write       pstorage.o
    0x0001dff8   0x0001dff8   0x0000000e   Code   RO         2878    i.fputc             retarget.o
    0x0001e006   0x0001e006   0x00000002   PAD
    0x0001e008   0x0001e008   0x00000018   Code   RO         2749    i.fs_queued_op_count_get  fstorage.o
    0x0001e020   0x0001e020   0x0000004c   Code   RO          415    i.gap_params_adv_init  venus_ble.o
    0x0001e06c   0x0001e06c   0x0000004c   Code   RO          416    i.gap_params_init   venus_ble.o
    0x0001e0b8   0x0001e0b8   0x00000004   Code   RO         1365    i.gattc_context_apply  device_manager_peripheral.o
    0x0001e0bc   0x0001e0bc   0x00000004   Code   RO         1366    i.gattc_context_load  device_manager_peripheral.o
    0x0001e0c0   0x0001e0c0   0x00000004   Code   RO         1367    i.gattc_context_store  device_manager_peripheral.o
    0x0001e0c4   0x0001e0c4   0x000000b0   Code   RO         1368    i.gatts_context_apply  device_manager_peripheral.o
    0x0001e174   0x0001e174   0x00000040   Code   RO         1369    i.gatts_context_load  device_manager_peripheral.o
    0x0001e1b4   0x0001e1b4   0x000000b8   Code   RO         1370    i.gatts_context_store  device_manager_peripheral.o
    0x0001e26c   0x0001e26c   0x00000008   Code   RO         1371    i.gattsc_context_apply  device_manager_peripheral.o
    0x0001e274   0x0001e274   0x00000008   Code   RO         1372    i.gattsc_context_load  device_manager_peripheral.o
    0x0001e27c   0x0001e27c   0x00000008   Code   RO         1373    i.gattsc_context_store  device_manager_peripheral.o
    0x0001e284   0x0001e284   0x0000000c   Code   RO          234    i.get_battery_level_100  venus_app.o
    0x0001e290   0x0001e290   0x00000014   Code   RO          635    i.get_dipsw_state   venus_peri.o
    0x0001e2a4   0x0001e2a4   0x00000030   Code   RO          636    i.gpio_init         venus_peri.o
    0x0001e2d4   0x0001e2d4   0x00000050   Code   RO         2378    i.gpiote_event_handler  app_button.o
    0x0001e324   0x0001e324   0x00000078   Code   RO         2142    i.head_restore_state_run  pstorage.o
    0x0001e39c   0x0001e39c   0x00000078   Code   RO         3085    i.intern_softdevice_events_execute  softdevice_handler.o
    0x0001e414   0x0001e414   0x0000000c   Code   RO          417    i.is_ble_service_connected  venus_ble.o
    0x0001e420   0x0001e420   0x0000001c   Code   RO         1180    i.is_conn_params_ok  ble_conn_params.o
    0x0001e43c   0x0001e43c   0x00000048   Code   RO         3197    i.is_manual_peripheral_setup_needed  system_nrf51.o
    0x0001e484   0x0001e484   0x00000044   Code   RO         2143    i.is_page_erase_required  pstorage.o
    0x0001e4c8   0x0001e4c8   0x0000000c   Code   RO         2144    i.is_word_aligned   pstorage.o
    0x0001e4d4   0x0001e4d4   0x00000054   Code   RO         1000    i.le_role_encode    ble_advdata.o
    0x0001e528   0x0001e528   0x00000018   Code   RO          813    i.leds_timer_handler  bsp.o
    0x0001e540   0x0001e540   0x000000bc   Code   RO         2566    i.list_deletions_handler  app_timer.o
    0x0001e5fc   0x0001e5fc   0x000000d4   Code   RO         2567    i.list_insertions_handler  app_timer.o
    0x0001e6d0   0x0001e6d0   0x00000068   Code   RO            6    i.main              main.o
    0x0001e738   0x0001e738   0x00000048   Code   RO            7    i.main_config       main.o
    0x0001e780   0x0001e780   0x00000018   Code   RO         2145    i.main_state_err_busy_process  pstorage.o
    0x0001e798   0x0001e798   0x00000068   Code   RO         1001    i.manuf_specific_data_encode  ble_advdata.o
    0x0001e800   0x0001e800   0x00000034   Code   RO          235    i.measure_adc_battery_level  venus_app.o
    0x0001e834   0x0001e834   0x000000bc   Code   RO          236    i.measure_adc_seat_32ch  venus_app.o
    0x0001e8f0   0x0001e8f0   0x0000009e   Code   RO         1002    i.name_encode       ble_advdata.o
    0x0001e98e   0x0001e98e   0x00000004   Code   RO         1374    i.no_service_context_apply  device_manager_peripheral.o
    0x0001e992   0x0001e992   0x00000004   Code   RO         1375    i.no_service_context_load  device_manager_peripheral.o
    0x0001e996   0x0001e996   0x00000004   Code   RO         1376    i.no_service_context_store  device_manager_peripheral.o
    0x0001e99a   0x0001e99a   0x00000002   PAD
    0x0001e99c   0x0001e99c   0x00000020   Code   RO          237    i.nrf_adc_input_select  venus_app.o
    0x0001e9bc   0x0001e9bc   0x00000020   Code   RO          638    i.nrf_adc_input_select  venus_peri.o
    0x0001e9dc   0x0001e9dc   0x0000001c   Code   RO         1687    i.nrf_delay_ms      nrf_delay.o
    0x0001e9f8   0x0001e9f8   0x00000060   Code   RO         1714    i.nrf_drv_common_irq_enable  nrf_drv_common.o
    0x0001ea58   0x0001ea58   0x000000a0   Code   RO         1753    i.nrf_drv_gpiote_in_event_enable  nrf_drv_gpiote.o
    0x0001eaf8   0x0001eaf8   0x000000a4   Code   RO         1754    i.nrf_drv_gpiote_in_init  nrf_drv_gpiote.o
    0x0001eb9c   0x0001eb9c   0x00000014   Code   RO         1755    i.nrf_drv_gpiote_in_is_set  nrf_drv_gpiote.o
    0x0001ebb0   0x0001ebb0   0x00000054   Code   RO         1757    i.nrf_drv_gpiote_init  nrf_drv_gpiote.o
    0x0001ec04   0x0001ec04   0x00000010   Code   RO         1758    i.nrf_drv_gpiote_is_init  nrf_drv_gpiote.o
    0x0001ec14   0x0001ec14   0x00000010   Code   RO         1759    i.nrf_drv_gpiote_out_clear  nrf_drv_gpiote.o
    0x0001ec24   0x0001ec24   0x00000008   Code   RO         1760    i.nrf_drv_gpiote_out_high  nrf_drv_gpiote.o
    0x0001ec2c   0x0001ec2c   0x00000098   Code   RO         1762    i.nrf_drv_gpiote_out_init  nrf_drv_gpiote.o
    0x0001ecc4   0x0001ecc4   0x00000008   Code   RO         1763    i.nrf_drv_gpiote_out_low  nrf_drv_gpiote.o
    0x0001eccc   0x0001eccc   0x00000010   Code   RO         1765    i.nrf_drv_gpiote_out_set  nrf_drv_gpiote.o
    0x0001ecdc   0x0001ecdc   0x00000018   Code   RO         1771    i.nrf_drv_gpiote_out_toggle  nrf_drv_gpiote.o
    0x0001ecf4   0x0001ecf4   0x000000c8   Code   RO         1962    i.nrf_drv_uart_init  nrf_drv_uart.o
    0x0001edbc   0x0001edbc   0x0000004c   Code   RO         1963    i.nrf_drv_uart_rx   nrf_drv_uart.o
    0x0001ee08   0x0001ee08   0x00000018   Code   RO         1966    i.nrf_drv_uart_rx_enable  nrf_drv_uart.o
    0x0001ee20   0x0001ee20   0x0000009c   Code   RO         1967    i.nrf_drv_uart_rx_for_uart  nrf_drv_uart.o
    0x0001eebc   0x0001eebc   0x00000024   Code   RO         1968    i.nrf_drv_uart_tx   nrf_drv_uart.o
    0x0001eee0   0x0001eee0   0x00000074   Code   RO         1970    i.nrf_drv_uart_tx_for_uart  nrf_drv_uart.o
    0x0001ef54   0x0001ef54   0x00000010   Code   RO         1971    i.nrf_drv_uart_tx_in_progress  nrf_drv_uart.o
    0x0001ef64   0x0001ef64   0x00000024   Code   RO          639    i.nrf_gpio_cfg      venus_peri.o
    0x0001ef88   0x0001ef88   0x00000024   Code   RO         1774    i.nrf_gpio_cfg      nrf_drv_gpiote.o
    0x0001efac   0x0001efac   0x00000024   Code   RO         1973    i.nrf_gpio_cfg      nrf_drv_uart.o
    0x0001efd0   0x0001efd0   0x00000012   Code   RO          640    i.nrf_gpio_cfg_input  venus_peri.o
    0x0001efe2   0x0001efe2   0x00000012   Code   RO         1975    i.nrf_gpio_cfg_input  nrf_drv_uart.o
    0x0001eff4   0x0001eff4   0x00000014   Code   RO          641    i.nrf_gpio_cfg_output  venus_peri.o
    0x0001f008   0x0001f008   0x00000014   Code   RO         1976    i.nrf_gpio_cfg_output  nrf_drv_uart.o
    0x0001f01c   0x0001f01c   0x00000020   Code   RO         1776    i.nrf_gpio_cfg_sense_set  nrf_drv_gpiote.o
    0x0001f03c   0x0001f03c   0x00000010   Code   RO          238    i.nrf_gpio_pin_clear  venus_app.o
    0x0001f04c   0x0001f04c   0x00000010   Code   RO          642    i.nrf_gpio_pin_clear  venus_peri.o
    0x0001f05c   0x0001f05c   0x00000010   Code   RO          239    i.nrf_gpio_pin_set  venus_app.o
    0x0001f06c   0x0001f06c   0x00000010   Code   RO          643    i.nrf_gpio_pin_set  venus_peri.o
    0x0001f07c   0x0001f07c   0x00000014   Code   RO         1777    i.nrf_gpiote_event_is_set  nrf_drv_gpiote.o
    0x0001f090   0x0001f090   0x0000000a   Code   RO         1977    i.nrf_uart_event_check  nrf_drv_uart.o
    0x0001f09a   0x0001f09a   0x00000010   Code   RO         1978    i.nrf_uart_int_enable_check  nrf_drv_uart.o
    0x0001f0aa   0x0001f0aa   0x0000000c   Code   RO          418    i.nus_data_handler  venus_ble.o
    0x0001f0b6   0x0001f0b6   0x00000002   PAD
    0x0001f0b8   0x0001f0b8   0x00000024   Code   RO          419    i.nus_send_data_20  venus_ble.o
    0x0001f0dc   0x0001f0dc   0x00000040   Code   RO          420    i.on_adv_evt        venus_ble.o
    0x0001f11c   0x0001f11c   0x000000e4   Code   RO          421    i.on_ble_evt        venus_ble.o
    0x0001f200   0x0001f200   0x00000020   Code   RO          422    i.on_conn_params_evt  venus_ble.o
    0x0001f220   0x0001f220   0x000001f4   Code   RO          240    i.on_nus_receive_parse  venus_app.o
    0x0001f414   0x0001f414   0x00000016   Code   RO         1088    i.peer_address_exists  ble_advertising.o
    0x0001f42a   0x0001f42a   0x00000002   PAD
    0x0001f42c   0x0001f42c   0x00000038   Code   RO         1377    i.peer_instance_init  device_manager_peripheral.o
    0x0001f464   0x0001f464   0x00000002   Code   RO          644    i.peri_main_start   venus_peri.o
    0x0001f466   0x0001f466   0x00000002   PAD
    0x0001f468   0x0001f468   0x00000018   Code   RO         1778    i.pin_in_use_by_port  nrf_drv_gpiote.o
    0x0001f480   0x0001f480   0x00000018   Code   RO         1779    i.pin_in_use_by_te  nrf_drv_gpiote.o
    0x0001f498   0x0001f498   0x00000028   Code   RO         2146    i.pstorage_access_status_get  pstorage.o
    0x0001f4c0   0x0001f4c0   0x00000054   Code   RO         2147    i.pstorage_block_identifier_get  pstorage.o
    0x0001f514   0x0001f514   0x000000a4   Code   RO         2148    i.pstorage_clear    pstorage.o
    0x0001f5b8   0x0001f5b8   0x00000024   Code   RO         2149    i.pstorage_flash_page_end  pstorage.o
    0x0001f5dc   0x0001f5dc   0x0000000a   Code   RO         2150    i.pstorage_flash_page_size  pstorage.o
    0x0001f5e6   0x0001f5e6   0x00000002   PAD
    0x0001f5e8   0x0001f5e8   0x0000004c   Code   RO         2151    i.pstorage_init     pstorage.o
    0x0001f634   0x0001f634   0x000000a8   Code   RO         2152    i.pstorage_load     pstorage.o
    0x0001f6dc   0x0001f6dc   0x000000bc   Code   RO         2153    i.pstorage_register  pstorage.o
    0x0001f798   0x0001f798   0x00000090   Code   RO         2154    i.pstorage_store    pstorage.o
    0x0001f828   0x0001f828   0x0000004c   Code   RO         2155    i.pstorage_sys_event_handler  pstorage.o
    0x0001f874   0x0001f874   0x00000090   Code   RO         2156    i.pstorage_update   pstorage.o
    0x0001f904   0x0001f904   0x00000018   Code   RO          241    i.reorder_compensate_seat_32ch  venus_app.o
    0x0001f91c   0x0001f91c   0x00000056   Code   RO          242    i.reorder_seat_16ch_VENUS  venus_app.o
    0x0001f972   0x0001f972   0x00000002   PAD
    0x0001f974   0x0001f974   0x00000044   Code   RO         2568    i.rtc1_stop         app_timer.o
    0x0001f9b8   0x0001f9b8   0x00000038   Code   RO         1979    i.rx_byte           nrf_drv_uart.o
    0x0001f9f0   0x0001f9f0   0x0000009e   Code   RO         1249    i.rx_char_add       ble_nus.o
    0x0001fa8e   0x0001fa8e   0x00000002   PAD
    0x0001fa90   0x0001fa90   0x0000001c   Code   RO         1980    i.rx_done_event     nrf_drv_uart.o
    0x0001faac   0x0001faac   0x0000001c   Code   RO         1981    i.rx_enable         nrf_drv_uart.o
    0x0001fac8   0x0001fac8   0x00000010   Code   RO         3086    i.sd_check_ram_start  softdevice_handler.o
    0x0001fad8   0x0001fad8   0x0000008c   Code   RO         3087    i.sd_nvic_EnableIRQ  softdevice_handler.o
    0x0001fb64   0x0001fb64   0x0000008e   Code   RO         1003    i.service_data_encode  ble_advdata.o
    0x0001fbf2   0x0001fbf2   0x00000002   PAD
    0x0001fbf4   0x0001fbf4   0x00000020   Code   RO          423    i.services_init     venus_ble.o
    0x0001fc14   0x0001fc14   0x00000040   Code   RO          424    i.sleep_mode_enter  venus_ble.o
    0x0001fc54   0x0001fc54   0x00000048   Code   RO         2157    i.sm_state_change   pstorage.o
    0x0001fc9c   0x0001fc9c   0x00000014   Code   RO         3088    i.softdevice_ble_evt_handler_set  softdevice_handler.o
    0x0001fcb0   0x0001fcb0   0x00000014   Code   RO         3089    i.softdevice_enable  softdevice_handler.o
    0x0001fcc4   0x0001fcc4   0x00000028   Code   RO         3090    i.softdevice_enable_get_default_config  softdevice_handler.o
    0x0001fcec   0x0001fcec   0x00000008   Code   RO         3091    i.softdevice_fault_handler  softdevice_handler.o
    0x0001fcf4   0x0001fcf4   0x00000034   Code   RO         3092    i.softdevice_handler_init  softdevice_handler.o
    0x0001fd28   0x0001fd28   0x00000014   Code   RO         3095    i.softdevice_sys_evt_handler_set  softdevice_handler.o
    0x0001fd3c   0x0001fd3c   0x00000064   Code   RO         2158    i.state_data_erase_swap_entry_run  pstorage.o
    0x0001fda0   0x0001fda0   0x00000010   Code   RO         2159    i.state_erase_data_page_entry_run  pstorage.o
    0x0001fdb0   0x0001fdb0   0x00000028   Code   RO         2160    i.state_restore_head_entry_run  pstorage.o
    0x0001fdd8   0x0001fdd8   0x0000004c   Code   RO         2161    i.state_restore_tail_entry_run  pstorage.o
    0x0001fe24   0x0001fe24   0x00000020   Code   RO         2162    i.state_swap_erase_entry_run  pstorage.o
    0x0001fe44   0x0001fe44   0x00000030   Code   RO         2163    i.state_write_data_swap_entry_run  pstorage.o
    0x0001fe74   0x0001fe74   0x00000004   Code   RO         1378    i.storage_operation_dummy_handler  device_manager_peripheral.o
    0x0001fe78   0x0001fe78   0x0000005c   Code   RO         2164    i.store_cmd_flash_write_execute  pstorage.o
    0x0001fed4   0x0001fed4   0x0000001c   Code   RO         2165    i.swap_erase_state_run  pstorage.o
    0x0001fef0   0x0001fef0   0x00000018   Code   RO         2166    i.swap_sub_state_err_busy_process  pstorage.o
    0x0001ff08   0x0001ff08   0x00000014   Code   RO         2167    i.swap_sub_state_state_change  pstorage.o
    0x0001ff1c   0x0001ff1c   0x00000010   Code   RO          425    i.sys_evt_dispatch  venus_ble.o
    0x0001ff2c   0x0001ff2c   0x0000001c   Code   RO         2168    i.tail_restore_state_run  pstorage.o
    0x0001ff48   0x0001ff48   0x0000000c   Code   RO          244    i.task_timeout_handler_nus_blinky  venus_app.o
    0x0001ff54   0x0001ff54   0x0000000c   Code   RO          245    i.task_timeout_handler_scan_32ch  venus_app.o
    0x0001ff60   0x0001ff60   0x00000040   Code   RO          246    i.task_timer_config  venus_app.o
    0x0001ffa0   0x0001ffa0   0x00000084   Code   RO         2569    i.timer_list_handler  app_timer.o
    0x00020024   0x00020024   0x00000010   Code   RO         2570    i.timer_list_handler_sched  app_timer.o
    0x00020034   0x00020034   0x00000040   Code   RO         2571    i.timer_list_insert  app_timer.o
    0x00020074   0x00020074   0x00000080   Code   RO         2572    i.timer_timeouts_check  app_timer.o
    0x000200f4   0x000200f4   0x0000002c   Code   RO         1982    i.tx_byte           nrf_drv_uart.o
    0x00020120   0x00020120   0x00000080   Code   RO         1250    i.tx_char_add       ble_nus.o
    0x000201a0   0x000201a0   0x00000020   Code   RO         1983    i.tx_done_event     nrf_drv_uart.o
    0x000201c0   0x000201c0   0x00000002   Code   RO          645    i.uart_event_handler  venus_peri.o
    0x000201c2   0x000201c2   0x00000002   PAD
    0x000201c4   0x000201c4   0x000000b0   Code   RO         1610    i.uart_event_handler  app_uart_fifo.o
    0x00020274   0x00020274   0x00000040   Code   RO          646    i.uart_init         venus_peri.o
    0x000202b4   0x000202b4   0x00000128   Code   RO         1984    i.uart_irq_handler  nrf_drv_uart.o
    0x000203dc   0x000203dc   0x0000000a   Code   RO         1004    i.uint16_encode     ble_advdata.o
    0x000203e6   0x000203e6   0x00000002   PAD
    0x000203e8   0x000203e8   0x00000014   Code   RO         1379    i.update_status_bit_reset  device_manager_peripheral.o
    0x000203fc   0x000203fc   0x00000064   Code   RO         1181    i.update_timeout_handler  ble_conn_params.o
    0x00020460   0x00020460   0x00000054   Code   RO         2573    i.user_id_get       app_timer.o
    0x000204b4   0x000204b4   0x00000026   Code   RO         2574    i.user_op_alloc     app_timer.o
    0x000204da   0x000204da   0x00000030   Code   RO         1005    i.uuid_list_encode  ble_advdata.o
    0x0002050a   0x0002050a   0x000000ae   Code   RO         1006    i.uuid_list_sized_encode  ble_advdata.o
    0x000205b8   0x000205b8   0x00000038   Code   RO          247    i.venus_adv_manufact_data_update  venus_app.o
    0x000205f0   0x000205f0   0x00000088   Code   RO          248    i.venus_nus_packet_assemble_send  venus_app.o
    0x00020678   0x00020678   0x0000000a   Code   RO          249    i.venus_packet_send  venus_app.o
    0x00020682   0x00020682   0x00000010   Code   RO         1089    i.whitelist_has_entries  ble_advertising.o
    0x00020692   0x00020692   0x00000010   Code   RO          250    i.work_adv_update   venus_app.o
    0x000206a2   0x000206a2   0x00000002   PAD
    0x000206a4   0x000206a4   0x00000048   Code   RO          251    i.work_gatt_uart    venus_app.o
    0x000206ec   0x000206ec   0x00000008   Data   RO          255    .constdata          venus_app.o
    0x000206f4   0x000206f4   0x00000008   Data   RO          429    .constdata          venus_ble.o
    0x000206fc   0x000206fc   0x00000018   Data   RO          648    .constdata          venus_peri.o
    0x00020714   0x00020714   0x00000018   Data   RO          817    .constdata          bsp.o
    0x0002072c   0x0002072c   0x00000004   Data   RO         1184    .constdata          ble_conn_params.o
    0x00020730   0x00020730   0x00000010   Data   RO         1251    .constdata          ble_nus.o
    0x00020740   0x00020740   0x00000030   Data   RO         1381    .constdata          device_manager_peripheral.o
    0x00020770   0x00020770   0x00000020   Data   RO         1612    .constdata          app_uart_fifo.o
    0x00020790   0x00020790   0x00000020   Data   RO         1986    .constdata          nrf_drv_uart.o
    0x000207b0   0x000207b0   0x00000028   Data   RO         2170    .constdata          pstorage.o
    0x000207d8   0x000207d8   0x00000008   Data   RO         2380    .constdata          app_button.o
    0x000207e0   0x000207e0   0x00000045   Data   RO          430    .conststring        venus_ble.o
    0x00020825   0x00020825   0x00000003   PAD
    0x00020828   0x00020828   0x00000020   Data   RO         3551    Region$$Table       anon$$obj.o


    Execution Region RW_IRAM1 (Exec base: 0x20002080, Load base: 0x00020848, Size: 0x000012b8, Max: 0x00001f80, ABSOLUTE, COMPRESSED[0x00000014])

    Exec Addr    Load Addr    Size         Type   Attr      Idx    E Section Name        Object

    0x20002080   COMPRESSED   0x00000004   Data   RW            9    .data               main.o
    0x20002084   COMPRESSED   0x00000018   Data   RW          256    .data               venus_app.o
    0x2000209c   COMPRESSED   0x00000011   Data   RW          431    .data               venus_ble.o
    0x200020ad   COMPRESSED   0x00000003   PAD
    0x200020b0   COMPRESSED   0x0000000c   Data   RW          649    .data               venus_peri.o
    0x200020bc   COMPRESSED   0x00000018   Data   RW          818    .data               bsp.o
    0x200020d4   COMPRESSED   0x00000008   Data   RW          937    .data               bsp_btn_ble.o
    0x200020dc   COMPRESSED   0x0000001f   Data   RW         1091    .data               ble_advertising.o
    0x200020fb   COMPRESSED   0x00000001   PAD
    0x200020fc   COMPRESSED   0x00000014   Data   RW         1185    .data               ble_conn_params.o
    0x20002110   COMPRESSED   0x00000018   Data   RW         1383    .data               device_manager_peripheral.o
    0x20002128   COMPRESSED   0x00000008   Data   RW         1613    .data               app_uart_fifo.o
    0x20002130   COMPRESSED   0x00000024   Data   RW         2171    .data               pstorage.o
    0x20002154   COMPRESSED   0x00000014   Data   RW         2381    .data               app_button.o
    0x20002168   COMPRESSED   0x00000020   Data   RW         2575    .data               app_timer.o
    0x20002188   COMPRESSED   0x00000004   Data   RW         2879    .data               retarget.o
    0x2000218c   COMPRESSED   0x0000001c   Data   RW         3096    .data               softdevice_handler.o
    0x200021a8   COMPRESSED   0x00000004   Data   RW         3198    .data               system_nrf51.o
    0x200021ac        -       0x000001c8   Zero   RW            8    .bss                main.o
    0x20002374        -       0x00000020   Zero   RW          252    .bss                venus_app.o
    0x20002394        -       0x00000020   Zero   RW          253    .bss                venus_app.o
    0x200023b4        -       0x00000034   Zero   RW          254    .bss                venus_app.o
    0x200023e8        -       0x00000020   Zero   RW          426    .bss                venus_ble.o
    0x20002408        -       0x00000080   Zero   RW          427    .bss                venus_ble.o
    0x20002488        -       0x00000214   Zero   RW          647    .bss                venus_peri.o
    0x2000269c        -       0x00000020   Zero   RW          814    .bss                bsp.o
    0x200026bc        -       0x00000020   Zero   RW          815    .bss                bsp.o
    0x200026dc        -       0x00000020   Zero   RW          816    .bss                bsp.o
    0x200026fc        -       0x00000103   Zero   RW         1090    .bss                ble_advertising.o
    0x200027ff   COMPRESSED   0x00000001   PAD
    0x20002800        -       0x00000020   Zero   RW         1182    .bss                ble_conn_params.o
    0x20002820        -       0x0000001c   Zero   RW         1183    .bss                ble_conn_params.o
    0x2000283c        -       0x00000127   Zero   RW         1380    .bss                device_manager_peripheral.o
    0x20002963   COMPRESSED   0x00000001   PAD
    0x20002964        -       0x00000020   Zero   RW         1611    .bss                app_uart_fifo.o
    0x20002984        -       0x00000048   Zero   RW         1780    .bss                nrf_drv_gpiote.o
    0x200029cc        -       0x0000001c   Zero   RW         1985    .bss                nrf_drv_uart.o
    0x200029e8        -       0x000000d8   Zero   RW         2169    .bss                pstorage.o
    0x20002ac0        -       0x00000020   Zero   RW         2379    .bss                app_button.o
    0x20002ae0        -       0x00000058   Zero   RW         2758    .bss                fstorage.o
    0x20002b38        -       0x00000800   Zero   RW         3186    STACK               arm_startup_nrf51.o


==============================================================================

Image component sizes


      Code (inc. data)   RO Data    RW Data    ZI Data      Debug   Object Name

       328         34          8         20         32       8874   app_button.o
        24          4          0          0          0       2205   app_error.o
        28         10          0          0          0        690   app_error_weak.o
       122          0          0          0          0       4202   app_fifo.o
      1696        150          0         32          0      30379   app_timer.o
        12          0          0          0          0       1237   app_trace.o
       392         34         32          8         32      12867   app_uart_fifo.o
        56         18        192          0       2048        700   arm_startup_nrf51.o
      1588          6          0          0          0      20100   ble_advdata.o
      1098         44          0         31        259      17209   ble_advertising.o
       460         58          4         20         60      13372   ble_conn_params.o
       562         12         16          0          0       6562   ble_nus.o
      1014        124         24         24         96      23685   bsp.o
       284         10          0          8          0      37477   bsp_btn_ble.o
      2816        200         48         24        295      32041   device_manager_peripheral.o
        24          6          0          0         88       3728   fstorage.o
       220         32          0          4        456      83328   main.o
        58          4          0          0          0       1747   nrf_delay.o
        96         18          0          0          0       8596   nrf_drv_common.o
      1260        158          0          0         72      27379   nrf_drv_gpiote.o
      1216        140         32          0         28      26070   nrf_drv_uart.o
      2830        262         40         36        216      38574   pstorage.o
        14          0          0          4          0       2790   retarget.o
       468         62          0         28          0      23553   softdevice_handler.o
       232         36          0          4          0       2315   system_nrf51.o
      1432        306          8         24        116      23096   venus_app.o
      1584        312         77         17        160      35963   venus_ble.o
       828         94         24         12        532      30379   venus_peri.o

    ----------------------------------------------------------------------
     20782       2134        540        300       4492     519118   Object Totals
         0          0         32          0          0          0   (incl. Generated)
        40          0          3          4          2          0   (incl. Padding)

    ----------------------------------------------------------------------

      Code (inc. data)   RO Data    RW Data    ZI Data      Debug   Library Member Name

        58          0          0          0          0          0   __dczerorl.o
         0          0          0          0          0          0   entry.o
         0          0          0          0          0          0   entry10a.o
         0          0          0          0          0          0   entry11a.o
         8          4          0          0          0          0   entry2.o
         4          0          0          0          0          0   entry5.o
         0          0          0          0          0          0   entry7b.o
         0          0          0          0          0          0   entry8b.o
         8          4          0          0          0          0   entry9a.o
        30          0          0          0          0          0   handlers.o
        40          0          0          0          0         72   idiv.o
        36          8          0          0          0         68   init.o
        32          0          0          0          0         68   llshl.o
        34          0          0          0          0         68   llushr.o
        26          0          0          0          0         72   memcmp.o
        36          0          0          0          0         60   memcpya.o
        36          0          0          0          0        100   memseta.o
       764         52          0          0          0        168   printf5.o
        26          0          0          0          0         68   strncpy.o
        44          0          0          0          0         72   uidiv.o
        96          0          0          0          0         84   uldiv.o

    ----------------------------------------------------------------------
      1278         68          0          0          0        900   Library Totals
         0          0          0          0          0          0   (incl. Padding)

    ----------------------------------------------------------------------

      Code (inc. data)   RO Data    RW Data    ZI Data      Debug   Library Name

      1278         68          0          0          0        900   mc_p.l

    ----------------------------------------------------------------------
      1278         68          0          0          0        900   Library Totals

    ----------------------------------------------------------------------

==============================================================================


      Code (inc. data)   RO Data    RW Data    ZI Data      Debug   

     22060       2202        540        300       4492     508030   Grand Totals
     22060       2202        540         20       4492     508030   ELF Image Totals (compressed)
     22060       2202        540         20          0          0   ROM Totals

==============================================================================

    Total RO  Size (Code + RO Data)                22600 (  22.07kB)
    Total RW  Size (RW Data + ZI Data)              4792 (   4.68kB)
    Total ROM Size (Code + RO Data + RW Data)      22620 (  22.09kB)

==============================================================================

